###############################################################################
#
# IAR ELF Linker V8.42.1.233/W32 for ARM                  15/Mar/2021  15:26:15
# Copyright 2007-2019 IAR Systems AB.
#
#    Output file  =
#        C:\Users\312005216\Box
#        Sync\GitHub\DK0499_POC\EWARM\DK0499\Exe\DK0499.out
#    Map file     =
#        C:\Users\312005216\Box
#        Sync\GitHub\DK0499_POC\EWARM\DK0499\List\DK0499.map
#    Command line =
#        -f C:\Users\312005~1\AppData\Local\Temp\EW5A74.tmp
#        ("C:\Users\312005216\Box
#        Sync\GitHub\DK0499_POC\EWARM\DK0499\Obj\Application.o"
#        "C:\Users\312005216\Box
#        Sync\GitHub\DK0499_POC\EWARM\DK0499\Obj\bsp_cpu.o"
#        "C:\Users\312005216\Box
#        Sync\GitHub\DK0499_POC\EWARM\DK0499\Obj\bsp_os.o"
#        "C:\Users\312005216\Box
#        Sync\GitHub\DK0499_POC\EWARM\DK0499\Obj\cBL652.o"
#        "C:\Users\312005216\Box
#        Sync\GitHub\DK0499_POC\EWARM\DK0499\Obj\cDateTime.o"
#        "C:\Users\312005216\Box
#        Sync\GitHub\DK0499_POC\EWARM\DK0499\Obj\cLPS22HH.o"
#        "C:\Users\312005216\Box
#        Sync\GitHub\DK0499_POC\EWARM\DK0499\Obj\cpu_a.o"
#        "C:\Users\312005216\Box
#        Sync\GitHub\DK0499_POC\EWARM\DK0499\Obj\cpu_c.o"
#        "C:\Users\312005216\Box
#        Sync\GitHub\DK0499_POC\EWARM\DK0499\Obj\cpu_core.o"
#        "C:\Users\312005216\Box Sync\GitHub\DK0499_POC\EWARM\DK0499\Obj\crc.o"
#        "C:\Users\312005216\Box
#        Sync\GitHub\DK0499_POC\EWARM\DK0499\Obj\cRtc.o"
#        "C:\Users\312005216\Box
#        Sync\GitHub\DK0499_POC\EWARM\DK0499\Obj\cUartBluetooth.o"
#        "C:\Users\312005216\Box
#        Sync\GitHub\DK0499_POC\EWARM\DK0499\Obj\DAmcSensorData.o"
#        "C:\Users\312005216\Box
#        Sync\GitHub\DK0499_POC\EWARM\DK0499\Obj\DBattery.o"
#        "C:\Users\312005216\Box
#        Sync\GitHub\DK0499_POC\EWARM\DK0499\Obj\DBinaryParser.o"
#        "C:\Users\312005216\Box
#        Sync\GitHub\DK0499_POC\EWARM\DK0499\Obj\DCalibration.o"
#        "C:\Users\312005216\Box
#        Sync\GitHub\DK0499_POC\EWARM\DK0499\Obj\DComms.o"
#        "C:\Users\312005216\Box
#        Sync\GitHub\DK0499_POC\EWARM\DK0499\Obj\DCommsBluetooth.o"
#        "C:\Users\312005216\Box
#        Sync\GitHub\DK0499_POC\EWARM\DK0499\Obj\DCommsFsm.o"
#        "C:\Users\312005216\Box
#        Sync\GitHub\DK0499_POC\EWARM\DK0499\Obj\DCommsFsmBluetooth.o"
#        "C:\Users\312005216\Box
#        Sync\GitHub\DK0499_POC\EWARM\DK0499\Obj\DCommsFsmOwi.o"
#        "C:\Users\312005216\Box
#        Sync\GitHub\DK0499_POC\EWARM\DK0499\Obj\DCommsFsmUsb.o"
#        "C:\Users\312005216\Box
#        Sync\GitHub\DK0499_POC\EWARM\DK0499\Obj\DCommsOwi.o"
#        "C:\Users\312005216\Box
#        Sync\GitHub\DK0499_POC\EWARM\DK0499\Obj\DCommsState.o"
#        "C:\Users\312005216\Box
#        Sync\GitHub\DK0499_POC\EWARM\DK0499\Obj\DCommsStateBluetoothIdle.o"
#        "C:\Users\312005216\Box
#        Sync\GitHub\DK0499_POC\EWARM\DK0499\Obj\DCommsStateDuci.o"
#        "C:\Users\312005216\Box
#        Sync\GitHub\DK0499_POC\EWARM\DK0499\Obj\DCommsStateLocal.o"
#        "C:\Users\312005216\Box
#        Sync\GitHub\DK0499_POC\EWARM\DK0499\Obj\DCommsStateProdTest.o"
#        "C:\Users\312005216\Box
#        Sync\GitHub\DK0499_POC\EWARM\DK0499\Obj\DCommsStateRemote.o"
#        "C:\Users\312005216\Box
#        Sync\GitHub\DK0499_POC\EWARM\DK0499\Obj\DCommsStateRemoteBluetooth.o"
#        "C:\Users\312005216\Box
#        Sync\GitHub\DK0499_POC\EWARM\DK0499\Obj\DCommsStateRemoteOwi.o"
#        "C:\Users\312005216\Box
#        Sync\GitHub\DK0499_POC\EWARM\DK0499\Obj\DCommsStateRemoteUsb.o"
#        "C:\Users\312005216\Box
#        Sync\GitHub\DK0499_POC\EWARM\DK0499\Obj\DCommsStateUsbIdle.o"
#        "C:\Users\312005216\Box
#        Sync\GitHub\DK0499_POC\EWARM\DK0499\Obj\DCommsUsb.o"
#        "C:\Users\312005216\Box
#        Sync\GitHub\DK0499_POC\EWARM\DK0499\Obj\DDevice.o"
#        "C:\Users\312005216\Box
#        Sync\GitHub\DK0499_POC\EWARM\DK0499\Obj\DDeviceSerial.o"
#        "C:\Users\312005216\Box
#        Sync\GitHub\DK0499_POC\EWARM\DK0499\Obj\DDeviceSerialBluetooth.o"
#        "C:\Users\312005216\Box
#        Sync\GitHub\DK0499_POC\EWARM\DK0499\Obj\DDeviceSerialOwiInterface1.o"
#        "C:\Users\312005216\Box
#        Sync\GitHub\DK0499_POC\EWARM\DK0499\Obj\DDeviceSerialOwiInterface2.o"
#        "C:\Users\312005216\Box
#        Sync\GitHub\DK0499_POC\EWARM\DK0499\Obj\DDeviceSerialSlaveMicroController.o"
#        "C:\Users\312005216\Box
#        Sync\GitHub\DK0499_POC\EWARM\DK0499\Obj\DDeviceSerialUSB.o"
#        "C:\Users\312005216\Box
#        Sync\GitHub\DK0499_POC\EWARM\DK0499\Obj\DErrorHandler.o"
#        "C:\Users\312005216\Box
#        Sync\GitHub\DK0499_POC\EWARM\DK0499\Obj\DFilter.o"
#        "C:\Users\312005216\Box
#        Sync\GitHub\DK0499_POC\EWARM\DK0499\Obj\DFilterAdaptive.o"
#        "C:\Users\312005216\Box
#        Sync\GitHub\DK0499_POC\EWARM\DK0499\Obj\DFunction.o"
#        "C:\Users\312005216\Box
#        Sync\GitHub\DK0499_POC\EWARM\DK0499\Obj\DFunctionMeasure.o"
#        "C:\Users\312005216\Box
#        Sync\GitHub\DK0499_POC\EWARM\DK0499\Obj\DFunctionMeasureAndControl.o"
#        "C:\Users\312005216\Box
#        Sync\GitHub\DK0499_POC\EWARM\DK0499\Obj\DInstrument.o"
#        "C:\Users\312005216\Box
#        Sync\GitHub\DK0499_POC\EWARM\DK0499\Obj\DKeyHandler.o"
#        "C:\Users\312005216\Box
#        Sync\GitHub\DK0499_POC\EWARM\DK0499\Obj\DLock.o"
#        "C:\Users\312005216\Box
#        Sync\GitHub\DK0499_POC\EWARM\DK0499\Obj\DOwiParse.o"
#        "C:\Users\312005216\Box
#        Sync\GitHub\DK0499_POC\EWARM\DK0499\Obj\DParse.o"
#        "C:\Users\312005216\Box
#        Sync\GitHub\DK0499_POC\EWARM\DK0499\Obj\DParseMaster.o"
#        "C:\Users\312005216\Box
#        Sync\GitHub\DK0499_POC\EWARM\DK0499\Obj\DParseSlave.o"
#        "C:\Users\312005216\Box
#        Sync\GitHub\DK0499_POC\EWARM\DK0499\Obj\DPersistent.o"
#        "C:\Users\312005216\Box
#        Sync\GitHub\DK0499_POC\EWARM\DK0499\Obj\DPowerManager.o"
#        "C:\Users\312005216\Box
#        Sync\GitHub\DK0499_POC\EWARM\DK0499\Obj\DPressureCompensation.o"
#        "C:\Users\312005216\Box
#        Sync\GitHub\DK0499_POC\EWARM\DK0499\Obj\DProductionTest.o"
#        "C:\Users\312005216\Box
#        Sync\GitHub\DK0499_POC\EWARM\DK0499\Obj\DPV624.o"
#        "C:\Users\312005216\Box
#        Sync\GitHub\DK0499_POC\EWARM\DK0499\Obj\DSensor.o"
#        "C:\Users\312005216\Box
#        Sync\GitHub\DK0499_POC\EWARM\DK0499\Obj\DSensorChipBarometer.o"
#        "C:\Users\312005216\Box
#        Sync\GitHub\DK0499_POC\EWARM\DK0499\Obj\DSensorExternal.o"
#        "C:\Users\312005216\Box
#        Sync\GitHub\DK0499_POC\EWARM\DK0499\Obj\DSensorOwi.o"
#        "C:\Users\312005216\Box
#        Sync\GitHub\DK0499_POC\EWARM\DK0499\Obj\DSensorOwiAmc.o"
#        "C:\Users\312005216\Box
#        Sync\GitHub\DK0499_POC\EWARM\DK0499\Obj\DSensorTemperature.o"
#        "C:\Users\312005216\Box
#        Sync\GitHub\DK0499_POC\EWARM\DK0499\Obj\DSlot.o"
#        "C:\Users\312005216\Box
#        Sync\GitHub\DK0499_POC\EWARM\DK0499\Obj\DSlotExternal.o"
#        "C:\Users\312005216\Box
#        Sync\GitHub\DK0499_POC\EWARM\DK0499\Obj\DSlotMeasureBarometer.o"
#        "C:\Users\312005216\Box
#        Sync\GitHub\DK0499_POC\EWARM\DK0499\Obj\DSlotMeasurePressureExt.o"
#        "C:\Users\312005216\Box
#        Sync\GitHub\DK0499_POC\EWARM\DK0499\Obj\DSlotSwitch.o"
#        "C:\Users\312005216\Box
#        Sync\GitHub\DK0499_POC\EWARM\DK0499\Obj\dspin.o"
#        "C:\Users\312005216\Box
#        Sync\GitHub\DK0499_POC\EWARM\DK0499\Obj\DStepperMotor.o"
#        "C:\Users\312005216\Box
#        Sync\GitHub\DK0499_POC\EWARM\DK0499\Obj\DTask.o"
#        "C:\Users\312005216\Box
#        Sync\GitHub\DK0499_POC\EWARM\DK0499\Obj\DUserInterface.o"
#        "C:\Users\312005216\Box
#        Sync\GitHub\DK0499_POC\EWARM\DK0499\Obj\DValve.o"
#        "C:\Users\312005216\Box
#        Sync\GitHub\DK0499_POC\EWARM\DK0499\Obj\DVoltageMonitor.o"
#        "C:\Users\312005216\Box
#        Sync\GitHub\DK0499_POC\EWARM\DK0499\Obj\EEPROM.o"
#        "C:\Users\312005216\Box Sync\GitHub\DK0499_POC\EWARM\DK0499\Obj\i2c.o"
#        "C:\Users\312005216\Box
#        Sync\GitHub\DK0499_POC\EWARM\DK0499\Obj\lib_ascii.o"
#        "C:\Users\312005216\Box
#        Sync\GitHub\DK0499_POC\EWARM\DK0499\Obj\lib_math.o"
#        "C:\Users\312005216\Box
#        Sync\GitHub\DK0499_POC\EWARM\DK0499\Obj\lib_mem.o"
#        "C:\Users\312005216\Box
#        Sync\GitHub\DK0499_POC\EWARM\DK0499\Obj\lib_str.o"
#        "C:\Users\312005216\Box
#        Sync\GitHub\DK0499_POC\EWARM\DK0499\Obj\main.o"
#        "C:\Users\312005216\Box
#        Sync\GitHub\DK0499_POC\EWARM\DK0499\Obj\MainApp.o"
#        "C:\Users\312005216\Box
#        Sync\GitHub\DK0499_POC\EWARM\DK0499\Obj\memory.o"
#        "C:\Users\312005216\Box
#        Sync\GitHub\DK0499_POC\EWARM\DK0499\Obj\os_app_hooks.o"
#        "C:\Users\312005216\Box
#        Sync\GitHub\DK0499_POC\EWARM\DK0499\Obj\os_cfg_app.o"
#        "C:\Users\312005216\Box
#        Sync\GitHub\DK0499_POC\EWARM\DK0499\Obj\os_core.o"
#        "C:\Users\312005216\Box
#        Sync\GitHub\DK0499_POC\EWARM\DK0499\Obj\os_cpu_a.o"
#        "C:\Users\312005216\Box
#        Sync\GitHub\DK0499_POC\EWARM\DK0499\Obj\os_cpu_c.o"
#        "C:\Users\312005216\Box
#        Sync\GitHub\DK0499_POC\EWARM\DK0499\Obj\os_dbg.o"
#        "C:\Users\312005216\Box
#        Sync\GitHub\DK0499_POC\EWARM\DK0499\Obj\os_flag.o"
#        "C:\Users\312005216\Box
#        Sync\GitHub\DK0499_POC\EWARM\DK0499\Obj\os_mem.o"
#        "C:\Users\312005216\Box
#        Sync\GitHub\DK0499_POC\EWARM\DK0499\Obj\os_msg.o"
#        "C:\Users\312005216\Box
#        Sync\GitHub\DK0499_POC\EWARM\DK0499\Obj\os_mutex.o"
#        "C:\Users\312005216\Box
#        Sync\GitHub\DK0499_POC\EWARM\DK0499\Obj\os_prio.o"
#        "C:\Users\312005216\Box
#        Sync\GitHub\DK0499_POC\EWARM\DK0499\Obj\os_q.o"
#        "C:\Users\312005216\Box
#        Sync\GitHub\DK0499_POC\EWARM\DK0499\Obj\os_sem.o"
#        "C:\Users\312005216\Box
#        Sync\GitHub\DK0499_POC\EWARM\DK0499\Obj\os_stat.o"
#        "C:\Users\312005216\Box
#        Sync\GitHub\DK0499_POC\EWARM\DK0499\Obj\os_task.o"
#        "C:\Users\312005216\Box
#        Sync\GitHub\DK0499_POC\EWARM\DK0499\Obj\os_tick.o"
#        "C:\Users\312005216\Box
#        Sync\GitHub\DK0499_POC\EWARM\DK0499\Obj\os_time.o"
#        "C:\Users\312005216\Box
#        Sync\GitHub\DK0499_POC\EWARM\DK0499\Obj\os_tmr.o"
#        "C:\Users\312005216\Box
#        Sync\GitHub\DK0499_POC\EWARM\DK0499\Obj\os_var.o"
#        "C:\Users\312005216\Box
#        Sync\GitHub\DK0499_POC\EWARM\DK0499\Obj\OSPI_NOR_MX25L25645.o"
#        "C:\Users\312005216\Box Sync\GitHub\DK0499_POC\EWARM\DK0499\Obj\spi.o"
#        "C:\Users\312005216\Box
#        Sync\GitHub\DK0499_POC\EWARM\DK0499\Obj\startup_stm32l4r5xx.o"
#        "C:\Users\312005216\Box
#        Sync\GitHub\DK0499_POC\EWARM\DK0499\Obj\stm32l4xx_hal.o"
#        "C:\Users\312005216\Box
#        Sync\GitHub\DK0499_POC\EWARM\DK0499\Obj\stm32l4xx_hal_adc.o"
#        "C:\Users\312005216\Box
#        Sync\GitHub\DK0499_POC\EWARM\DK0499\Obj\stm32l4xx_hal_adc_ex.o"
#        "C:\Users\312005216\Box
#        Sync\GitHub\DK0499_POC\EWARM\DK0499\Obj\stm32l4xx_hal_cortex.o"
#        "C:\Users\312005216\Box
#        Sync\GitHub\DK0499_POC\EWARM\DK0499\Obj\stm32l4xx_hal_crc.o"
#        "C:\Users\312005216\Box
#        Sync\GitHub\DK0499_POC\EWARM\DK0499\Obj\stm32l4xx_hal_crc_ex.o"
#        "C:\Users\312005216\Box
#        Sync\GitHub\DK0499_POC\EWARM\DK0499\Obj\stm32l4xx_hal_dma.o"
#        "C:\Users\312005216\Box
#        Sync\GitHub\DK0499_POC\EWARM\DK0499\Obj\stm32l4xx_hal_dma_ex.o"
#        "C:\Users\312005216\Box
#        Sync\GitHub\DK0499_POC\EWARM\DK0499\Obj\stm32l4xx_hal_exti.o"
#        "C:\Users\312005216\Box
#        Sync\GitHub\DK0499_POC\EWARM\DK0499\Obj\stm32l4xx_hal_flash.o"
#        "C:\Users\312005216\Box
#        Sync\GitHub\DK0499_POC\EWARM\DK0499\Obj\stm32l4xx_hal_flash_ex.o"
#        "C:\Users\312005216\Box
#        Sync\GitHub\DK0499_POC\EWARM\DK0499\Obj\stm32l4xx_hal_flash_ramfunc.o"
#        "C:\Users\312005216\Box
#        Sync\GitHub\DK0499_POC\EWARM\DK0499\Obj\stm32l4xx_hal_gpio.o"
#        "C:\Users\312005216\Box
#        Sync\GitHub\DK0499_POC\EWARM\DK0499\Obj\stm32l4xx_hal_i2c.o"
#        "C:\Users\312005216\Box
#        Sync\GitHub\DK0499_POC\EWARM\DK0499\Obj\stm32l4xx_hal_i2c_ex.o"
#        "C:\Users\312005216\Box
#        Sync\GitHub\DK0499_POC\EWARM\DK0499\Obj\stm32l4xx_hal_lptim.o"
#        "C:\Users\312005216\Box
#        Sync\GitHub\DK0499_POC\EWARM\DK0499\Obj\stm32l4xx_hal_msp.o"
#        "C:\Users\312005216\Box
#        Sync\GitHub\DK0499_POC\EWARM\DK0499\Obj\stm32l4xx_hal_ospi.o"
#        "C:\Users\312005216\Box
#        Sync\GitHub\DK0499_POC\EWARM\DK0499\Obj\stm32l4xx_hal_pcd.o"
#        "C:\Users\312005216\Box
#        Sync\GitHub\DK0499_POC\EWARM\DK0499\Obj\stm32l4xx_hal_pcd_ex.o"
#        "C:\Users\312005216\Box
#        Sync\GitHub\DK0499_POC\EWARM\DK0499\Obj\stm32l4xx_hal_pwr.o"
#        "C:\Users\312005216\Box
#        Sync\GitHub\DK0499_POC\EWARM\DK0499\Obj\stm32l4xx_hal_pwr_ex.o"
#        "C:\Users\312005216\Box
#        Sync\GitHub\DK0499_POC\EWARM\DK0499\Obj\stm32l4xx_hal_rcc.o"
#        "C:\Users\312005216\Box
#        Sync\GitHub\DK0499_POC\EWARM\DK0499\Obj\stm32l4xx_hal_rcc_ex.o"
#        "C:\Users\312005216\Box
#        Sync\GitHub\DK0499_POC\EWARM\DK0499\Obj\stm32l4xx_hal_rtc.o"
#        "C:\Users\312005216\Box
#        Sync\GitHub\DK0499_POC\EWARM\DK0499\Obj\stm32l4xx_hal_rtc_ex.o"
#        "C:\Users\312005216\Box
#        Sync\GitHub\DK0499_POC\EWARM\DK0499\Obj\stm32l4xx_hal_smbus.o"
#        "C:\Users\312005216\Box
#        Sync\GitHub\DK0499_POC\EWARM\DK0499\Obj\stm32l4xx_hal_spi.o"
#        "C:\Users\312005216\Box
#        Sync\GitHub\DK0499_POC\EWARM\DK0499\Obj\stm32l4xx_hal_spi_ex.o"
#        "C:\Users\312005216\Box
#        Sync\GitHub\DK0499_POC\EWARM\DK0499\Obj\stm32l4xx_hal_tim.o"
#        "C:\Users\312005216\Box
#        Sync\GitHub\DK0499_POC\EWARM\DK0499\Obj\stm32l4xx_hal_tim_ex.o"
#        "C:\Users\312005216\Box
#        Sync\GitHub\DK0499_POC\EWARM\DK0499\Obj\stm32l4xx_hal_uart.o"
#        "C:\Users\312005216\Box
#        Sync\GitHub\DK0499_POC\EWARM\DK0499\Obj\stm32l4xx_hal_uart_ex.o"
#        "C:\Users\312005216\Box
#        Sync\GitHub\DK0499_POC\EWARM\DK0499\Obj\stm32l4xx_it.o"
#        "C:\Users\312005216\Box
#        Sync\GitHub\DK0499_POC\EWARM\DK0499\Obj\stm32l4xx_ll_usb.o"
#        "C:\Users\312005216\Box
#        Sync\GitHub\DK0499_POC\EWARM\DK0499\Obj\system_stm32l4xx.o"
#        "C:\Users\312005216\Box
#        Sync\GitHub\DK0499_POC\EWARM\DK0499\Obj\uart.o"
#        "C:\Users\312005216\Box
#        Sync\GitHub\DK0499_POC\EWARM\DK0499\Obj\usb_device.o"
#        "C:\Users\312005216\Box
#        Sync\GitHub\DK0499_POC\EWARM\DK0499\Obj\usbd_cdc.o"
#        "C:\Users\312005216\Box
#        Sync\GitHub\DK0499_POC\EWARM\DK0499\Obj\usbd_cdc_if.o"
#        "C:\Users\312005216\Box
#        Sync\GitHub\DK0499_POC\EWARM\DK0499\Obj\usbd_conf.o"
#        "C:\Users\312005216\Box
#        Sync\GitHub\DK0499_POC\EWARM\DK0499\Obj\usbd_core.o"
#        "C:\Users\312005216\Box
#        Sync\GitHub\DK0499_POC\EWARM\DK0499\Obj\usbd_ctlreq.o"
#        "C:\Users\312005216\Box
#        Sync\GitHub\DK0499_POC\EWARM\DK0499\Obj\usbd_desc.o"
#        "C:\Users\312005216\Box
#        Sync\GitHub\DK0499_POC\EWARM\DK0499\Obj\usbd_ioreq.o"
#        "C:\Users\312005216\Box
#        Sync\GitHub\DK0499_POC\EWARM\DK0499\Obj\usbd_msc.o"
#        "C:\Users\312005216\Box
#        Sync\GitHub\DK0499_POC\EWARM\DK0499\Obj\usbd_msc_bot.o"
#        "C:\Users\312005216\Box
#        Sync\GitHub\DK0499_POC\EWARM\DK0499\Obj\usbd_msc_data.o"
#        "C:\Users\312005216\Box
#        Sync\GitHub\DK0499_POC\EWARM\DK0499\Obj\usbd_msc_scsi.o"
#        "C:\Users\312005216\Box
#        Sync\GitHub\DK0499_POC\EWARM\DK0499\Obj\usbd_msc_storage_template.o"
#        "C:\Users\312005216\Box
#        Sync\GitHub\DK0499_POC\EWARM\DK0499\Obj\usbd_storage_if.o"
#        "C:\Users\312005216\Box
#        Sync\GitHub\DK0499_POC\EWARM\DK0499\Obj\Utilities.o" --redirect
#        _Printf=_PrintfFull --redirect _Scanf=_ScanfFull
#        --misrac2004=required,~1.1,~2.2,~5.1,~8.6,~17.4,~18.4
#        --no_out_extension -o "C:\Users\312005216\Box
#        Sync\GitHub\DK0499_POC\EWARM\DK0499\Exe\DK0499.out" --map
#        "C:\Users\312005216\Box
#        Sync\GitHub\DK0499_POC\EWARM\DK0499\List\DK0499.map" --config
#        "C:\Users\312005216\Box
#        Sync\GitHub\DK0499_POC\EWARM/stm32l4r5xx_flash.icf" --diag_suppress
#        Li013 --semihosting --entry __iar_program_start --vfe=forced
#        --text_out locale)
#
###############################################################################

*******************************************************************************
*** RUNTIME MODEL ATTRIBUTES
***

CppFlavor        = *
__CPP_Exceptions = Disabled
__CPP_Language   = C++14
__Heap_Handler   = DLMalloc
__SystemLibrary  = DLib
__dlib_version   = 6


*******************************************************************************
*** HEAP SELECTION
***

The advanced heap was selected because the application calls memory
allocation functions outside of system library functions, and there
are calls to deallocation functions in the application.


*******************************************************************************
*** PLACEMENT SUMMARY
***

"A0":  place at address 0x800'0000 { ro section .intvec };
"P1":  place in [from 0x800'0000 to 0x81f'ffff] { ro };
define block CSTACK with size = 68K, alignment = 8 { };
define block HEAP with size = 64K, alignment = 8 { };
"P2":  place in [from 0x2000'0000 to 0x2009'ffff] {
          rw, block CSTACK, block HEAP };
initialize by copy { rw };

  Section            Kind         Address      Size  Object
  -------            ----         -------      ----  ------
"A0":                                         0x1bc
  .intvec            ro code   0x800'0000     0x1bc  startup_stm32l4r5xx.o [1]
                             - 0x800'01bc     0x1bc

"P1":                                      0x1'd8dd
  .text              ro code   0x800'01bc    0x1ce4  dlmalloc.o [2]
  .text              ro code   0x800'1ea0       0x6  abort.o [2]
  .text              ro code   0x800'1ea6      0x3a  zero_init3.o [5]
  .text              ro code   0x800'1ee0      0x2c  xgetmemchunk.o [2]
  .text              ro code   0x800'1f0c      0xa6  ABImemcpy.o [5]
  .text              ro code   0x800'1fb2      0x1e  xencoding_8859_1.o [2]
  .text              ro code   0x800'1fd0      0x14  exit.o [6]
  .text              ro code   0x800'1fe4      0x2c  iarttio.o [6]
  .text              ro code   0x800'2010       0x8  XShttio.o [2]
  .text              ro code   0x800'2018    0x1326  stm32l4xx_hal_i2c.o [1]
  .text              ro code   0x800'333e      0x1a  xsnprout.o [2]
  .text              ro code   0x800'3358     0x910  stm32l4xx_hal_msp.o [1]
  .text              ro code   0x800'3c68       0xc  stm32l4xx_hal.o [1]
  .text              ro code   0x800'3c74       0x2  stm32l4xx_hal_i2c.o [1]
  .text              ro code   0x800'3c76       0xa  xsprout.o [2]
  .text              ro code   0x800'3c80     0x458  i2c.o [1]
  .text              ro code   0x800'40d8       0x2  stm32l4xx_hal_i2c.o [1]
  .text              ro code   0x800'40da       0x2  stm32l4xx_hal_i2c.o [1]
  .text              ro code   0x800'40dc       0x2  stm32l4xx_hal_i2c.o [1]
  .rodata            const     0x800'40de       0x2  os_cfg_app.o [1]
  .text              ro code   0x800'40e0     0x344  stm32l4xx_hal_dma.o [1]
  .text              ro code   0x800'4424       0x2  stm32l4xx_hal_i2c.o [1]
  .text              ro code   0x800'4426       0x2  stm32l4xx_hal_i2c.o [1]
  .text              ro code   0x800'4428     0x300  stm32l4xx_hal_gpio.o [1]
  .text              ro code   0x800'4728     0x96e  main.o [1]
  .rodata            const     0x800'5096       0x2  xlocale_c.o [2]
  .text              ro code   0x800'5098      0xe8  stm32l4xx_hal_cortex.o [1]
  .text              ro code   0x800'5180      0xec  stm32l4xx_hal_pwr_ex.o [1]
  .text              ro code   0x800'526c      0x14  memset.o [5]
  .text              ro code   0x800'5280     0x2a4  os_sem.o [1]
  .text              ro code   0x800'5524     0x380  os_mutex.o [1]
  .text              ro code   0x800'58a4     0x148  os_time.o [1]
  .text              ro code   0x800'59ec     0x6c0  os_core.o [1]
  CODE               ro code   0x800'60ac      0x54  cpu_a.o [1]
  .text              ro code   0x800'6100     0x3ce  DKeyHandler.o [1]
  .rodata            const     0x800'64ce       0x2  xlocale_c.o [2]
  .text              ro code   0x800'64d0      0x1e  stm32l4xx_hal.o [1]
  .rodata            const     0x800'64ee       0x1  cLPS22HH.o [1]
  .rodata            const     0x800'64ef       0x1  cLPS22HH.o [1]
  .text              ro code   0x800'64f0      0xb4  usb_device.o [1]
  .text              ro code   0x800'65a4     0x762  stm32l4xx_hal_adc.o [1]
  .rodata            const     0x800'6d06       0x1  cLPS22HH.o [1]
  .rodata            const     0x800'6d07       0x1  cLPS22HH.o [1]
  .text              ro code   0x800'6d08      0x7e  stm32l4xx_hal_i2c_ex.o [1]
  .rodata            const     0x800'6d86       0x1  cLPS22HH.o [1]
  .rodata            const     0x800'6d87       0x1  cLPS22HH.o [1]
  .text              ro code   0x800'6d88     0xa58  stm32l4xx_hal_ospi.o [1]
  .text              ro code   0x800'77e0     0x206  stm32l4xx_hal_spi.o [1]
  .rodata            const     0x800'79e6       0x1  cLPS22HH.o [1]
  .rodata            const     0x800'79e7       0x1  cLPS22HH.o [1]
  .text              ro code   0x800'79e8     0xbf4  stm32l4xx_hal_uart.o [1]
  .text              ro code   0x800'85dc     0x112  stm32l4xx_hal_uart_ex.o [1]
  .rodata            const     0x800'86ee       0x1  cLPS22HH.o [1]
  .rodata            const     0x800'86ef       0x1  cLPS22HH.o [1]
  .text              ro code   0x800'86f0     0x91e  stm32l4xx_hal_tim.o [1]
  .rodata            const     0x800'900e       0x1  os_cfg_app.o [1]
  .rodata            const     0x800'900f       0x1  unwind_debug.o [6]
  .text              ro code   0x800'9010     0x11c  stm32l4xx_hal_tim_ex.o [1]
  .text              ro code   0x800'912c     0x204  stm32l4xx_hal_lptim.o [1]
  .text              ro code   0x800'9330     0x3a2  stm32l4xx_hal_rtc.o [1]
  .rodata            const     0x800'96d2       0x1  xlocale_c.o [2]
  .text              ro code   0x800'96d4      0xa4  MainApp.o [1]
  .text              ro code   0x800'9778      0x1c  stm32l4xx_hal_pwr.o [1]
  .text              ro code   0x800'9794     0x7d8  stm32l4xx_hal_rcc.o [1]
  .text              ro code   0x800'9f6c     0x58c  stm32l4xx_hal_rcc_ex.o [1]
  .text              ro code   0x800'a4f8      0x7c  stm32l4xx_hal_crc.o [1]
  .text              ro code   0x800'a574      0x66  ABImemset.o [5]
  .text              ro code   0x800'a5dc     0x4d0  os_task.o [1]
  .text              ro code   0x800'aaac      0x80  os_prio.o [1]
  .text              ro code   0x800'ab2c     0x2d8  os_tick.o [1]
  .text              ro code   0x800'ae04     0x2c4  os_cpu_c.o [1]
  .text              ro code   0x800'b0c8       0x6  ABImemclr4.o [5]
  .text              ro code   0x800'b0d0     0x138  os_mem.o [1]
  .text              ro code   0x800'b208      0xac  os_msg.o [1]
  .text              ro code   0x800'b2b4     0x3fc  os_tmr.o [1]
  .text              ro code   0x800'b6b0     0x2a4  os_dbg.o [1]
  .text              ro code   0x800'b954       0x2  os_cfg_app.o [1]
  CODE               ro code   0x800'b958     0x120  os_cpu_a.o [1]
  .text              ro code   0x800'ba78     0x14c  bsp_os.o [1]
  .text              ro code   0x800'bbc4     0x15e  DTask.o [1]
  .text              ro code   0x800'bd22       0x4  newaop_0.o [3]
  .text              ro code   0x800'bd28      0x3e  DErrorHandler.o [1]
  .text              ro code   0x800'bd68     0x588  DPowerManager.o [1]
  .text              ro code   0x800'c2f0      0x44  stm32l4xx_hal.o [1]
  .text              ro code   0x800'c334     0x298  usbd_cdc_if.o [1]
  .text              ro code   0x800'c5cc      0x24  ABIassert.o [6]
  .text              ro code   0x800'c5f0     0x29a  usbd_core.o [1]
  .text              ro code   0x800'c88c     0x2ec  usbd_cdc.o [1]
  .text              ro code   0x800'cb78       0x2  stm32l4xx_hal_adc.o [1]
  .text              ro code   0x800'cb7a       0x2  stm32l4xx_hal_adc.o [1]
  .text              ro code   0x800'cb7c       0x2  stm32l4xx_hal_adc.o [1]
  .text              ro code   0x800'cb7e       0x2  stm32l4xx_hal_ospi.o [1]
  .text              ro code   0x800'cb80       0x2  stm32l4xx_hal_ospi.o [1]
  .text              ro code   0x800'cb82       0x2  stm32l4xx_hal_ospi.o [1]
  .text              ro code   0x800'cb84       0x2  stm32l4xx_hal_ospi.o [1]
  .text              ro code   0x800'cb86       0x2  stm32l4xx_hal_ospi.o [1]
  .text              ro code   0x800'cb88       0x2  stm32l4xx_hal_ospi.o [1]
  .text              ro code   0x800'cb8a       0x2  stm32l4xx_hal_ospi.o [1]
  .text              ro code   0x800'cb8c       0x2  stm32l4xx_hal_ospi.o [1]
  .text              ro code   0x800'cb8e       0x2  stm32l4xx_hal_spi.o [1]
  .text              ro code   0x800'cb90       0x2  stm32l4xx_hal_uart.o [1]
  .text              ro code   0x800'cb94     0x77c  uart.o [1]
  .text              ro code   0x800'd310       0x2  stm32l4xx_hal_uart_ex.o [1]
  .text              ro code   0x800'd312       0x2  stm32l4xx_hal_uart_ex.o [1]
  .text              ro code   0x800'd314     0x106  I64DivMod_small.o [5]
  .text              ro code   0x800'd41a       0x2  stm32l4xx_hal_tim.o [1]
  .text              ro code   0x800'd41c       0x2  stm32l4xx_hal_tim.o [1]
  .text              ro code   0x800'd41e       0x2  stm32l4xx_hal_tim.o [1]
  .text              ro code   0x800'd420       0x2  stm32l4xx_hal_tim.o [1]
  .text              ro code   0x800'd422       0x2  stm32l4xx_hal_tim.o [1]
  .text              ro code   0x800'd424       0x2  stm32l4xx_hal_tim_ex.o [1]
  .text              ro code   0x800'd426       0x2  stm32l4xx_hal_tim_ex.o [1]
  .text              ro code   0x800'd428       0x2  stm32l4xx_hal_tim.o [1]
  .text              ro code   0x800'd42a       0x2  stm32l4xx_hal_tim_ex.o [1]
  .text              ro code   0x800'd42c       0x2  stm32l4xx_hal_tim.o [1]
  .text              ro code   0x800'd430       0xc  lib_mem.o [1]
  .text              ro code   0x800'd43c      0x18  cpu_core.o [1]
  .text              ro code   0x800'd454      0xa2  os_app_hooks.o [1]
  .text              ro code   0x800'd4f8      0x4c  memory.o [1]
  .text              ro code   0x800'd544      0x7c  Application.o [1]
  .text              ro code   0x800'd5c0      0x10  stm32l4xx_hal.o [1]
  .text              ro code   0x800'd5d0      0x4c  stm32l4xx_hal_crc_ex.o [1]
  .text              ro code   0x800'd61c      0x32  ABImemset48.o [5]
  .text              ro code   0x800'd650     0x3f0  os_flag.o [1]
  .text              ro code   0x800'da40      0x24  newop_0.o [3]
  .text              ro code   0x800'da64     0x36c  DBattery.o [1]
  .text              ro code   0x800'ddd0     0x1fa  DVoltageMonitor.o [1]
  .text              ro code   0x800'dfcc      0xb4  DLock.o [1]
  .text              ro code   0x800'e080       0x6  ABImemclr.o [5]
  .text              ro code   0x800'e086       0x8  heaptramp0.o [2]
  .text              ro code   0x800'e090     0x280  usbd_conf.o [1]
  .text              ro code   0x800'e310     0x4a0  usbd_ctlreq.o [1]
  .text              ro code   0x800'e7b0      0x60  usbd_ioreq.o [1]
  .text              ro code   0x800'e810       0x2  I64DivZer.o [5]
  .text              ro code   0x800'e814      0x30  bsp_cpu.o [1]
  .text              ro code   0x800'e844     0x2be  DPV624.o [1]
  .text              ro code   0x800'eb04     0x216  Utilities.o [1]
  .text              ro code   0x800'ed1a       0x4  nomemory.o [3]
  .text              ro code   0x800'ed20     0x778  stm32l4xx_hal_pcd.o [1]
  .text              ro code   0x800'f498      0x70  stm32l4xx_hal_pcd_ex.o [1]
  .text              ro code   0x800'f508     0x5e2  DPersistent.o [1]
  .text              ro code   0x800'faea      0xe6  DInstrument.o [1]
  .text              ro code   0x800'fbd0      0x5a  DCommsOwi.o [1]
  .text              ro code   0x800'fc2c      0x5a  DCommsUsb.o [1]
  .text              ro code   0x800'fc88     0x1b0  DStepperMotor.o [1]
  .text              ro code   0x800'fe38     0x120  DSensorTemperature.o [1]
  .text              ro code   0x800'ff58      0xca  DValve.o [1]
  .text              ro code   0x801'0024     0x168  cRtc.o [1]
  .text              ro code   0x801'018c     0x2ae  cDateTime.o [1]
  .text              ro code   0x801'043c     0x86c  stm32l4xx_ll_usb.o [1]
  .text              ro code   0x801'0ca8     0x18c  EEPROM.o [1]
  .text              ro code   0x801'0e34      0x2c  crc.o [1]
  .text              ro code   0x801'0e60     0x41e  DFunctionMeasureAndControl.o [1]
  .text              ro code   0x801'1280      0x9e  DComms.o [1]
  .text              ro code   0x801'1320     0x1a6  DDeviceSerialOwiInterface2.o [1]
  .text              ro code   0x801'14c8      0x5c  DCommsFsmOwi.o [1]
  .text              ro code   0x801'1524      0xdc  DDeviceSerialUSB.o [1]
  .text              ro code   0x801'1600      0x70  DCommsFsmUsb.o [1]
  .text              ro code   0x801'1670     0x3c0  DBinaryParser.o [1]
  .text              ro code   0x801'1a30     0x1ae  DDeviceSerialSlaveMicroController.o [1]
  .text              ro code   0x801'1be0      0x5c  DDeviceSerial.o [1]
  .text              ro code   0x801'1c3c     0x560  DSensor.o [1]
  .text              ro code   0x801'219c      0x28  stm32l4xx_hal.o [1]
  .text              ro code   0x801'21c4      0x32  DFunctionMeasure.o [1]
  .text              ro code   0x801'21f8     0x3fe  DFunction.o [1]
  .text              ro code   0x801'25f8      0x3e  DSlotMeasurePressureExt.o [1]
  .text              ro code   0x801'2638      0x7a  DSlotMeasureBarometer.o [1]
  .text              ro code   0x801'26b4      0x56  DDevice.o [1]
  .text              ro code   0x801'270c      0x36  strlen.o [5]
  .text              ro code   0x801'2744      0xe8  DCommsFsm.o [1]
  .text              ro code   0x801'282c     0x2a8  DCommsStateLocal.o [1]
  .text              ro code   0x801'2ad4      0x60  DCommsStateRemoteOwi.o [1]
  .text              ro code   0x801'2b34     0x108  DCommsStateUsbIdle.o [1]
  .text              ro code   0x801'2c3c      0x50  DCommsStateRemoteUsb.o [1]
  .text              ro code   0x801'2c8c     0x730  DCommsStateProdTest.o [1]
  .text              ro code   0x801'33bc     0x450  DCalibration.o [1]
  .text              ro code   0x801'380c     0x270  DSlot.o [1]
  .text              ro code   0x801'3a7c     0x252  DSlotExternal.o [1]
  .text              ro code   0x801'3cd0     0x82c  DSensorOwiAmc.o [1]
  .text              ro code   0x801'44fc     0x16c  DSensorChipBarometer.o [1]
  .text              ro code   0x801'4668     0x4e0  DCommsStateDuci.o [1]
  .text              ro code   0x801'4b48      0x52  DParseSlave.o [1]
  .text              ro code   0x801'4b9c     0xda4  DParse.o [1]
  .text              ro code   0x801'5940      0x28  strncmp.o [2]
  .text              ro code   0x801'5968      0x2c  DCommsStateRemoteUsb.o [1]
  .text              ro code   0x801'5994     0x7cc  DCommsStateRemote.o [1]
  .text              ro code   0x801'6160      0x64  DCommsState.o [1]
  .text              ro code   0x801'61c4      0x28  DCommsStateProdTest.o [1]
  .text              ro code   0x801'61ec     0x690  DProductionTest.o [1]
  .text              ro code   0x801'687c      0x44  snprintf.o [2]
  .text              ro code   0x801'68c0      0x48  FltToDbl.o [4]
  .text              ro code   0x801'6908      0x28  DCalibration.o [1]
  .text              ro code   0x801'6930     0x1c2  DSensorOwi.o [1]
  .text              ro code   0x801'6af4     0xa10  DAmcSensorData.o [1]
  .text              ro code   0x801'7504     0x51c  DOwiParse.o [1]
  .text              ro code   0x801'7a20       0x4  DSensorOwiAmc.o [1]
  .text              ro code   0x801'7a24       0x8  DSensorOwiAmc.o [1]
  .text              ro code   0x801'7a2c      0x90  iar_Stolx.o [2]
  .text              ro code   0x801'7abc     0x2d0  cLPS22HH.o [1]
  .text              ro code   0x801'7d8c      0x40  sprintf.o [2]
  .text              ro code   0x801'7dcc      0x3e  strncasecmp.o [2]
  .text              ro code   0x801'7e0c      0x70  strncpy.o [5]
  .text              ro code   0x801'7e7c      0x1e  lib_ascii.o [1]
  .text              ro code   0x801'7e9c     0x37c  strto32.o [4]
  .text              ro code   0x801'8218    0x11d0  OSPI_NOR_MX25L25645.o [1]
  .text              ro code   0x801'93e8    0x10c6  xprintffull.o [2]
  .text              ro code   0x801'a4b0      0x30  DSensorExternal.o [1]
  .text              ro code   0x801'a4e0     0x1ae  DDeviceSerialOwiInterface1.o [1]
  .text              ro code   0x801'a68e       0x4  delop4_0.o [3]
  .text              ro code   0x801'a692       0xe  DSensorOwi.o [1]
  .text              ro code   0x801'a6a0     0x272  DPressureCompensation.o [1]
  .text              ro code   0x801'a912      0x14  isspace.o [2]
  .text              ro code   0x801'a928     0x140  iar_Stoulx.o [2]
  .text              ro code   0x801'aa68      0x14  tolower.o [2]
  .text              ro code   0x801'aa7c      0x48  frexpf.o [4]
  .text              ro code   0x801'aac4      0xc4  ldexpf.o [4]
  .text              ro code   0x801'ab88     0x122  iar_Stopfx.o [2]
  .text              ro code   0x801'acac     0x1b8  iar_Stoflt.o [2]
  .text              ro code   0x801'ae64     0x208  iar_Stoxflt.o [2]
  .text              ro code   0x801'b06c      0x68  memcmp.o [5]
  .text              ro code   0x801'b0d4      0xb8  xlocale_c.o [2]
  .text              ro code   0x801'b18c      0x16  strchr.o [5]
  .text              ro code   0x801'b1a4      0x40  xfail_s.o [2]
  .text              ro code   0x801'b1e4      0x58  memchr.o [5]
  .text              ro code   0x801'b23c      0x70  frexp.o [4]
  .text              ro code   0x801'b2ac      0x2e  DblCmpLe.o [4]
  .text              ro code   0x801'b2dc      0x2e  DblCmpGe.o [4]
  .text              ro code   0x801'b30c     0x13a  ldexp.o [4]
  .text              ro code   0x801'b448      0x3a  DblToS32.o [4]
  .text              ro code   0x801'b484      0x22  S32ToDbl.o [4]
  .text              ro code   0x801'b4a8      0xe2  DblSub.o [4]
  .text              ro code   0x801'b58c     0x246  DblDiv.o [4]
  .text              ro code   0x801'b7d4      0x28  DblToU32.o [4]
  .text              ro code   0x801'b7fc      0x1a  U32ToDbl.o [4]
  .text              ro code   0x801'b818     0x1a2  DblMul.o [4]
  .text              ro code   0x801'b9ba       0xa  xmbcurmax.o [2]
  .text              ro code   0x801'b9c4       0xa  delop_0.o [3]
  .text              ro code   0x801'b9ce      0x14  isalpha.o [2]
  .text              ro code   0x801'b9e4     0x16a  DblAdd.o [4]
  .rodata            const     0x801'bb50     0x400  crc.o [1]
  .text              ro code   0x801'bf50     0x10c  usbd_desc.o [1]
  .rodata            const     0x801'c05c     0x100  DBattery.o [1]
  .rodata            const     0x801'c15c     0x100  DSensorOwiAmc.o [1]
  .rodata            const     0x801'c25c      0xfc  DSensorOwi.o [1]
  .rodata            const     0x801'c358      0xdc  DSensorExternal.o [1]
  .rodata            const     0x801'c434      0xd4  os_dbg.o [1]
  .text              ro code   0x801'c508      0xcc  stm32l4xx_it.o [1]
  .text              ro code   0x801'c5d4      0x10  stm32l4xx_hal.o [1]
  .rodata            const     0x801'c5e4      0xc0  DSensor.o [1]
  .rodata            const     0x801'c6a4      0xc0  DSensorChipBarometer.o [1]
  .rodata            const     0x801'c764      0xc0  DSensorTemperature.o [1]
  .rodata            const     0x801'c824      0x9c  cDateTime.o [1]
  .rodata            const     0x801'c8c0      0x80  usb_device.o [1]
  .text              ro code   0x801'c940      0x78  lz77_init_single.o [5]
  .rodata            const     0x801'c9b8      0x70  DLock.o [1]
  .rodata            const     0x801'ca28      0x60  DProductionTest.o [1]
  .rodata            const     0x801'ca88      0x5c  DFunctionMeasureAndControl.o [1]
  .rodata            const     0x801'cae4      0x5c  OSPI_NOR_MX25L25645.o [1]
  .text              ro code   0x801'cb40      0x5c  system_stm32l4xx.o [1]
  .rodata            const     0x801'cb9c      0x54  DLock.o [1]
  .rodata            const     0x801'cbf0      0x50  DFunction.o [1]
  .rodata            const     0x801'cc40      0x50  DFunctionMeasure.o [1]
  .rodata            const     0x801'cc90      0x50  iar_Stoulx.o [2]
  .rodata            const     0x801'cce0      0x4c  DCommsStateLocal.o [1]
  .rodata            const     0x801'cd2c      0x4c  DCommsStateProdTest.o [1]
  .rodata            const     0x801'cd78      0x4c  DParse.o [1]
  .rodata            const     0x801'cdc4      0x48  DCommsStateDuci.o [1]
  .rodata            const     0x801'ce0c      0x48  DCommsStateRemote.o [1]
  .rodata            const     0x801'ce54      0x48  DCommsStateRemoteOwi.o [1]
  .rodata            const     0x801'ce9c      0x48  DCommsStateRemoteUsb.o [1]
  .rodata            const     0x801'cee4      0x48  DCommsStateUsbIdle.o [1]
  .rodata            const     0x801'cf2c      0x48  memory.o [1]
  .rodata            const     0x801'cf74      0x40  usbd_cdc_if.o [1]
  .rodata            const     0x801'cfb4      0x38  DDeviceSerial.o [1]
  .rodata            const     0x801'cfec      0x38  DDeviceSerialOwiInterface1.o [1]
  .rodata            const     0x801'd024      0x38  DDeviceSerialOwiInterface2.o [1]
  .rodata            const     0x801'd05c      0x38  DDeviceSerialSlaveMicroController.o [1]
  .rodata            const     0x801'd094      0x38  DDeviceSerialUSB.o [1]
  .rodata            const     0x801'd0cc      0x38  DSlotExternal.o [1]
  .rodata            const     0x801'd104      0x38  DSlotMeasurePressureExt.o [1]
  .rodata            const     0x801'd13c      0x30  DSlot.o [1]
  .rodata            const     0x801'd16c      0x30  DSlotMeasureBarometer.o [1]
  .rodata            const     0x801'd19c      0x30  system_stm32l4xx.o [1]
  .rodata            const     0x801'd1cc      0x30  Utilities.o [1]
  .text              ro code   0x801'd1fc      0x28  data_init.o [5]
  .text              ro code   0x801'd224      0x22  fpinit_M.o [4]
  .iar.init_table    const     0x801'd248      0x20  - Linker created -
  .rodata            const     0x801'd268      0x20  DComms.o [1]
  .rodata            const     0x801'd288      0x20  DCommsOwi.o [1]
  .rodata            const     0x801'd2a8      0x20  DCommsState.o [1]
  .rodata            const     0x801'd2c8      0x20  DCommsUsb.o [1]
  .rodata            const     0x801'd2e8      0x20  OSPI_NOR_MX25L25645.o [1]
  .text              ro code   0x801'd308      0x1e  cmain.o [5]
  .text              ro code   0x801'd326       0x4  low_level_init.o [2]
  .text              ro code   0x801'd32a       0x4  exit.o [2]
  .text              ro code   0x801'd330       0xa  cexit.o [5]
  .rodata            const     0x801'd33c      0x1c  DCommsStateDuci.o [1]
  .rodata            const     0x801'd358      0x1c  memory.o [1]
  .rodata            const     0x801'd374      0x1c  OSPI_NOR_MX25L25645.o [1]
  .rodata            const     0x801'd390      0x18  DDevice.o [1]
  .rodata            const     0x801'd3a8      0x18  DProductionTest.o [1]
  .rodata            const     0x801'd3c0      0x18  OSPI_NOR_MX25L25645.o [1]
  .rodata            const     0x801'd3d8      0x18  OSPI_NOR_MX25L25645.o [1]
  .rodata            const     0x801'd3f0      0x14  DCommsStateDuci.o [1]
  .rodata            const     0x801'd404      0x14  DCommsStateDuci.o [1]
  .rodata            const     0x801'd418      0x14  DErrorHandler.o [1]
  .rodata            const     0x801'd42c      0x14  DKeyHandler.o [1]
  .rodata            const     0x801'd440      0x14  DPowerManager.o [1]
  .rodata            const     0x801'd454      0x14  DTask.o [1]
  .rodata            const     0x801'd468      0x14  OSPI_NOR_MX25L25645.o [1]
  .rodata            const     0x801'd47c      0x10  Application.o [1]
  .rodata            const     0x801'd48c      0x10  DCommsFsm.o [1]
  .rodata            const     0x801'd49c      0x10  DCommsFsmOwi.o [1]
  .rodata            const     0x801'd4ac      0x10  DCommsFsmUsb.o [1]
  .rodata            const     0x801'd4bc      0x10  DCommsStateDuci.o [1]
  .rodata            const     0x801'd4cc      0x10  DCommsStateProdTest.o [1]
  .rodata            const     0x801'd4dc      0x10  DCommsStateProdTest.o [1]
  .rodata            const     0x801'd4ec      0x10  DDeviceSerialOwiInterface1.o [1]
  .rodata            const     0x801'd4fc      0x10  DDeviceSerialOwiInterface2.o [1]
  .rodata            const     0x801'd50c      0x10  DParse.o [1]
  .rodata            const     0x801'd51c      0x10  DParseSlave.o [1]
  .rodata            const     0x801'd52c      0x10  DPowerManager.o [1]
  .rodata            const     0x801'd53c      0x10  OSPI_NOR_MX25L25645.o [1]
  .text              ro code   0x801'd54c      0x10  startup_stm32l4r5xx.o [1]
  .rodata            const     0x801'd55c       0xc  DCommsFsm.o [1]
  .rodata            const     0x801'd568       0xc  DCommsStateDuci.o [1]
  .rodata            const     0x801'd574       0xc  DCommsStateDuci.o [1]
  .rodata            const     0x801'd580       0xc  DCommsStateDuci.o [1]
  .rodata            const     0x801'd58c       0xc  DCommsStateProdTest.o [1]
  .rodata            const     0x801'd598       0xc  DCommsStateProdTest.o [1]
  .rodata            const     0x801'd5a4       0xc  DCommsStateProdTest.o [1]
  .rodata            const     0x801'd5b0       0xc  DCommsStateProdTest.o [1]
  .rodata            const     0x801'd5bc       0xc  DCommsStateProdTest.o [1]
  .rodata            const     0x801'd5c8       0xc  DCommsStateRemote.o [1]
  .rodata            const     0x801'd5d4       0xc  DCommsStateRemote.o [1]
  .rodata            const     0x801'd5e0       0xc  DCommsStateRemote.o [1]
  .rodata            const     0x801'd5ec       0xc  DCommsStateRemote.o [1]
  .rodata            const     0x801'd5f8       0xc  DDeviceSerialSlaveMicroController.o [1]
  .rodata            const     0x801'd604       0xc  DFunctionMeasureAndControl.o [1]
  .rodata            const     0x801'd610       0xc  DPersistent.o [1]
  .rodata            const     0x801'd61c       0xc  DProductionTest.o [1]
  .rodata            const     0x801'd628       0xc  DPV624.o [1]
  .rodata            const     0x801'd634       0xc  DPV624.o [1]
  .rodata            const     0x801'd640       0xc  DTask.o [1]
  .rodata            const     0x801'd64c       0xc  memory.o [1]
  .text              ro code   0x801'd658       0xc  cstartup_M.o [5]
  .rodata            const     0x801'd664       0x8  cLPS22HH.o [1]
  .rodata            const     0x801'd66c       0x8  DBattery.o [1]
  .rodata            const     0x801'd674       0x8  DCalibration.o [1]
  .rodata            const     0x801'd67c       0x8  DCommsStateDuci.o [1]
  .rodata            const     0x801'd684       0x8  DCommsStateDuci.o [1]
  .rodata            const     0x801'd68c       0x8  DCommsStateLocal.o [1]
  .rodata            const     0x801'd694       0x8  DCommsStateLocal.o [1]
  .rodata            const     0x801'd69c       0x8  DCommsStateProdTest.o [1]
  .rodata            const     0x801'd6a4       0x8  DCommsStateProdTest.o [1]
  .rodata            const     0x801'd6ac       0x8  DCommsStateProdTest.o [1]
  .rodata            const     0x801'd6b4       0x8  DCommsStateProdTest.o [1]
  .rodata            const     0x801'd6bc       0x8  DCommsStateProdTest.o [1]
  .rodata            const     0x801'd6c4       0x8  DCommsStateProdTest.o [1]
  .rodata            const     0x801'd6cc       0x8  DCommsStateRemote.o [1]
  .rodata            const     0x801'd6d4       0x8  DCommsStateRemote.o [1]
  .rodata            const     0x801'd6dc       0x8  DCommsStateRemote.o [1]
  .rodata            const     0x801'd6e4       0x8  DCommsStateRemote.o [1]
  .rodata            const     0x801'd6ec       0x8  DCommsStateRemote.o [1]
  .rodata            const     0x801'd6f4       0x8  DCommsStateRemote.o [1]
  .rodata            const     0x801'd6fc       0x8  DCommsStateRemote.o [1]
  .rodata            const     0x801'd704       0x8  DCommsStateRemote.o [1]
  .rodata            const     0x801'd70c       0x8  DCommsStateRemote.o [1]
  .rodata            const     0x801'd714       0x8  DCommsStateRemote.o [1]
  .rodata            const     0x801'd71c       0x8  DFunction.o [1]
  .rodata            const     0x801'd724       0x8  DKeyHandler.o [1]
  .rodata            const     0x801'd72c       0x8  DParse.o [1]
  .rodata            const     0x801'd734       0x8  DProductionTest.o [1]
  .rodata            const     0x801'd73c       0x8  DSlot.o [1]
  .rodata            const     0x801'd744       0x8  DSlotMeasureBarometer.o [1]
  .rodata            const     0x801'd74c       0x8  DSlotMeasurePressureExt.o [1]
  .rodata            const     0x801'd754       0x8  system_stm32l4xx.o [1]
  .rodata            const     0x801'd75c       0x4  cLPS22HH.o [1]
  .rodata            const     0x801'd760       0x4  cLPS22HH.o [1]
  .rodata            const     0x801'd764       0x4  os_cfg_app.o [1]
  .rodata            const     0x801'd768       0x4  os_cfg_app.o [1]
  .rodata            const     0x801'd76c       0x4  os_cfg_app.o [1]
  .rodata            const     0x801'd770       0x4  os_cfg_app.o [1]
  .rodata            const     0x801'd774       0x4  os_cfg_app.o [1]
  .rodata            const     0x801'd778       0x4  os_cfg_app.o [1]
  .rodata            const     0x801'd77c       0x4  os_cfg_app.o [1]
  .rodata            const     0x801'd780       0x4  os_cfg_app.o [1]
  .rodata            const     0x801'd784       0x4  os_cfg_app.o [1]
  .rodata            const     0x801'd788       0x4  os_cfg_app.o [1]
  .rodata            const     0x801'd78c       0x4  os_cfg_app.o [1]
  .rodata            const     0x801'd790       0x4  os_cfg_app.o [1]
  .rodata            const     0x801'd794       0x4  Utilities.o [1]
  .rodata            const     0x801'd798       0x4  Utilities.o [1]
  .rodata            const     0x801'd79c       0x4  Utilities.o [1]
  .rodata            const     0x801'd7a0       0x4  Utilities.o [1]
  .text              ro code   0x801'd7a4       0x4  startup_stm32l4r5xx.o [1]
  .text              ro code   0x801'd7a8       0x4  startup_stm32l4r5xx.o [1]
  .text              ro code   0x801'd7ac       0x4  startup_stm32l4r5xx.o [1]
  .text              ro code   0x801'd7b0       0x4  startup_stm32l4r5xx.o [1]
  .text              ro code   0x801'd7b4       0x4  startup_stm32l4r5xx.o [1]
  .text              ro code   0x801'd7b8       0x4  startup_stm32l4r5xx.o [1]
  .text              ro code   0x801'd7bc       0x4  startup_stm32l4r5xx.o [1]
  .text              ro code   0x801'd7c0       0x4  startup_stm32l4r5xx.o [1]
  .text              ro code   0x801'd7c4       0x4  startup_stm32l4r5xx.o [1]
  .text              ro code   0x801'd7c8       0x4  startup_stm32l4r5xx.o [1]
  .text              ro code   0x801'd7cc       0x4  startup_stm32l4r5xx.o [1]
  .text              ro code   0x801'd7d0       0x4  startup_stm32l4r5xx.o [1]
  .text              ro code   0x801'd7d4       0x4  startup_stm32l4r5xx.o [1]
  .text              ro code   0x801'd7d8       0x4  startup_stm32l4r5xx.o [1]
  .text              ro code   0x801'd7dc       0x4  startup_stm32l4r5xx.o [1]
  .text              ro code   0x801'd7e0       0x4  startup_stm32l4r5xx.o [1]
  .text              ro code   0x801'd7e4       0x4  startup_stm32l4r5xx.o [1]
  .text              ro code   0x801'd7e8       0x4  startup_stm32l4r5xx.o [1]
  .text              ro code   0x801'd7ec       0x4  startup_stm32l4r5xx.o [1]
  .text              ro code   0x801'd7f0       0x4  startup_stm32l4r5xx.o [1]
  .text              ro code   0x801'd7f4       0x4  startup_stm32l4r5xx.o [1]
  .text              ro code   0x801'd7f8       0x4  startup_stm32l4r5xx.o [1]
  .text              ro code   0x801'd7fc       0x4  startup_stm32l4r5xx.o [1]
  .text              ro code   0x801'd800       0x4  startup_stm32l4r5xx.o [1]
  .text              ro code   0x801'd804       0x4  startup_stm32l4r5xx.o [1]
  .text              ro code   0x801'd808       0x4  startup_stm32l4r5xx.o [1]
  .text              ro code   0x801'd80c       0x4  startup_stm32l4r5xx.o [1]
  .text              ro code   0x801'd810       0x4  startup_stm32l4r5xx.o [1]
  .text              ro code   0x801'd814       0x4  startup_stm32l4r5xx.o [1]
  .text              ro code   0x801'd818       0x4  startup_stm32l4r5xx.o [1]
  .text              ro code   0x801'd81c       0x4  startup_stm32l4r5xx.o [1]
  .text              ro code   0x801'd820       0x4  startup_stm32l4r5xx.o [1]
  .text              ro code   0x801'd824       0x4  startup_stm32l4r5xx.o [1]
  .text              ro code   0x801'd828       0x4  startup_stm32l4r5xx.o [1]
  .text              ro code   0x801'd82c       0x4  startup_stm32l4r5xx.o [1]
  .text              ro code   0x801'd830       0x4  startup_stm32l4r5xx.o [1]
  .text              ro code   0x801'd834       0x4  startup_stm32l4r5xx.o [1]
  .text              ro code   0x801'd838       0x4  startup_stm32l4r5xx.o [1]
  .text              ro code   0x801'd83c       0x4  startup_stm32l4r5xx.o [1]
  .text              ro code   0x801'd840       0x4  startup_stm32l4r5xx.o [1]
  .text              ro code   0x801'd844       0x4  startup_stm32l4r5xx.o [1]
  .text              ro code   0x801'd848       0x4  startup_stm32l4r5xx.o [1]
  .text              ro code   0x801'd84c       0x4  startup_stm32l4r5xx.o [1]
  .text              ro code   0x801'd850       0x4  startup_stm32l4r5xx.o [1]
  .text              ro code   0x801'd854       0x4  startup_stm32l4r5xx.o [1]
  .text              ro code   0x801'd858       0x4  startup_stm32l4r5xx.o [1]
  .text              ro code   0x801'd85c       0x4  startup_stm32l4r5xx.o [1]
  .text              ro code   0x801'd860       0x4  startup_stm32l4r5xx.o [1]
  .text              ro code   0x801'd864       0x4  startup_stm32l4r5xx.o [1]
  .text              ro code   0x801'd868       0x4  startup_stm32l4r5xx.o [1]
  .text              ro code   0x801'd86c       0x4  startup_stm32l4r5xx.o [1]
  .text              ro code   0x801'd870       0x4  startup_stm32l4r5xx.o [1]
  .text              ro code   0x801'd874       0x4  startup_stm32l4r5xx.o [1]
  .text              ro code   0x801'd878       0x4  startup_stm32l4r5xx.o [1]
  .text              ro code   0x801'd87c       0x4  startup_stm32l4r5xx.o [1]
  .text              ro code   0x801'd880       0x4  startup_stm32l4r5xx.o [1]
  .text              ro code   0x801'd884       0x4  startup_stm32l4r5xx.o [1]
  .text              ro code   0x801'd888       0x4  startup_stm32l4r5xx.o [1]
  .text              ro code   0x801'd88c       0x4  startup_stm32l4r5xx.o [1]
  .text              ro code   0x801'd890       0x4  startup_stm32l4r5xx.o [1]
  .text              ro code   0x801'd894       0x4  startup_stm32l4r5xx.o [1]
  .text              ro code   0x801'd898       0x4  startup_stm32l4r5xx.o [1]
  .text              ro code   0x801'd89c       0x4  startup_stm32l4r5xx.o [1]
  .text              ro code   0x801'd8a0       0x4  startup_stm32l4r5xx.o [1]
  .rodata            const     0x801'd8a4       0x0  zero_init3.o [5]
  .rodata            const     0x801'd8a4       0x0  lz77_init_single.o [5]
  Initializer bytes  const     0x801'd8a4     0x1f5  <for P2-1>
                             - 0x801'da99  0x1'd8dd

"P2", part 1 of 3:                           0x2a08
  P2-1                        0x2000'0000    0x2a08  <Init block>
    .data            inited   0x2000'0000       0x4  DPowerManager.o [1]
    .data            inited   0x2000'0004       0xc  OSPI_NOR_MX25L25645.o [1]
    .data            inited   0x2000'0010       0xc  stm32l4xx_hal.o [1]
    .data            inited   0x2000'001c       0x4  system_stm32l4xx.o [1]
    .data            inited   0x2000'0020    0x27d4  uart.o [1]
    .data            inited   0x2000'27f4       0xc  usbd_cdc.o [1]
    .data            inited   0x2000'2800      0x38  usbd_cdc.o [1]
    .data            inited   0x2000'2838      0x44  usbd_cdc.o [1]
    .data            inited   0x2000'287c      0x44  usbd_cdc.o [1]
    .data            inited   0x2000'28c0      0x44  usbd_cdc.o [1]
    .data            inited   0x2000'2904       0x8  usbd_cdc_if.o [1]
    .data            inited   0x2000'290c      0x14  usbd_cdc_if.o [1]
    .data            inited   0x2000'2920      0x20  usbd_desc.o [1]
    .data            inited   0x2000'2940      0x14  usbd_desc.o [1]
    .data            inited   0x2000'2954       0xc  usbd_desc.o [1]
    .data            inited   0x2000'2960       0x4  usbd_desc.o [1]
    .data            inited   0x2000'2964      0x1c  usbd_desc.o [1]
    .data            inited   0x2000'2980      0x38  xlocale_c.o [2]
    .data            inited   0x2000'29b8      0x48  xlocale_c.o [2]
    .data            inited   0x2000'2a00       0x8  XShttio.o [2]
                            - 0x2000'2a08    0x2a08

"P2", part 2 of 3:                           0xd6b8
  .bss               zero     0x2000'2a08    0x6000  memory.o [1]
  .bss               zero     0x2000'8a08    0x1e00  DCommsStateRemote.o [1]
  .bss               zero     0x2000'a808    0x1000  OSPI_NOR_MX25L25645.o [1]
  .bss               zero     0x2000'b808    0x1000  OSPI_NOR_MX25L25645.o [1]
  .bss               zero     0x2000'c808     0x7d0  Application.o [1]
  .bss               zero     0x2000'cfd8     0x660  main.o [1]
  .bss               zero     0x2000'd638     0x500  DCommsStateProdTest.o [1]
  .bss               zero     0x2000'db38     0x408  main.o [1]
  .bss               zero     0x2000'df40     0x3e8  DStepperMotor.o [1]
  .bss               zero     0x2000'e328     0x320  os_cfg_app.o [1]
  .bss               zero     0x2000'e648     0x300  os_var.o [1]
  .bss               zero     0x2000'e948     0x2f4  usb_device.o [1]
  .bss               zero     0x2000'ec3c     0x280  DCommsStateLocal.o [1]
  .bss               zero     0x2000'eebc     0x280  DCommsStateUsbIdle.o [1]
  .bss               zero     0x2000'f13c     0x200  os_cfg_app.o [1]
  .bss               zero     0x2000'f33c     0x200  usbd_desc.o [1]
  .bss               zero     0x2000'f53c     0x1e8  i2c.o [1]
  .bss               zero     0x2000'f724     0x1d8  dlmalloc.o [2]
  .bss               zero     0x2000'f8fc     0x180  os_cfg_app.o [1]
  .bss               zero     0x2000'fa7c     0x140  os_cfg_app.o [1]
  .bss               zero     0x2000'fbbc      0xbc  Application.o [1]
  .bss               zero     0x2000'fc78      0xbc  os_var.o [1]
  .bss               zero     0x2000'fd34      0xbc  os_var.o [1]
  .bss               zero     0x2000'fdf0      0x60  main.o [1]
  .bss               zero     0x2000'fe50      0x4c  main.o [1]
  .bss               zero     0x2000'fe9c      0x4c  main.o [1]
  .bss               zero     0x2000'fee8      0x2c  os_var.o [1]
  .bss               zero     0x2000'ff14      0x24  DKeyHandler.o [1]
  .bss               zero     0x2000'ff38      0x24  main.o [1]
  .bss               zero     0x2000'ff5c      0x24  os_var.o [1]
  .bss               zero     0x2000'ff80      0x20  memory.o [1]
  .bss               zero     0x2000'ffa0      0x1c  usbd_cdc_if.o [1]
  .bss               zero     0x2000'ffbc      0x18  dlmalloc.o [2]
  .bss               zero     0x2000'ffd4      0x14  bsp_os.o [1]
  .bss               zero     0x2000'ffe8      0x10  DCommsState.o [1]
  .bss               zero     0x2000'fff8       0xc  os_var.o [1]
  .bss               zero     0x2001'0004       0x8  os_cpu_c.o [1]
  .bss               zero     0x2001'000c       0x8  os_var.o [1]
  .bss               zero     0x2001'0014       0x8  os_var.o [1]
  .bss               zero     0x2001'001c       0x4  cpu_core.o [1]
  .bss               zero     0x2001'0020       0x4  DCommsStateRemote.o [1]
  .bss               zero     0x2001'0024       0x4  DKeyHandler.o [1]
  .bss               zero     0x2001'0028       0x4  DProductionTest.o [1]
  .bss               zero     0x2001'002c       0x4  DPV624.o [1]
  .bss               zero     0x2001'0030       0x4  lib_mem.o [1]
  .bss               zero     0x2001'0034       0x4  MainApp.o [1]
  .bss               zero     0x2001'0038       0x4  os_var.o [1]
  .bss               zero     0x2001'003c       0x4  os_var.o [1]
  .bss               zero     0x2001'0040       0x4  os_var.o [1]
  .bss               zero     0x2001'0044       0x4  os_var.o [1]
  .bss               zero     0x2001'0048       0x4  os_var.o [1]
  .bss               zero     0x2001'004c       0x4  os_var.o [1]
  .bss               zero     0x2001'0050       0x4  os_var.o [1]
  .bss               zero     0x2001'0054       0x4  os_var.o [1]
  .bss               zero     0x2001'0058       0x4  os_var.o [1]
  .bss               zero     0x2001'005c       0x4  os_var.o [1]
  .bss               zero     0x2001'0060       0x4  os_var.o [1]
  .bss               zero     0x2001'0064       0x4  os_var.o [1]
  .bss               zero     0x2001'0068       0x4  os_var.o [1]
  .bss               zero     0x2001'006c       0x4  os_var.o [1]
  .bss               zero     0x2001'0070       0x4  os_var.o [1]
  .bss               zero     0x2001'0074       0x4  os_var.o [1]
  .bss               zero     0x2001'0078       0x4  os_var.o [1]
  .bss               zero     0x2001'007c       0x4  os_var.o [1]
  .bss               zero     0x2001'0080       0x4  os_var.o [1]
  .bss               zero     0x2001'0084       0x4  os_var.o [1]
  .bss               zero     0x2001'0088       0x4  os_var.o [1]
  .bss               zero     0x2001'008c       0x4  os_var.o [1]
  .bss               zero     0x2001'0090       0x4  os_var.o [1]
  .bss               zero     0x2001'0094       0x4  os_var.o [1]
  .bss               zero     0x2001'0098       0x4  new.o [3]
  .bss               zero     0x2001'009c       0x4  xfail_s.o [2]
  .bss               zero     0x2001'00a0       0x4  xgetmemchunk.o [2]
  .bss               zero     0x2001'00a4       0x2  DPressureCompensation.o [1]
  .bss               zero     0x2001'00a6       0x2  os_var.o [1]
  .bss               zero     0x2001'00a8       0x2  os_var.o [1]
  .bss               zero     0x2001'00aa       0x2  os_var.o [1]
  .bss               zero     0x2001'00ac       0x2  os_var.o [1]
  .bss               zero     0x2001'00ae       0x2  os_var.o [1]
  .bss               zero     0x2001'00b0       0x2  os_var.o [1]
  .bss               zero     0x2001'00b2       0x2  os_var.o [1]
  .bss               zero     0x2001'00b4       0x2  os_var.o [1]
  .bss               zero     0x2001'00b6       0x1  DCommsState.o [1]
  .bss               zero     0x2001'00b7       0x1  os_var.o [1]
  .bss               zero     0x2001'00b8       0x1  os_var.o [1]
  .bss               zero     0x2001'00b9       0x1  os_var.o [1]
  .bss               zero     0x2001'00ba       0x1  os_var.o [1]
  .bss               zero     0x2001'00bb       0x1  os_var.o [1]
  .bss               zero     0x2001'00bc       0x1  os_var.o [1]
  .bss               zero     0x2001'00bd       0x1  os_var.o [1]
  .bss               zero     0x2001'00be       0x1  usbd_ctlreq.o [1]
                            - 0x2001'00bf    0xd6b7

"P2", part 3 of 3:                         0x2'1000
  CSTACK                      0x2001'00c0  0x1'1000  <Block>
    CSTACK           uninit   0x2001'00c0  0x1'1000  <Block tail>
  HEAP                        0x2002'10c0  0x1'0000  <Block>
    HEAP             uninit   0x2002'10c0  0x1'0000  <Block tail>
                            - 0x2003'10c0  0x2'1000

Unused ranges:

         From           To       Size
         ----           --       ----
   0x801'da99   0x81f'ffff  0x1e'2567
  0x2003'10c0  0x2009'ffff   0x6'ef40


*******************************************************************************
*** INIT TABLE
***

          Address      Size
          -------      ----
Zero (__iar_zero_init3)
    1 destination range, total size 0xd6b7:
          0x2000'2a08  0xd6b7

Copy/lz77 (__iar_lz77_init_single3)
    1 source range, total size 0x1f5 (4% of destination):
           0x801'd8a4   0x1f5
    1 destination range, total size 0x2a08:
          0x2000'0000  0x2a08



*******************************************************************************
*** MODULE SUMMARY
***

    Module                               ro code  ro data  rw data
    ------                               -------  -------  -------
command line/config:
    --------------------------------------------------------------
    Total:

C:\Users\312005216\Box Sync\GitHub\DK0499_POC\EWARM\DK0499\Obj: [1]
    Application.o                            124       16    2'188
    DAmcSensorData.o                       2'576
    DBattery.o                               876      264
    DBinaryParser.o                          960
    DCalibration.o                         1'144        8
    DComms.o                                 158       32
    DCommsFsm.o                              232       28
    DCommsFsmOwi.o                            92       16
    DCommsFsmUsb.o                           112       16
    DCommsOwi.o                               90       32
    DCommsState.o                            100       32       17
    DCommsStateDuci.o                      1'248      208
    DCommsStateLocal.o                       680       92      640
    DCommsStateProdTest.o                  1'880      216    1'280
    DCommsStateRemote.o                    1'996      200    7'684
    DCommsStateRemoteOwi.o                    96       72
    DCommsStateRemoteUsb.o                   124       72
    DCommsStateUsbIdle.o                     264       72      640
    DCommsUsb.o                               90       32
    DDevice.o                                 86       24
    DDeviceSerial.o                           92       56
    DDeviceSerialOwiInterface1.o             430       72
    DDeviceSerialOwiInterface2.o             422       72
    DDeviceSerialSlaveMicroController.o      430       68
    DDeviceSerialUSB.o                       220       56
    DErrorHandler.o                           62       20
    DFunction.o                            1'022       88
    DFunctionMeasure.o                        50       80
    DFunctionMeasureAndControl.o           1'054      104
    DInstrument.o                            230
    DKeyHandler.o                            974       28       40
    DLock.o                                  180      196
    DOwiParse.o                            1'308
    DPV624.o                                 702       24        4
    DParse.o                               3'492      100
    DParseSlave.o                             82       16
    DPersistent.o                          1'506       12
    DPowerManager.o                        1'416       36        4
    DPressureCompensation.o                  626                 2
    DProductionTest.o                      1'680      140        4
    DSensor.o                              1'376      192
    DSensorChipBarometer.o                   364      192
    DSensorExternal.o                         48      220
    DSensorOwi.o                             464      252
    DSensorOwiAmc.o                        2'104      256
    DSensorTemperature.o                     288      192
    DSlot.o                                  624       56
    DSlotExternal.o                          594       56
    DSlotMeasureBarometer.o                  122       56
    DSlotMeasurePressureExt.o                 62       64
    DStepperMotor.o                          432             1'000
    DTask.o                                  350       32
    DValve.o                                 202
    DVoltageMonitor.o                        506
    EEPROM.o                                 396
    MainApp.o                                164                 4
    OSPI_NOR_MX25L25645.o                  4'560      236    8'204
    Utilities.o                              534       64
    bsp_cpu.o                                 48
    bsp_os.o                                 332                20
    cDateTime.o                              686      156
    cLPS22HH.o                               720       26
    cRtc.o                                   360
    cpu_a.o                                   84
    cpu_core.o                                24                 4
    crc.o                                     44    1'024
    i2c.o                                  1'112               488
    lib_ascii.o                               30
    lib_mem.o                                 12                 4
    main.o                                 2'414             2'948
    memory.o                                  76      112   24'608
    os_app_hooks.o                           162
    os_cfg_app.o                               2       51    2'016
    os_core.o                              1'728
    os_cpu_a.o                               288
    os_cpu_c.o                               708                 8
    os_dbg.o                                 676      212
    os_flag.o                              1'008
    os_mem.o                                 312
    os_msg.o                                 172
    os_mutex.o                               896
    os_prio.o                                128
    os_sem.o                                 676
    os_task.o                              1'232
    os_tick.o                                728
    os_time.o                                328
    os_tmr.o                               1'020
    os_var.o                                                 1'371
    startup_stm32l4r5xx.o                    716
    stm32l4xx_hal.o                          182        1       12
    stm32l4xx_hal_adc.o                    1'896
    stm32l4xx_hal_cortex.o                   232
    stm32l4xx_hal_crc.o                      124
    stm32l4xx_hal_crc_ex.o                    76
    stm32l4xx_hal_dma.o                      836
    stm32l4xx_hal_gpio.o                     768
    stm32l4xx_hal_i2c.o                    4'914
    stm32l4xx_hal_i2c_ex.o                   126
    stm32l4xx_hal_lptim.o                    516
    stm32l4xx_hal_msp.o                    2'320
    stm32l4xx_hal_ospi.o                   2'664
    stm32l4xx_hal_pcd.o                    1'912
    stm32l4xx_hal_pcd_ex.o                   112
    stm32l4xx_hal_pwr.o                       28
    stm32l4xx_hal_pwr_ex.o                   236
    stm32l4xx_hal_rcc.o                    2'008
    stm32l4xx_hal_rcc_ex.o                 1'420
    stm32l4xx_hal_rtc.o                      930
    stm32l4xx_hal_spi.o                      520
    stm32l4xx_hal_tim.o                    2'348
    stm32l4xx_hal_tim_ex.o                   290
    stm32l4xx_hal_uart.o                   3'062
    stm32l4xx_hal_uart_ex.o                  278
    stm32l4xx_it.o                           204
    stm32l4xx_ll_usb.o                     2'156
    system_stm32l4xx.o                        92       56        4
    uart.o                                 1'916      475   10'196
    usb_device.o                             180      128      756
    usbd_cdc.o                               748       12      272
    usbd_cdc_if.o                            664       66       56
    usbd_conf.o                              640
    usbd_core.o                              666
    usbd_ctlreq.o                          1'184                 1
    usbd_desc.o                              268        4      608
    usbd_ioreq.o                              96
    --------------------------------------------------------------
    Total:                                95'430    6'791   65'083

dl7M_tlf.a: [2]
    XShttio.o                                  8        1        8
    abort.o                                    6
    dlmalloc.o                             7'396               496
    exit.o                                     4
    heaptramp0.o                               8
    iar_Stoflt.o                             440
    iar_Stolx.o                              144
    iar_Stopfx.o                             290
    iar_Stoulx.o                             320       80
    iar_Stoxflt.o                            520
    isalpha.o                                 20
    isspace.o                                 20
    low_level_init.o                           4
    snprintf.o                                68
    sprintf.o                                 64
    strncasecmp.o                             62
    strncmp.o                                 40
    tolower.o                                 20
    xencoding_8859_1.o                        30
    xfail_s.o                                 64                 4
    xgetmemchunk.o                            44                 4
    xlocale_c.o                              184       11      128
    xmbcurmax.o                               10
    xprintffull.o                          4'294
    xsnprout.o                                26
    xsprout.o                                 10
    --------------------------------------------------------------
    Total:                                14'096       92      640

dlpp7M_tl_fc.a: [3]
    delop4_0.o                                 4
    delop_0.o                                 10
    new.o                                                        4
    newaop_0.o                                 4
    newop_0.o                                 36
    nomemory.o                                 4
    --------------------------------------------------------------
    Total:                                    58                 4

m7M_tls.a: [4]
    DblAdd.o                                 362
    DblCmpGe.o                                46
    DblCmpLe.o                                46
    DblDiv.o                                 582
    DblMul.o                                 418
    DblSub.o                                 226
    DblToS32.o                                58
    DblToU32.o                                40
    FltToDbl.o                                72
    S32ToDbl.o                                34
    U32ToDbl.o                                26
    fpinit_M.o                                34
    frexp.o                                  112
    frexpf.o                                  72
    ldexp.o                                  314
    ldexpf.o                                 196
    strto32.o                                892
    --------------------------------------------------------------
    Total:                                 3'530

rt7M_tl.a: [5]
    ABImemclr.o                                6
    ABImemclr4.o                               6
    ABImemcpy.o                              166
    ABImemset.o                              102
    ABImemset48.o                             50
    I64DivMod_small.o                        262
    I64DivZer.o                                2
    cexit.o                                   10
    cmain.o                                   30
    cstartup_M.o                              12
    data_init.o                               40
    lz77_init_single.o                       120
    memchr.o                                  88
    memcmp.o                                 104
    memset.o                                  20
    strchr.o                                  22
    strlen.o                                  54
    strncpy.o                                112
    zero_init3.o                              58
    --------------------------------------------------------------
    Total:                                 1'264

shb_l.a: [6]
    ABIassert.o                               36
    exit.o                                    20
    iarttio.o                                 44
    unwind_debug.o                                      1
    --------------------------------------------------------------
    Total:                                   100        1

    Gaps                                      97        6
    Linker created                                     32  135'168
------------------------------------------------------------------
    Grand Total:                         114'575    6'922  200'895


*******************************************************************************
*** ENTRY LIST
***

Entry                       Address    Size  Type      Object
-----                       -------    ----  ----      ------
.iar.init_table$$Base    0x801'd248           --   Gb  - Linker created -
.iar.init_table$$Limit   0x801'd268           --   Gb  - Linker created -
?main                    0x801'd309          Code  Gb  cmain.o [5]
ADC_DMAConvCplt          0x800'6c7d    0x6c  Code  Gb  stm32l4xx_hal_adc.o [1]
ADC_DMAError             0x800'6cf1    0x16  Code  Gb  stm32l4xx_hal_adc.o [1]
ADC_DMAHalfConvCplt      0x800'6ce9     0x6  Code  Gb  stm32l4xx_hal_adc.o [1]
ADC_Enable               0x800'6be7    0x50  Code  Gb  stm32l4xx_hal_adc.o [1]
AHBPrescTable            0x801'cb8c    0x10  Data  Gb  system_stm32l4xx.o [1]
APBPrescTable            0x801'd754     0x8  Data  Gb  system_stm32l4xx.o [1]
ASCII_IsDig              0x801'7e87     0x6  Code  Gb  lib_ascii.o [1]
ASCII_ToUpper            0x801'7e8d     0xe  Code  Gb  lib_ascii.o [1]
App_OS_IdleTaskHook      0x800'd4a9     0x4  Code  Gb  os_app_hooks.o [1]
App_OS_RedzoneHitHook    0x800'd4ad     0x4  Code  Gb  os_app_hooks.o [1]
App_OS_SetAllHooks       0x800'd455    0x4a  Code  Gb  os_app_hooks.o [1]
App_OS_StatTaskHook      0x800'd4b1     0x2  Code  Gb  os_app_hooks.o [1]
App_OS_TaskCreateHook    0x800'd4b5     0x2  Code  Gb  os_app_hooks.o [1]
App_OS_TaskDelHook       0x800'd4b9     0x2  Code  Gb  os_app_hooks.o [1]
App_OS_TaskReturnHook    0x800'd4bd     0x2  Code  Gb  os_app_hooks.o [1]
App_OS_TaskSwHook        0x800'd4c1     0xe  Code  Gb  os_app_hooks.o [1]
App_OS_TimeTickHook      0x800'd4f5     0x2  Code  Gb  os_app_hooks.o [1]
BSP_OS_TickEnable        0x800'badb    0x24  Code  Gb  bsp_os.o [1]
BSP_OS_TickInit          0x800'ba79    0x62  Code  Gb  bsp_os.o [1]
BusFault_Handler         0x801'c50f     0x2  Code  Gb  stm32l4xx_it.o [1]
CDC_Control_FS           0x800'c35f    0x58  Code  Lc  usbd_cdc_if.o [1]
CDC_DeInit_FS            0x800'c35b     0x4  Code  Lc  usbd_cdc_if.o [1]
CDC_Init_FS              0x800'c335    0x26  Code  Lc  usbd_cdc_if.o [1]
CDC_Receive_FS           0x800'c3b7    0xd6  Code  Lc  usbd_cdc_if.o [1]
CDC_TransmitCplt_FS      0x800'c4b3     0x4  Code  Lc  usbd_cdc_if.o [1]
CDC_Transmit_FS          0x800'c48d    0x26  Code  Gb  usbd_cdc_if.o [1]
CDC_alloc_FS             0x800'c571    0x2e  Code  Gb  usbd_cdc_if.o [1]
CPU_CntLeadZeros         0x800'60eb          Code  Gb  cpu_a.o [1]
CPU_CntTrailZeros        0x800'60f1          Code  Gb  cpu_a.o [1]
CPU_Init                 0x800'd43d     0xa  Code  Gb  cpu_core.o [1]
CPU_IntDis               0x800'60ad          Code  Gb  cpu_a.o [1]
CPU_IntEn                0x800'60b1          Code  Gb  cpu_a.o [1]
CPU_RevBits              0x800'60fb          Code  Gb  cpu_a.o [1]
CPU_SR_Restore           0x800'60d1          Code  Gb  cpu_a.o [1]
CPU_SR_Save              0x800'60b5          Code  Gb  cpu_a.o [1]
CPU_SW_Exception         0x800'd447     0x2  Code  Gb  cpu_core.o [1]
CPU_TS_TmrFreqSet        0x800'd449     0x6  Code  Gb  cpu_core.o [1]
CPU_TS_TmrFreq_Hz       0x2001'001c     0x4  Data  Gb  cpu_core.o [1]
CPU_TS_TmrInit           0x800'e815    0x26  Code  Gb  bsp_cpu.o [1]
CPU_WaitForExcept        0x800'60e7          Code  Gb  cpu_a.o [1]
CPU_WaitForInt           0x800'60e3          Code  Gb  cpu_a.o [1]
CSTACK$$Base            0x2001'00c0           --   Gb  - Linker created -
CSTACK$$Limit           0x2002'10c0           --   Gb  - Linker created -
CacheMore                0x801'b115    0x28  Code  Lc  xlocale_c.o [2]
CircularRxBufferFS      0x2000'ffa8     0x4  Data  Gb  usbd_cdc_if.o [1]
ClearUARTxRcvBuffer      0x800'cdd1    0xb6  Code  Gb  uart.o [1]
DAmcSensorData::CalculatePressureFromMilliVolt(unsigned char, float)
                         0x801'7315    0x48  Code  Gb  DAmcSensorData.o [1]
DAmcSensorData::DAmcSensorData()
                         0x801'6af5    0x80  Code  Gb  DAmcSensorData.o [1]
DAmcSensorData::calculateSpamfits()
                         0x801'6fd3   0x2f0  Code  Gb  DAmcSensorData.o [1]
DAmcSensorData::calculateTemperatureFromMilliVolt(unsigned char, float)
                         0x801'735d    0x48  Code  Gb  DAmcSensorData.o [1]
DAmcSensorData::convertCalDateFromSensorToAppFormat(signed char *, signed char *, int)
                         0x801'7479     0xc  Code  Gb  DAmcSensorData.o [1]
DAmcSensorData::convertHeaderDateByte(unsigned char)
                         0x801'7485    0x22  Code  Gb  DAmcSensorData.o [1]
DAmcSensorData::convertHeaderDateFromSensorToAppFormat(unsigned char *, sDate_t *)
                         0x801'744d    0x2c  Code  Gb  DAmcSensorData.o [1]
DAmcSensorData::convertValueFromSensorToAppFormat(float)
                         0x801'740f    0x28  Code  Gb  DAmcSensorData.o [1]
DAmcSensorData::convertValueFromSensorToAppFormat(unsigned int)
                         0x801'7437    0x16  Code  Gb  DAmcSensorData.o [1]
DAmcSensorData::convertValueFromSensorToAppFormat(unsigned short)
                         0x801'73f5    0x1a  Code  Gb  DAmcSensorData.o [1]
DAmcSensorData::float_checksum(float)
                         0x801'72c3    0x52  Code  Gb  DAmcSensorData.o [1]
DAmcSensorData::getCompensatedPressureMeasurement(float, float)
                         0x801'6e71   0x162  Code  Gb  DAmcSensorData.o [1]
DAmcSensorData::getHandleToSensorCalDataMemory()
                         0x801'7a25     0x8  Code  Gb  DSensorOwiAmc.o [1]
DAmcSensorData::getHandleToSensorDataMemory()
                         0x801'7a21     0x4  Code  Gb  DSensorOwiAmc.o [1]
DAmcSensorData::getHandleToZeroOffset()
                         0x801'6de9     0x8  Code  Gb  DAmcSensorData.o [1]
DAmcSensorData::getManufacturingDate(sDate_t *)
                         0x801'6b75    0x22  Code  Gb  DAmcSensorData.o [1]
DAmcSensorData::getNegativeFullScale()
                         0x801'74f9     0xc  Code  Gb  DAmcSensorData.o [1]
DAmcSensorData::getPositiveFullScale()
                         0x801'74ed     0xc  Code  Gb  DAmcSensorData.o [1]
DAmcSensorData::getPressureMeasurement(unsigned int, unsigned int)
                         0x801'6df5    0x4c  Code  Gb  DAmcSensorData.o [1]
DAmcSensorData::getSerialNumber()
                         0x801'74bb    0x1e  Code  Gb  DAmcSensorData.o [1]
DAmcSensorData::getTransducerType()
                         0x801'74a7    0x14  Code  Gb  DAmcSensorData.o [1]
DAmcSensorData::getUserCalDate(sDate_t *)
                         0x801'6b97    0x22  Code  Gb  DAmcSensorData.o [1]
DAmcSensorData::get_index(short, short, short)
                         0x801'6e45    0x2c  Code  Gb  DAmcSensorData.o [1]
[...]
Virtual function table for DSlotMeasurePressureExt
                         0x801'd104    0x38  Data  Gb  DSlotMeasurePressureExt.o [1]
Virtual function table for DTask
                         0x801'd454    0x14  Data  Gb  DTask.o [1]
[local to Application_cpp]::startupTask(void *)
                         0x800'd58d    0x24  Code  Lc  Application.o [1]
_Encoding_8859_1_Mbrlen
                         0x800'1fc5     0x2  Code  Gb  xencoding_8859_1.o [2]
_Encoding_8859_1_Wctomb
                         0x800'1fb3    0x12  Code  Gb  xencoding_8859_1.o [2]
_LitobFull               0x801'a2fb   0x10a  Code  Lc  xprintffull.o [2]
_LocaleC_isalpha         0x801'b0db     0xc  Code  Gb  xlocale_c.o [2]
_LocaleC_islower         0x801'b0d5     0x4  Code  Gb  xlocale_c.o [2]
_LocaleC_isspace         0x801'b0f1    0x14  Code  Gb  xlocale_c.o [2]
_LocaleC_isupper         0x801'b0d9     0x2  Code  Gb  xlocale_c.o [2]
_LocaleC_tolower         0x801'b105     0xc  Code  Gb  xlocale_c.o [2]
_Locale_lconv           0x2000'2980    0x38  Data  Lc  xlocale_c.o [2]
_PrintfFull              0x801'93e9   0xcc2  Code  Gb  xprintffull.o [2]
_PutcharsFull            0x801'a46d    0x2e  Code  Lc  xprintffull.o [2]
_PutstrFull              0x801'a23b    0xc0  Code  Lc  xprintffull.o [2]
_PuttxtFull              0x801'a12f   0x10c  Code  Lc  xprintffull.o [2]
_SNProut                 0x800'333f    0x1a  Code  Gb  xsnprout.o [2]
_SProut                  0x800'3c77     0xa  Code  Gb  xsprout.o [2]
__NVIC_SetPriority       0x800'5099    0x1a  Code  Lc  stm32l4xx_hal_cortex.o [1]
__aeabi_assert           0x800'c5cd    0x24  Code  Gb  ABIassert.o [6]
__aeabi_cdcmple          0x801'b2ad          Code  Gb  DblCmpLe.o [4]
__aeabi_cdrcmple         0x801'b2dd          Code  Gb  DblCmpGe.o [4]
__aeabi_d2iz             0x801'b449          Code  Gb  DblToS32.o [4]
__aeabi_d2uiz            0x801'b7d5          Code  Gb  DblToU32.o [4]
__aeabi_ddiv             0x801'b58d          Code  Gb  DblDiv.o [4]
__aeabi_dmul             0x801'b819          Code  Gb  DblMul.o [4]
__aeabi_dsub             0x801'b4a9          Code  Gb  DblSub.o [4]
__aeabi_f2d              0x801'68c1          Code  Gb  FltToDbl.o [4]
__aeabi_i2d              0x801'b485          Code  Gb  S32ToDbl.o [4]
__aeabi_ldiv0            0x800'e811          Code  Gb  I64DivZer.o [5]
__aeabi_memclr           0x800'e081          Code  Gb  ABImemclr.o [5]
__aeabi_memclr4          0x800'b0c9          Code  Gb  ABImemclr4.o [5]
__aeabi_memcpy           0x800'1f0d          Code  Gb  ABImemcpy.o [5]
__aeabi_memcpy4          0x800'1f2d          Code  Gb  ABImemcpy.o [5]
__aeabi_memcpy8          0x800'1f2d          Code  Gb  ABImemcpy.o [5]
__aeabi_memset           0x800'a575          Code  Gb  ABImemset.o [5]
__aeabi_ui2d             0x801'b7fd          Code  Gb  U32ToDbl.o [4]
__cmain                  0x801'd309          Code  Gb  cmain.o [5]
__data_GetMemChunk       0x800'1ee1    0x2c  Code  Gb  xgetmemchunk.o [2]
__data_GetMemChunk::start
                        0x2001'00a0     0x4  Data  Lc  xgetmemchunk.o [2]
__exit                   0x800'1fd1    0x14  Code  Gb  exit.o [6]
__iar_Fail_s             0x801'b1a5    0x1c  Code  Gb  xfail_s.o [2]
__iar_Mbcurmax           0x801'b9bb     0xa  Code  Gb  xmbcurmax.o [2]
__iar_Memchr             0x801'b1e5          Code  Gb  memchr.o [5]
__iar_Memset             0x800'a575          Code  Gb  ABImemset.o [5]
__iar_Memset4_word       0x800'd61d          Code  Gb  ABImemset48.o [5]
__iar_Memset8_word       0x800'd61d          Code  Gb  ABImemset48.o [5]
__iar_Memset_word        0x800'a57d          Code  Gb  ABImemset.o [5]
__iar_Sto32              0x801'80b5   0x126  Code  Gb  strto32.o [4]
__iar_Stoflt             0x801'acad   0x1b8  Code  Gb  iar_Stoflt.o [2]
__iar_Stolx              0x801'7a2d    0x8c  Code  Gb  iar_Stolx.o [2]
__iar_Stopfx             0x801'ab89   0x122  Code  Gb  iar_Stopfx.o [2]
__iar_Stoulx             0x801'a929   0x13a  Code  Gb  iar_Stoulx.o [2]
__iar_Stoxflt            0x801'ae65   0x1d2  Code  Gb  iar_Stoxflt.o [2]
__iar_Stoxflt::digits    0x801'b03c    0x18  Data  Lc  iar_Stoxflt.o [2]
__iar_Stoxflt::vals      0x801'b054    0x18  Data  Lc  iar_Stoxflt.o [2]
__iar_Strchr             0x801'b18d          Code  Gb  strchr.o [5]
__iar_close_ttio         0x800'1fe5    0x2c  Code  Wk  iarttio.o [6]
__iar_dadd               0x801'b4b9          Code  Gb  DblSub.o [4]
__iar_data_init3         0x801'd1fd    0x28  Code  Gb  data_init.o [5]
__iar_debug_exceptions   0x800'900f     0x1  Data  Gb  unwind_debug.o [6]
__iar_dlfree             0x800'15db   0x51e  Code  Gb  dlmalloc.o [2]
__iar_dlmalloc           0x800'06ed   0xeee  Code  Gb  dlmalloc.o [2]
__iar_dlrealloc          0x800'1e15    0x7e  Code  Gb  dlmalloc.o [2]
__iar_dsub               0x801'b9e5          Code  Gb  DblAdd.o [4]
__iar_dsubStart          0x801'b9f7          Code  Gb  DblAdd.o [4]
__iar_frexp              0x801'b249          Code  Gb  frexp.o [4]
__iar_frexp32            0x801'aa7d          Code  Gb  frexpf.o [4]
__iar_frexpf             0x801'aa91          Code  Gb  frexpf.o [4]
__iar_frexpl             0x801'b249          Code  Gb  frexp.o [4]
__iar_globLocale        0x2000'29b8    0x48  Data  Lc  xlocale_c.o [2]
__iar_global_Locale      0x801'b111     0x4  Code  Gb  xlocale_c.o [2]
__iar_init_vfp           0x801'd225          Code  Gb  fpinit_M.o [4]
__iar_ldexp32            0x801'aac5          Code  Gb  ldexpf.o [4]
__iar_ldexp64            0x801'b30d          Code  Gb  ldexp.o [4]
__iar_lookup_ttioh       0x800'2011     0x8  Code  Gb  XShttio.o [2]
__iar_lz77_init_single3
                         0x801'c941    0x78  Code  Gb  lz77_init_single.o [5]
__iar_program_start      0x801'd659          Code  Gb  cstartup_M.o [5]
__iar_scalbln32          0x801'aac5          Code  Gb  ldexpf.o [4]
__iar_scalbln64          0x801'b30d          Code  Gb  ldexp.o [4]
__iar_scalbn32           0x801'aac5          Code  Gb  ldexpf.o [4]
__iar_scalbn64           0x801'b30d          Code  Gb  ldexp.o [4]
__iar_small_uldivmod     0x800'd315          Code  Gb  I64DivMod_small.o [5]
__iar_softfp___iar_frexp64
                         0x801'b23d          Code  Gb  frexp.o [4]
__iar_softfp_frexp       0x801'b23d          Code  Gb  frexp.o [4]
__iar_softfp_frexpl      0x801'b23d          Code  Gb  frexp.o [4]
__iar_ttio_handles      0x2000'2a00     0x8  Data  Lc  XShttio.o [2]
__iar_zero_init3         0x800'1ea7    0x3a  Code  Gb  zero_init3.o [5]
__low_level_init         0x801'd327     0x4  Code  Gb  low_level_init.o [2]
__vector_table           0x800'0000          Data  Gb  startup_stm32l4r5xx.o [1]
_call_main               0x801'd315          Code  Gb  cmain.o [5]
_exit                    0x801'd331          Code  Gb  cexit.o [5]
_gLocale_mblen           0x801'b179     0x4  Code  Gb  xlocale_c.o [2]
_gLocale_mblenInt        0x801'b13d    0x2c  Code  Gb  xlocale_c.o [2]
_gLocale_wctomb          0x801'b17d     0x4  Code  Gb  xlocale_c.o [2]
_gLocale_wctombInt       0x801'b175     0x4  Code  Gb  xlocale_c.o [2]
_gm_                    0x2000'f724   0x1d8  Data  Lc  dlmalloc.o [2]
_main                    0x801'd323          Code  Gb  cmain.o [5]
abort                    0x800'1ea1     0x6  Code  Gb  abort.o [2]
bufReadback             0x2000'a808  0x1000  Data  Gb  OSPI_NOR_MX25L25645.o [1]
cLPS22HH_Const_ICAddrShifted
                         0x801'd760     0x4  Data  Lc  cLPS22HH.o [1]
cLPS22HH_Const_WhoAmI    0x801'd75c     0x4  Data  Lc  cLPS22HH.o [1]
cLPS22HH_Reg_CtrlReg1    0x800'64ef     0x1  Data  Lc  cLPS22HH.o [1]
cLPS22HH_Reg_CtrlReg2    0x800'6d06     0x1  Data  Lc  cLPS22HH.o [1]
cLPS22HH_Reg_FifoCtrl    0x800'6d07     0x1  Data  Lc  cLPS22HH.o [1]
cLPS22HH_Reg_IntSource   0x800'6d86     0x1  Data  Lc  cLPS22HH.o [1]
cLPS22HH_Reg_WhoAmI      0x800'64ee     0x1  Data  Lc  cLPS22HH.o [1]
cLPS22HH_Setting_CtrlReg1_trig
                         0x800'79e7     0x1  Data  Lc  cLPS22HH.o [1]
cLPS22HH_Setting_CtrlReg2_swReset
                         0x800'6d87     0x1  Data  Lc  cLPS22HH.o [1]
cLPS22HH_Setting_FifoCtrl_trig
                         0x800'79e6     0x1  Data  Lc  cLPS22HH.o [1]
cLPS22HH_setup_config    0x801'd664     0x8  Data  Lc  cLPS22HH.o [1]
cRdSetupConfigLength     0x800'86ef     0x1  Data  Lc  cLPS22HH.o [1]
cWrSetupConfigLength     0x800'86ee     0x1  Data  Lc  cLPS22HH.o [1]
commandsList            0x2000'df40   0x3e8  Data  Gb  DStepperMotor.o [1]
crc32                    0x801'0e35    0x2c  Code  Gb  crc.o [1]
crc32_table              0x801'bb50   0x400  Data  Lc  crc.o [1]
createAppTask            0x800'd545    0x46  Code  Gb  Application.o [1]
createMemoryPartition    0x800'd4f9    0x4c  Code  Gb  memory.o [1]
dateTime_dateValid       0x801'0239    0x80  Code  Gb  cDateTime.o [1]
dateTime_isLeapYear      0x801'018d    0x3c  Code  Lc  cDateTime.o [1]
dateTime_noDaysBtwDates
                         0x801'02b9   0x146  Code  Gb  cDateTime.o [1]
dateTime_noDaysExpRemInYrToDate
                         0x801'01c9    0x70  Code  Gb  cDateTime.o [1]
dateTime_timeValid       0x801'040d    0x2e  Code  Gb  cDateTime.o [1]
daysSinceDate            0x800'ebf3    0x5e  Code  Gb  Utilities.o [1]
digits                   0x801'ccb8    0x28  Data  Lc  iar_Stoulx.o [2]
disableSerialPortTxLine
                         0x800'cbd1    0x3c  Code  Gb  uart.o [1]
dispose_chunk            0x800'0245   0x4a6  Code  Lc  dlmalloc.o [2]
dmul                     0x801'7e9d    0x90  Code  Lc  strto32.o [4]
duciSlaveLocalCommands  0x2000'ec3c   0x280  Data  Gb  DCommsStateLocal.o [1]
duciSlaveProdTestCommands
                        0x2000'd638   0x500  Data  Gb  DCommsStateProdTest.o [1]
duciSlaveRemoteCommands
                        0x2000'8a08  0x1e00  Data  Gb  DCommsStateRemote.o [1]
duciSlaveUsbCommands    0x2000'eebc   0x280  Data  Gb  DCommsStateUsbIdle.o [1]
eepromRead               0x801'0ca9    0x40  Code  Gb  EEPROM.o [1]
eepromTest               0x801'0d5f    0xd6  Code  Gb  EEPROM.o [1]
eepromWrite              0x801'0ce9    0x76  Code  Gb  EEPROM.o [1]
enableSerialPortTxLine   0x800'cb95    0x3c  Code  Gb  uart.o [1]
exit                     0x801'd32b     0x4  Code  Gb  exit.o [2]
expectedNumOfBytes      0x2000'0034     0xc  Data  Lc  uart.o [1]
floatEqual               0x800'eb51    0x22  Code  Gb  Utilities.o [1]
free                     0x800'e087     0x4  Code  Gb  heaptramp0.o [2]
frexpf                   0x801'aa7d          Code  Gb  frexpf.o [4]
getAvailableUARTxReceivedByteCount
                         0x800'ccd3    0x24  Code  Gb  uart.o [1]
getDate                  0x801'0057    0x36  Code  Gb  cRtc.o [1]
getHandleToUARTxRcvBuffer
                         0x800'd295    0x40  Code  Gb  uart.o [1]
getSystemDate            0x800'ec51    0x28  Code  Gb  Utilities.o [1]
getSystemTime            0x800'ecd5    0x24  Code  Gb  Utilities.o [1]
getTime                  0x801'0025    0x32  Code  Gb  cRtc.o [1]
getUartPortNumber        0x800'cc0d    0x42  Code  Lc  uart.o [1]
gpioIntSem              0x2000'ff14    0x24  Data  Gb  DKeyHandler.o [1]
hUsbDeviceFS            0x2000'e948   0x2d0  Data  Gb  usb_device.o [1]
hadc1                   0x2000'cfd8    0x68  Data  Gb  main.o [1]
hcrc                    0x2000'ff38    0x24  Data  Gb  main.o [1]
hdma_adc1               0x2000'fdf0    0x60  Data  Gb  main.o [1]
hi2c1                   0x2000'd44c    0x4c  Data  Gb  main.o [1]
hi2c2                   0x2000'd498    0x4c  Data  Gb  main.o [1]
hi2c3                   0x2000'd4e4    0x4c  Data  Gb  main.o [1]
hi2c4                   0x2000'd530    0x4c  Data  Gb  main.o [1]
hlptim1                 0x2000'd108    0x38  Data  Gb  main.o [1]
hospi1                  0x2000'd140    0x50  Data  Gb  main.o [1]
hpcd_USB_OTG_FS         0x2000'db38   0x408  Data  Gb  main.o [1]
hrtc                    0x2000'd57c    0x24  Data  Gb  main.o [1]
hspi1                   0x2000'd040    0x64  Data  Gb  main.o [1]
hspi2                   0x2000'd0a4    0x64  Data  Gb  main.o [1]
htim1                   0x2000'd5a0    0x4c  Data  Gb  main.o [1]
htim2                   0x2000'fe50    0x4c  Data  Gb  main.o [1]
htim3                   0x2000'fe9c    0x4c  Data  Gb  main.o [1]
htim4                   0x2000'd5ec    0x4c  Data  Gb  main.o [1]
huart1                  0x2000'd2a8    0x8c  Data  Gb  main.o [1]
huart2                  0x2000'd334    0x8c  Data  Gb  main.o [1]
huart3                  0x2000'd3c0    0x8c  Data  Gb  main.o [1]
huart4                  0x2000'd190    0x8c  Data  Gb  main.o [1]
huart5                  0x2000'd21c    0x8c  Data  Gb  main.o [1]
i2cInit                  0x800'3c81    0x5c  Code  Gb  i2c.o [1]
i2cMutex                0x2000'f554    0xb0  Data  Lc  i2c.o [1]
i2cRxSem                0x2000'f604    0x90  Data  Lc  i2c.o [1]
i2cTxSem                0x2000'f694    0x90  Data  Lc  i2c.o [1]
i2c_getElement           0x800'3e71    0x2e  Code  Lc  i2c.o [1]
i2c_p_err               0x2000'f53c     0x8  Data  Lc  i2c.o [1]
i2c_reInit               0x800'3cf9    0x2a  Code  Lc  i2c.o [1]
inIndex                 0x2000'ffa6     0x2  Data  Gb  usbd_cdc_if.o [1]
inRxCount               0x2000'ffa2     0x2  Data  Gb  usbd_cdc_if.o [1]
init_mparams             0x800'01d7    0x2c  Code  Lc  dlmalloc.o [2]
init_top                 0x800'0203    0x34  Code  Lc  dlmalloc.o [2]
isDateValid              0x800'eb75    0x7e  Code  Gb  Utilities.o [1]
isalpha                  0x801'b9cf    0x14  Code  Gb  isalpha.o [2]
isnan(float)             0x801'6909    0x28  Code  Gb  DCalibration.o [1]
isspace                  0x801'a913    0x14  Code  Gb  isspace.o [2]
ldexp                    0x801'b30d          Code  Gb  ldexp.o [4]
ldexpf                   0x801'aac5          Code  Gb  ldexpf.o [4]
ldexpl                   0x801'b30d          Code  Gb  ldexp.o [4]
linecoding              0x2000'2904     0x8  Data  Gb  usbd_cdc_if.o [1]
localeconv               0x801'b181     0x4  Code  Gb  xlocale_c.o [2]
main                     0x800'4729   0x7a0  Code  Gb  main.o [1]
memBlocks               0x2000'2a08  0x6000  Data  Gb  memory.o [1]
memPartition            0x2000'ff80    0x20  Data  Gb  memory.o [1]
memchr                   0x801'b1e5          Code  Gb  memchr.o [5]
memcmp                   0x801'b06d          Code  Gb  memcmp.o [5]
memset                   0x800'526d    0x14  Code  Gb  memset.o [5]
monthDays                0x801'd1cc    0x30  Data  Lc  Utilities.o [1]
mparams                 0x2000'ffbc    0x18  Data  Lc  dlmalloc.o [2]
ndigs                    0x801'cc90    0x28  Data  Lc  iar_Stoulx.o [2]
operator delete (void *)
                         0x801'b9c5     0xa  Code  Gb  delop_0.o [3]
operator delete (void *, unsigned int)
                         0x801'a68f     0x4  Code  Gb  delop4_0.o [3]
operator new (unsigned int)
                         0x800'da41    0x24  Code  Gb  newop_0.o [3]
operator new[] (unsigned int)
                         0x800'bd23     0x4  Code  Gb  newaop_0.o [3]
outIndex                0x2000'ffa4     0x2  Data  Gb  usbd_cdc_if.o [1]
outRxCount              0x2000'ffa0     0x2  Data  Gb  usbd_cdc_if.o [1]
pUserRxBufferFS         0x2000'ffb0     0x4  Data  Gb  usbd_cdc_if.o [1]
pUserTxBufferFS         0x2000'ffac     0x4  Data  Gb  usbd_cdc_if.o [1]
p_err                   0x2000'0028     0xc  Data  Lc  uart.o [1]
pows                     0x801'8200    0x18  Data  Lc  strto32.o [4]
psvi                    0x2001'00a4     0x2  Data  Gb  DPressureCompensation.o [1]
quadsolve(point_t *, sQuadratic_t &)
                         0x801'a8a5    0x6e  Code  Gb  DPressureCompensation.o [1]
realloc                  0x800'e08b     0x4  Code  Gb  heaptramp0.o [2]
rxReady                 0x2000'0020     0x8  Data  Lc  uart.o [1]
sMonthDay                0x801'c824    0x9c  Data  Gb  cDateTime.o [1]
saveBuf                 0x2000'ffb4     0x4  Data  Gb  usbd_cdc_if.o [1]
saveLen                 0x2000'ffb8     0x4  Data  Gb  usbd_cdc_if.o [1]
scalbln                  0x801'b30d          Code  Gb  ldexp.o [4]
scalblnf                 0x801'aac5          Code  Gb  ldexpf.o [4]
scalblnl                 0x801'b30d          Code  Gb  ldexp.o [4]
scalbn                   0x801'b30d          Code  Gb  ldexp.o [4]
scalbnf                  0x801'aac5          Code  Gb  ldexpf.o [4]
scalbnl                  0x801'b30d          Code  Gb  ldexp.o [4]
scale                    0x801'a405    0x46  Code  Lc  xprintffull.o [2]
sec_hand                0x2001'009c     0x4  Data  Lc  xfail_s.o [2]
segment_holding          0x800'01bd    0x1a  Code  Lc  dlmalloc.o [2]
sendOverUART4            0x800'cd53    0x38  Code  Gb  uart.o [1]
sendOverUART5            0x800'cd95    0x36  Code  Gb  uart.o [1]
sendOverUSART2           0x800'ccf7    0x3c  Code  Gb  uart.o [1]
setDate                  0x801'0111    0x70  Code  Gb  cRtc.o [1]
setSystemDate            0x800'ec79    0x46  Code  Gb  Utilities.o [1]
setSystemTime            0x800'ecf9    0x22  Code  Gb  Utilities.o [1]
setTime                  0x801'008d    0x84  Code  Gb  cRtc.o [1]
sleep                    0x800'eb05    0x4c  Code  Gb  Utilities.o [1]
snprintf                 0x801'687d    0x44  Code  Gb  snprintf.o [2]
spam(sSpamCubic_t *, short, float)
                         0x801'a6a1    0xb2  Code  Gb  DPressureCompensation.o [1]
spamfit(point_t const *, short, sSpamCubic_t *)
                         0x801'a759   0x14c  Code  Gb  DPressureCompensation.o [1]
sprintf                  0x801'7d8d    0x40  Code  Gb  sprintf.o [2]
startupTaskStk          0x2000'c808   0x7d0  Data  Lc  Application.o [1]
startupTaskTCB          0x2000'fbbc    0xbc  Data  Lc  Application.o [1]
std::_NomemoryNothrow()
                         0x800'ed1b     0x4  Code  Gb  nomemory.o [3]
std::__iar_New_hand     0x2001'0098     0x4  Data  Gb  new.o [3]
strchr                   0x801'b18d          Code  Gb  strchr.o [5]
strlen                   0x801'270d          Code  Gb  strlen.o [5]
strncasecmp              0x801'7dcd    0x3e  Code  Gb  strncasecmp.o [2]
strncmp                  0x801'5941    0x28  Code  Gb  strncmp.o [2]
strncpy                  0x801'7e0d          Code  Gb  strncpy.o [5]
strtof                   0x801'81f9     0x6  Code  Gb  strto32.o [4]
strtol                   0x801'7ab9     0x4  Code  Gb  iar_Stolx.o [2]
tolower                  0x801'aa69    0x14  Code  Gb  tolower.o [2]
try_realloc_chunk        0x800'1afd   0x318  Code  Lc  dlmalloc.o [2]
uart4RxBuffer           0x2000'248c   0x100  Data  Lc  uart.o [1]
uart5RxBuffer           0x2000'258c   0x100  Data  Lc  uart.o [1]
uartInit                 0x800'cc4f    0x84  Code  Gb  uart.o [1]
uartRcvSemNames         0x2000'0054    0xfc  Data  Lc  uart.o [1]
uartSemRcv              0x2000'2740    0xb4  Data  Lc  uart.o [1]
uartSemSend             0x2000'268c    0xb4  Data  Lc  uart.o [1]
uartSendSemNames        0x2000'0150    0xfc  Data  Lc  uart.o [1]
usart1RxBuffer          0x2000'024c   0x100  Data  Lc  uart.o [1]
usart2RxBuffer          0x2000'034c  0x2040  Data  Lc  uart.o [1]
usart3RxBuffer          0x2000'238c   0x100  Data  Lc  uart.o [1]
usbSemRcv               0x2000'ec18    0x24  Data  Gb  usb_device.o [1]
uwTick                  0x2000'0014     0x4  Data  Gb  stm32l4xx_hal.o [1]
uwTickFreq              0x2000'0010     0x1  Data  Gb  stm32l4xx_hal.o [1]
uwTickPrio              0x2000'0018     0x4  Data  Gb  stm32l4xx_hal.o [1]
waitToReceiveOverUart4   0x800'cec3    0x18  Code  Gb  uart.o [1]
waitToReceiveOverUart5   0x800'cedb    0x18  Code  Gb  uart.o [1]
waitToReceiveOverUsart2
                         0x800'ce97    0x16  Code  Gb  uart.o [1]


[1] = C:\Users\312005216\Box Sync\GitHub\DK0499_POC\EWARM\DK0499\Obj
[2] = dl7M_tlf.a
[3] = dlpp7M_tl_fc.a
[4] = m7M_tls.a
[5] = rt7M_tl.a
[6] = shb_l.a

  114'575 bytes of readonly  code memory
    6'922 bytes of readonly  data memory
  200'895 bytes of readwrite data memory

Errors: none
Warnings: none
