###############################################################################
#
# IAR ELF Linker V8.42.1.233/W32 for ARM                  25/Jun/2021  14:16:55
# Copyright 2007-2019 IAR Systems AB.
#
#    Output file  =
#        C:\Users\212596572\Box Sync\Projects\Druck\PV624
#        NPI\Github\DK0499_POC\EWARM\DK0499\Exe\DK0499.out
#    Map file     =
#        C:\Users\212596572\Box Sync\Projects\Druck\PV624
#        NPI\Github\DK0499_POC\EWARM\DK0499\List\DK0499.map
#    Command line =
#        -f C:\Users\212596~1\AppData\Local\Temp\EWB215.tmp
#        ("C:\Users\212596572\Box Sync\Projects\Druck\PV624
#        NPI\Github\DK0499_POC\EWARM\DK0499\Obj\Application.o"
#        "C:\Users\212596572\Box Sync\Projects\Druck\PV624
#        NPI\Github\DK0499_POC\EWARM\DK0499\Obj\bsp_cpu.o"
#        "C:\Users\212596572\Box Sync\Projects\Druck\PV624
#        NPI\Github\DK0499_POC\EWARM\DK0499\Obj\bsp_os.o"
#        "C:\Users\212596572\Box Sync\Projects\Druck\PV624
#        NPI\Github\DK0499_POC\EWARM\DK0499\Obj\cBL652.o"
#        "C:\Users\212596572\Box Sync\Projects\Druck\PV624
#        NPI\Github\DK0499_POC\EWARM\DK0499\Obj\cDateTime.o"
#        "C:\Users\212596572\Box Sync\Projects\Druck\PV624
#        NPI\Github\DK0499_POC\EWARM\DK0499\Obj\cLPS22HH.o"
#        "C:\Users\212596572\Box Sync\Projects\Druck\PV624
#        NPI\Github\DK0499_POC\EWARM\DK0499\Obj\cpu_a.o"
#        "C:\Users\212596572\Box Sync\Projects\Druck\PV624
#        NPI\Github\DK0499_POC\EWARM\DK0499\Obj\cpu_c.o"
#        "C:\Users\212596572\Box Sync\Projects\Druck\PV624
#        NPI\Github\DK0499_POC\EWARM\DK0499\Obj\cpu_core.o"
#        "C:\Users\212596572\Box Sync\Projects\Druck\PV624
#        NPI\Github\DK0499_POC\EWARM\DK0499\Obj\crc.o" "C:\Users\212596572\Box
#        Sync\Projects\Druck\PV624
#        NPI\Github\DK0499_POC\EWARM\DK0499\Obj\cRtc.o" "C:\Users\212596572\Box
#        Sync\Projects\Druck\PV624
#        NPI\Github\DK0499_POC\EWARM\DK0499\Obj\cUartBluetooth.o"
#        "C:\Users\212596572\Box Sync\Projects\Druck\PV624
#        NPI\Github\DK0499_POC\EWARM\DK0499\Obj\cVersion.o"
#        "C:\Users\212596572\Box Sync\Projects\Druck\PV624
#        NPI\Github\DK0499_POC\EWARM\DK0499\Obj\DAmcSensorData.o"
#        "C:\Users\212596572\Box Sync\Projects\Druck\PV624
#        NPI\Github\DK0499_POC\EWARM\DK0499\Obj\DBattery.o"
#        "C:\Users\212596572\Box Sync\Projects\Druck\PV624
#        NPI\Github\DK0499_POC\EWARM\DK0499\Obj\DBinaryParser.o"
#        "C:\Users\212596572\Box Sync\Projects\Druck\PV624
#        NPI\Github\DK0499_POC\EWARM\DK0499\Obj\DCalibration.o"
#        "C:\Users\212596572\Box Sync\Projects\Druck\PV624
#        NPI\Github\DK0499_POC\EWARM\DK0499\Obj\DComms.o"
#        "C:\Users\212596572\Box Sync\Projects\Druck\PV624
#        NPI\Github\DK0499_POC\EWARM\DK0499\Obj\DCommsBluetooth.o"
#        "C:\Users\212596572\Box Sync\Projects\Druck\PV624
#        NPI\Github\DK0499_POC\EWARM\DK0499\Obj\DCommsFsm.o"
#        "C:\Users\212596572\Box Sync\Projects\Druck\PV624
#        NPI\Github\DK0499_POC\EWARM\DK0499\Obj\DCommsFsmBluetooth.o"
#        "C:\Users\212596572\Box Sync\Projects\Druck\PV624
#        NPI\Github\DK0499_POC\EWARM\DK0499\Obj\DCommsFsmOwi.o"
#        "C:\Users\212596572\Box Sync\Projects\Druck\PV624
#        NPI\Github\DK0499_POC\EWARM\DK0499\Obj\DCommsFsmUsb.o"
#        "C:\Users\212596572\Box Sync\Projects\Druck\PV624
#        NPI\Github\DK0499_POC\EWARM\DK0499\Obj\DCommsOwi.o"
#        "C:\Users\212596572\Box Sync\Projects\Druck\PV624
#        NPI\Github\DK0499_POC\EWARM\DK0499\Obj\DCommsState.o"
#        "C:\Users\212596572\Box Sync\Projects\Druck\PV624
#        NPI\Github\DK0499_POC\EWARM\DK0499\Obj\DCommsStateBluetoothIdle.o"
#        "C:\Users\212596572\Box Sync\Projects\Druck\PV624
#        NPI\Github\DK0499_POC\EWARM\DK0499\Obj\DCommsStateDuci.o"
#        "C:\Users\212596572\Box Sync\Projects\Druck\PV624
#        NPI\Github\DK0499_POC\EWARM\DK0499\Obj\DCommsStateLocal.o"
#        "C:\Users\212596572\Box Sync\Projects\Druck\PV624
#        NPI\Github\DK0499_POC\EWARM\DK0499\Obj\DCommsStateProdTest.o"
#        "C:\Users\212596572\Box Sync\Projects\Druck\PV624
#        NPI\Github\DK0499_POC\EWARM\DK0499\Obj\DCommsStateRemote.o"
#        "C:\Users\212596572\Box Sync\Projects\Druck\PV624
#        NPI\Github\DK0499_POC\EWARM\DK0499\Obj\DCommsStateRemoteBluetooth.o"
#        "C:\Users\212596572\Box Sync\Projects\Druck\PV624
#        NPI\Github\DK0499_POC\EWARM\DK0499\Obj\DCommsStateRemoteOwi.o"
#        "C:\Users\212596572\Box Sync\Projects\Druck\PV624
#        NPI\Github\DK0499_POC\EWARM\DK0499\Obj\DCommsStateRemoteUsb.o"
#        "C:\Users\212596572\Box Sync\Projects\Druck\PV624
#        NPI\Github\DK0499_POC\EWARM\DK0499\Obj\DCommsStateUsbIdle.o"
#        "C:\Users\212596572\Box Sync\Projects\Druck\PV624
#        NPI\Github\DK0499_POC\EWARM\DK0499\Obj\DCommsUsb.o"
#        "C:\Users\212596572\Box Sync\Projects\Druck\PV624
#        NPI\Github\DK0499_POC\EWARM\DK0499\Obj\DDevice.o"
#        "C:\Users\212596572\Box Sync\Projects\Druck\PV624
#        NPI\Github\DK0499_POC\EWARM\DK0499\Obj\DDeviceSerial.o"
#        "C:\Users\212596572\Box Sync\Projects\Druck\PV624
#        NPI\Github\DK0499_POC\EWARM\DK0499\Obj\DDeviceSerialBluetooth.o"
#        "C:\Users\212596572\Box Sync\Projects\Druck\PV624
#        NPI\Github\DK0499_POC\EWARM\DK0499\Obj\DDeviceSerialOwiInterface1.o"
#        "C:\Users\212596572\Box Sync\Projects\Druck\PV624
#        NPI\Github\DK0499_POC\EWARM\DK0499\Obj\DDeviceSerialOwiInterface2.o"
#        "C:\Users\212596572\Box Sync\Projects\Druck\PV624
#        NPI\Github\DK0499_POC\EWARM\DK0499\Obj\DDeviceSerialSlaveMicroController.o"
#        "C:\Users\212596572\Box Sync\Projects\Druck\PV624
#        NPI\Github\DK0499_POC\EWARM\DK0499\Obj\DDeviceSerialUSB.o"
#        "C:\Users\212596572\Box Sync\Projects\Druck\PV624
#        NPI\Github\DK0499_POC\EWARM\DK0499\Obj\DErrorHandler.o"
#        "C:\Users\212596572\Box Sync\Projects\Druck\PV624
#        NPI\Github\DK0499_POC\EWARM\DK0499\Obj\DFilter.o"
#        "C:\Users\212596572\Box Sync\Projects\Druck\PV624
#        NPI\Github\DK0499_POC\EWARM\DK0499\Obj\DFilterAdaptive.o"
#        "C:\Users\212596572\Box Sync\Projects\Druck\PV624
#        NPI\Github\DK0499_POC\EWARM\DK0499\Obj\DFunction.o"
#        "C:\Users\212596572\Box Sync\Projects\Druck\PV624
#        NPI\Github\DK0499_POC\EWARM\DK0499\Obj\DFunctionMeasure.o"
#        "C:\Users\212596572\Box Sync\Projects\Druck\PV624
#        NPI\Github\DK0499_POC\EWARM\DK0499\Obj\DFunctionMeasureAndControl.o"
#        "C:\Users\212596572\Box Sync\Projects\Druck\PV624
#        NPI\Github\DK0499_POC\EWARM\DK0499\Obj\DInstrument.o"
#        "C:\Users\212596572\Box Sync\Projects\Druck\PV624
#        NPI\Github\DK0499_POC\EWARM\DK0499\Obj\DKeyHandler.o"
#        "C:\Users\212596572\Box Sync\Projects\Druck\PV624
#        NPI\Github\DK0499_POC\EWARM\DK0499\Obj\DLock.o"
#        "C:\Users\212596572\Box Sync\Projects\Druck\PV624
#        NPI\Github\DK0499_POC\EWARM\DK0499\Obj\DOwiParse.o"
#        "C:\Users\212596572\Box Sync\Projects\Druck\PV624
#        NPI\Github\DK0499_POC\EWARM\DK0499\Obj\DParse.o"
#        "C:\Users\212596572\Box Sync\Projects\Druck\PV624
#        NPI\Github\DK0499_POC\EWARM\DK0499\Obj\DParseMaster.o"
#        "C:\Users\212596572\Box Sync\Projects\Druck\PV624
#        NPI\Github\DK0499_POC\EWARM\DK0499\Obj\DParseSlave.o"
#        "C:\Users\212596572\Box Sync\Projects\Druck\PV624
#        NPI\Github\DK0499_POC\EWARM\DK0499\Obj\DPersistent.o"
#        "C:\Users\212596572\Box Sync\Projects\Druck\PV624
#        NPI\Github\DK0499_POC\EWARM\DK0499\Obj\DPowerManager.o"
#        "C:\Users\212596572\Box Sync\Projects\Druck\PV624
#        NPI\Github\DK0499_POC\EWARM\DK0499\Obj\DPressureCompensation.o"
#        "C:\Users\212596572\Box Sync\Projects\Druck\PV624
#        NPI\Github\DK0499_POC\EWARM\DK0499\Obj\DProductionTest.o"
#        "C:\Users\212596572\Box Sync\Projects\Druck\PV624
#        NPI\Github\DK0499_POC\EWARM\DK0499\Obj\DPV624.o"
#        "C:\Users\212596572\Box Sync\Projects\Druck\PV624
#        NPI\Github\DK0499_POC\EWARM\DK0499\Obj\DSensor.o"
#        "C:\Users\212596572\Box Sync\Projects\Druck\PV624
#        NPI\Github\DK0499_POC\EWARM\DK0499\Obj\DSensorChipBarometer.o"
#        "C:\Users\212596572\Box Sync\Projects\Druck\PV624
#        NPI\Github\DK0499_POC\EWARM\DK0499\Obj\DSensorExternal.o"
#        "C:\Users\212596572\Box Sync\Projects\Druck\PV624
#        NPI\Github\DK0499_POC\EWARM\DK0499\Obj\DSensorOwi.o"
#        "C:\Users\212596572\Box Sync\Projects\Druck\PV624
#        NPI\Github\DK0499_POC\EWARM\DK0499\Obj\DSensorOwiAmc.o"
#        "C:\Users\212596572\Box Sync\Projects\Druck\PV624
#        NPI\Github\DK0499_POC\EWARM\DK0499\Obj\DSensorTemperature.o"
#        "C:\Users\212596572\Box Sync\Projects\Druck\PV624
#        NPI\Github\DK0499_POC\EWARM\DK0499\Obj\DSlot.o"
#        "C:\Users\212596572\Box Sync\Projects\Druck\PV624
#        NPI\Github\DK0499_POC\EWARM\DK0499\Obj\DSlotExternal.o"
#        "C:\Users\212596572\Box Sync\Projects\Druck\PV624
#        NPI\Github\DK0499_POC\EWARM\DK0499\Obj\DSlotMeasureBarometer.o"
#        "C:\Users\212596572\Box Sync\Projects\Druck\PV624
#        NPI\Github\DK0499_POC\EWARM\DK0499\Obj\DSlotMeasurePressureExt.o"
#        "C:\Users\212596572\Box Sync\Projects\Druck\PV624
#        NPI\Github\DK0499_POC\EWARM\DK0499\Obj\DSlotSwitch.o"
#        "C:\Users\212596572\Box Sync\Projects\Druck\PV624
#        NPI\Github\DK0499_POC\EWARM\DK0499\Obj\DStepperMotor.o"
#        "C:\Users\212596572\Box Sync\Projects\Druck\PV624
#        NPI\Github\DK0499_POC\EWARM\DK0499\Obj\DTask.o"
#        "C:\Users\212596572\Box Sync\Projects\Druck\PV624
#        NPI\Github\DK0499_POC\EWARM\DK0499\Obj\DUserInterface.o"
#        "C:\Users\212596572\Box Sync\Projects\Druck\PV624
#        NPI\Github\DK0499_POC\EWARM\DK0499\Obj\DValve.o"
#        "C:\Users\212596572\Box Sync\Projects\Druck\PV624
#        NPI\Github\DK0499_POC\EWARM\DK0499\Obj\DVoltageMonitor.o"
#        "C:\Users\212596572\Box Sync\Projects\Druck\PV624
#        NPI\Github\DK0499_POC\EWARM\DK0499\Obj\EEPROM.o"
#        "C:\Users\212596572\Box Sync\Projects\Druck\PV624
#        NPI\Github\DK0499_POC\EWARM\DK0499\Obj\i2c.o" "C:\Users\212596572\Box
#        Sync\Projects\Druck\PV624
#        NPI\Github\DK0499_POC\EWARM\DK0499\Obj\leds.o" "C:\Users\212596572\Box
#        Sync\Projects\Druck\PV624
#        NPI\Github\DK0499_POC\EWARM\DK0499\Obj\lib_ascii.o"
#        "C:\Users\212596572\Box Sync\Projects\Druck\PV624
#        NPI\Github\DK0499_POC\EWARM\DK0499\Obj\lib_math.o"
#        "C:\Users\212596572\Box Sync\Projects\Druck\PV624
#        NPI\Github\DK0499_POC\EWARM\DK0499\Obj\lib_mem.o"
#        "C:\Users\212596572\Box Sync\Projects\Druck\PV624
#        NPI\Github\DK0499_POC\EWARM\DK0499\Obj\lib_str.o"
#        "C:\Users\212596572\Box Sync\Projects\Druck\PV624
#        NPI\Github\DK0499_POC\EWARM\DK0499\Obj\LTC4100.o"
#        "C:\Users\212596572\Box Sync\Projects\Druck\PV624
#        NPI\Github\DK0499_POC\EWARM\DK0499\Obj\main.o" "C:\Users\212596572\Box
#        Sync\Projects\Druck\PV624
#        NPI\Github\DK0499_POC\EWARM\DK0499\Obj\MainApp.o"
#        "C:\Users\212596572\Box Sync\Projects\Druck\PV624
#        NPI\Github\DK0499_POC\EWARM\DK0499\Obj\memory.o"
#        "C:\Users\212596572\Box Sync\Projects\Druck\PV624
#        NPI\Github\DK0499_POC\EWARM\DK0499\Obj\os_app_hooks.o"
#        "C:\Users\212596572\Box Sync\Projects\Druck\PV624
#        NPI\Github\DK0499_POC\EWARM\DK0499\Obj\os_cfg_app.o"
#        "C:\Users\212596572\Box Sync\Projects\Druck\PV624
#        NPI\Github\DK0499_POC\EWARM\DK0499\Obj\os_core.o"
#        "C:\Users\212596572\Box Sync\Projects\Druck\PV624
#        NPI\Github\DK0499_POC\EWARM\DK0499\Obj\os_cpu_a.o"
#        "C:\Users\212596572\Box Sync\Projects\Druck\PV624
#        NPI\Github\DK0499_POC\EWARM\DK0499\Obj\os_cpu_c.o"
#        "C:\Users\212596572\Box Sync\Projects\Druck\PV624
#        NPI\Github\DK0499_POC\EWARM\DK0499\Obj\os_dbg.o"
#        "C:\Users\212596572\Box Sync\Projects\Druck\PV624
#        NPI\Github\DK0499_POC\EWARM\DK0499\Obj\os_flag.o"
#        "C:\Users\212596572\Box Sync\Projects\Druck\PV624
#        NPI\Github\DK0499_POC\EWARM\DK0499\Obj\os_mem.o"
#        "C:\Users\212596572\Box Sync\Projects\Druck\PV624
#        NPI\Github\DK0499_POC\EWARM\DK0499\Obj\os_msg.o"
#        "C:\Users\212596572\Box Sync\Projects\Druck\PV624
#        NPI\Github\DK0499_POC\EWARM\DK0499\Obj\os_mutex.o"
#        "C:\Users\212596572\Box Sync\Projects\Druck\PV624
#        NPI\Github\DK0499_POC\EWARM\DK0499\Obj\os_prio.o"
#        "C:\Users\212596572\Box Sync\Projects\Druck\PV624
#        NPI\Github\DK0499_POC\EWARM\DK0499\Obj\os_q.o" "C:\Users\212596572\Box
#        Sync\Projects\Druck\PV624
#        NPI\Github\DK0499_POC\EWARM\DK0499\Obj\os_sem.o"
#        "C:\Users\212596572\Box Sync\Projects\Druck\PV624
#        NPI\Github\DK0499_POC\EWARM\DK0499\Obj\os_stat.o"
#        "C:\Users\212596572\Box Sync\Projects\Druck\PV624
#        NPI\Github\DK0499_POC\EWARM\DK0499\Obj\os_task.o"
#        "C:\Users\212596572\Box Sync\Projects\Druck\PV624
#        NPI\Github\DK0499_POC\EWARM\DK0499\Obj\os_tick.o"
#        "C:\Users\212596572\Box Sync\Projects\Druck\PV624
#        NPI\Github\DK0499_POC\EWARM\DK0499\Obj\os_time.o"
#        "C:\Users\212596572\Box Sync\Projects\Druck\PV624
#        NPI\Github\DK0499_POC\EWARM\DK0499\Obj\os_tmr.o"
#        "C:\Users\212596572\Box Sync\Projects\Druck\PV624
#        NPI\Github\DK0499_POC\EWARM\DK0499\Obj\os_var.o"
#        "C:\Users\212596572\Box Sync\Projects\Druck\PV624
#        NPI\Github\DK0499_POC\EWARM\DK0499\Obj\OSPI_NOR_MX25L25645.o"
#        "C:\Users\212596572\Box Sync\Projects\Druck\PV624
#        NPI\Github\DK0499_POC\EWARM\DK0499\Obj\smartBattery.o"
#        "C:\Users\212596572\Box Sync\Projects\Druck\PV624
#        NPI\Github\DK0499_POC\EWARM\DK0499\Obj\smbus.o"
#        "C:\Users\212596572\Box Sync\Projects\Druck\PV624
#        NPI\Github\DK0499_POC\EWARM\DK0499\Obj\spi.o" "C:\Users\212596572\Box
#        Sync\Projects\Druck\PV624
#        NPI\Github\DK0499_POC\EWARM\DK0499\Obj\startup_stm32l4r5xx.o"
#        "C:\Users\212596572\Box Sync\Projects\Druck\PV624
#        NPI\Github\DK0499_POC\EWARM\DK0499\Obj\stm32l4xx_hal.o"
#        "C:\Users\212596572\Box Sync\Projects\Druck\PV624
#        NPI\Github\DK0499_POC\EWARM\DK0499\Obj\stm32l4xx_hal_adc.o"
#        "C:\Users\212596572\Box Sync\Projects\Druck\PV624
#        NPI\Github\DK0499_POC\EWARM\DK0499\Obj\stm32l4xx_hal_adc_ex.o"
#        "C:\Users\212596572\Box Sync\Projects\Druck\PV624
#        NPI\Github\DK0499_POC\EWARM\DK0499\Obj\stm32l4xx_hal_cortex.o"
#        "C:\Users\212596572\Box Sync\Projects\Druck\PV624
#        NPI\Github\DK0499_POC\EWARM\DK0499\Obj\stm32l4xx_hal_crc.o"
#        "C:\Users\212596572\Box Sync\Projects\Druck\PV624
#        NPI\Github\DK0499_POC\EWARM\DK0499\Obj\stm32l4xx_hal_crc_ex.o"
#        "C:\Users\212596572\Box Sync\Projects\Druck\PV624
#        NPI\Github\DK0499_POC\EWARM\DK0499\Obj\stm32l4xx_hal_dma.o"
#        "C:\Users\212596572\Box Sync\Projects\Druck\PV624
#        NPI\Github\DK0499_POC\EWARM\DK0499\Obj\stm32l4xx_hal_dma_ex.o"
#        "C:\Users\212596572\Box Sync\Projects\Druck\PV624
#        NPI\Github\DK0499_POC\EWARM\DK0499\Obj\stm32l4xx_hal_exti.o"
#        "C:\Users\212596572\Box Sync\Projects\Druck\PV624
#        NPI\Github\DK0499_POC\EWARM\DK0499\Obj\stm32l4xx_hal_flash.o"
#        "C:\Users\212596572\Box Sync\Projects\Druck\PV624
#        NPI\Github\DK0499_POC\EWARM\DK0499\Obj\stm32l4xx_hal_flash_ex.o"
#        "C:\Users\212596572\Box Sync\Projects\Druck\PV624
#        NPI\Github\DK0499_POC\EWARM\DK0499\Obj\stm32l4xx_hal_flash_ramfunc.o"
#        "C:\Users\212596572\Box Sync\Projects\Druck\PV624
#        NPI\Github\DK0499_POC\EWARM\DK0499\Obj\stm32l4xx_hal_gpio.o"
#        "C:\Users\212596572\Box Sync\Projects\Druck\PV624
#        NPI\Github\DK0499_POC\EWARM\DK0499\Obj\stm32l4xx_hal_i2c.o"
#        "C:\Users\212596572\Box Sync\Projects\Druck\PV624
#        NPI\Github\DK0499_POC\EWARM\DK0499\Obj\stm32l4xx_hal_i2c_ex.o"
#        "C:\Users\212596572\Box Sync\Projects\Druck\PV624
#        NPI\Github\DK0499_POC\EWARM\DK0499\Obj\stm32l4xx_hal_lptim.o"
#        "C:\Users\212596572\Box Sync\Projects\Druck\PV624
#        NPI\Github\DK0499_POC\EWARM\DK0499\Obj\stm32l4xx_hal_msp.o"
#        "C:\Users\212596572\Box Sync\Projects\Druck\PV624
#        NPI\Github\DK0499_POC\EWARM\DK0499\Obj\stm32l4xx_hal_ospi.o"
#        "C:\Users\212596572\Box Sync\Projects\Druck\PV624
#        NPI\Github\DK0499_POC\EWARM\DK0499\Obj\stm32l4xx_hal_pcd.o"
#        "C:\Users\212596572\Box Sync\Projects\Druck\PV624
#        NPI\Github\DK0499_POC\EWARM\DK0499\Obj\stm32l4xx_hal_pcd_ex.o"
#        "C:\Users\212596572\Box Sync\Projects\Druck\PV624
#        NPI\Github\DK0499_POC\EWARM\DK0499\Obj\stm32l4xx_hal_pwr.o"
#        "C:\Users\212596572\Box Sync\Projects\Druck\PV624
#        NPI\Github\DK0499_POC\EWARM\DK0499\Obj\stm32l4xx_hal_pwr_ex.o"
#        "C:\Users\212596572\Box Sync\Projects\Druck\PV624
#        NPI\Github\DK0499_POC\EWARM\DK0499\Obj\stm32l4xx_hal_rcc.o"
#        "C:\Users\212596572\Box Sync\Projects\Druck\PV624
#        NPI\Github\DK0499_POC\EWARM\DK0499\Obj\stm32l4xx_hal_rcc_ex.o"
#        "C:\Users\212596572\Box Sync\Projects\Druck\PV624
#        NPI\Github\DK0499_POC\EWARM\DK0499\Obj\stm32l4xx_hal_rtc.o"
#        "C:\Users\212596572\Box Sync\Projects\Druck\PV624
#        NPI\Github\DK0499_POC\EWARM\DK0499\Obj\stm32l4xx_hal_rtc_ex.o"
#        "C:\Users\212596572\Box Sync\Projects\Druck\PV624
#        NPI\Github\DK0499_POC\EWARM\DK0499\Obj\stm32l4xx_hal_smbus.o"
#        "C:\Users\212596572\Box Sync\Projects\Druck\PV624
#        NPI\Github\DK0499_POC\EWARM\DK0499\Obj\stm32l4xx_hal_spi.o"
#        "C:\Users\212596572\Box Sync\Projects\Druck\PV624
#        NPI\Github\DK0499_POC\EWARM\DK0499\Obj\stm32l4xx_hal_spi_ex.o"
#        "C:\Users\212596572\Box Sync\Projects\Druck\PV624
#        NPI\Github\DK0499_POC\EWARM\DK0499\Obj\stm32l4xx_hal_tim.o"
#        "C:\Users\212596572\Box Sync\Projects\Druck\PV624
#        NPI\Github\DK0499_POC\EWARM\DK0499\Obj\stm32l4xx_hal_tim_ex.o"
#        "C:\Users\212596572\Box Sync\Projects\Druck\PV624
#        NPI\Github\DK0499_POC\EWARM\DK0499\Obj\stm32l4xx_hal_uart.o"
#        "C:\Users\212596572\Box Sync\Projects\Druck\PV624
#        NPI\Github\DK0499_POC\EWARM\DK0499\Obj\stm32l4xx_hal_uart_ex.o"
#        "C:\Users\212596572\Box Sync\Projects\Druck\PV624
#        NPI\Github\DK0499_POC\EWARM\DK0499\Obj\stm32l4xx_it.o"
#        "C:\Users\212596572\Box Sync\Projects\Druck\PV624
#        NPI\Github\DK0499_POC\EWARM\DK0499\Obj\stm32l4xx_ll_usb.o"
#        "C:\Users\212596572\Box Sync\Projects\Druck\PV624
#        NPI\Github\DK0499_POC\EWARM\DK0499\Obj\system_stm32l4xx.o"
#        "C:\Users\212596572\Box Sync\Projects\Druck\PV624
#        NPI\Github\DK0499_POC\EWARM\DK0499\Obj\uart.o" "C:\Users\212596572\Box
#        Sync\Projects\Druck\PV624
#        NPI\Github\DK0499_POC\EWARM\DK0499\Obj\usb_device.o"
#        "C:\Users\212596572\Box Sync\Projects\Druck\PV624
#        NPI\Github\DK0499_POC\EWARM\DK0499\Obj\usbd_cdc.o"
#        "C:\Users\212596572\Box Sync\Projects\Druck\PV624
#        NPI\Github\DK0499_POC\EWARM\DK0499\Obj\usbd_cdc_if.o"
#        "C:\Users\212596572\Box Sync\Projects\Druck\PV624
#        NPI\Github\DK0499_POC\EWARM\DK0499\Obj\usbd_conf.o"
#        "C:\Users\212596572\Box Sync\Projects\Druck\PV624
#        NPI\Github\DK0499_POC\EWARM\DK0499\Obj\usbd_core.o"
#        "C:\Users\212596572\Box Sync\Projects\Druck\PV624
#        NPI\Github\DK0499_POC\EWARM\DK0499\Obj\usbd_ctlreq.o"
#        "C:\Users\212596572\Box Sync\Projects\Druck\PV624
#        NPI\Github\DK0499_POC\EWARM\DK0499\Obj\usbd_desc.o"
#        "C:\Users\212596572\Box Sync\Projects\Druck\PV624
#        NPI\Github\DK0499_POC\EWARM\DK0499\Obj\usbd_ioreq.o"
#        "C:\Users\212596572\Box Sync\Projects\Druck\PV624
#        NPI\Github\DK0499_POC\EWARM\DK0499\Obj\usbd_msc.o"
#        "C:\Users\212596572\Box Sync\Projects\Druck\PV624
#        NPI\Github\DK0499_POC\EWARM\DK0499\Obj\usbd_msc_bot.o"
#        "C:\Users\212596572\Box Sync\Projects\Druck\PV624
#        NPI\Github\DK0499_POC\EWARM\DK0499\Obj\usbd_msc_data.o"
#        "C:\Users\212596572\Box Sync\Projects\Druck\PV624
#        NPI\Github\DK0499_POC\EWARM\DK0499\Obj\usbd_msc_scsi.o"
#        "C:\Users\212596572\Box Sync\Projects\Druck\PV624
#        NPI\Github\DK0499_POC\EWARM\DK0499\Obj\usbd_msc_storage_template.o"
#        "C:\Users\212596572\Box Sync\Projects\Druck\PV624
#        NPI\Github\DK0499_POC\EWARM\DK0499\Obj\usbd_storage_if.o"
#        "C:\Users\212596572\Box Sync\Projects\Druck\PV624
#        NPI\Github\DK0499_POC\EWARM\DK0499\Obj\Utilities.o" --redirect
#        _Printf=_PrintfFull --redirect _Scanf=_ScanfFull
#        --misrac2004=required,~1.1,~2.2,~5.1,~8.6,~17.4,~18.4
#        --no_out_extension -o "C:\Users\212596572\Box
#        Sync\Projects\Druck\PV624
#        NPI\Github\DK0499_POC\EWARM\DK0499\Exe\DK0499.out" --map
#        "C:\Users\212596572\Box Sync\Projects\Druck\PV624
#        NPI\Github\DK0499_POC\EWARM\DK0499\List\DK0499.map" --config
#        "C:\Users\212596572\Box Sync\Projects\Druck\PV624
#        NPI\Github\DK0499_POC\EWARM/stm32l4r5xx_flash.icf" --diag_suppress
#        Li013 --semihosting --entry __iar_program_start --vfe=forced
#        --text_out locale)
#
###############################################################################

*******************************************************************************
*** RUNTIME MODEL ATTRIBUTES
***

CppFlavor        = *
__CPP_Exceptions = Disabled
__CPP_Language   = C++14
__Heap_Handler   = DLMalloc
__SystemLibrary  = DLib
__dlib_version   = 6


*******************************************************************************
*** HEAP SELECTION
***

The advanced heap was selected because the application calls memory
allocation functions outside of system library functions, and there
are calls to deallocation functions in the application.


*******************************************************************************
*** PLACEMENT SUMMARY
***

"A0":  place at address 0x800'0000 { ro section .intvec };
"P1":  place in [from 0x800'0000 to 0x81f'ffff] { ro };
define block CSTACK with size = 68K, alignment = 8 { };
define block HEAP with size = 64K, alignment = 8 { };
"P2":  place in [from 0x2000'0000 to 0x2009'ffff] {
          rw, block CSTACK, block HEAP };
initialize by copy { rw };

  Section            Kind         Address      Size  Object
  -------            ----         -------      ----  ------
"A0":                                         0x1bc
  .intvec            ro code   0x800'0000     0x1bc  startup_stm32l4r5xx.o [1]
                             - 0x800'01bc     0x1bc

"P1":                                      0x2'2045
  .text              ro code   0x800'01bc    0x1ce4  dlmalloc.o [2]
  .text              ro code   0x800'1ea0       0x6  abort.o [2]
  .text              ro code   0x800'1ea6      0x3a  zero_init3.o [5]
  .text              ro code   0x800'1ee0      0x2c  xgetmemchunk.o [2]
  .text              ro code   0x800'1f0c      0xa6  ABImemcpy.o [5]
  .text              ro code   0x800'1fb2      0x1e  xencoding_8859_1.o [2]
  .text              ro code   0x800'1fd0      0x14  exit.o [6]
  .text              ro code   0x800'1fe4    0x1326  stm32l4xx_hal_i2c.o [1]
  .text              ro code   0x800'330a      0x1a  xsnprout.o [2]
  .text              ro code   0x800'3324     0x9e4  stm32l4xx_hal_msp.o [1]
  .text              ro code   0x800'3d08       0xc  stm32l4xx_hal.o [1]
  .text              ro code   0x800'3d14       0x2  stm32l4xx_hal_i2c.o [1]
  .text              ro code   0x800'3d16       0xa  xsprout.o [2]
  .text              ro code   0x800'3d20     0x42c  i2c.o [1]
  .text              ro code   0x800'414c       0x2  stm32l4xx_hal_i2c.o [1]
  .text              ro code   0x800'414e       0x2  stm32l4xx_hal_i2c.o [1]
  .text              ro code   0x800'4150       0x2  stm32l4xx_hal_i2c.o [1]
  .rodata            const     0x800'4152       0x2  os_cfg_app.o [1]
  .text              ro code   0x800'4154     0x344  stm32l4xx_hal_dma.o [1]
  .text              ro code   0x800'4498       0x2  stm32l4xx_hal_i2c.o [1]
  .text              ro code   0x800'449a       0x2  stm32l4xx_hal_i2c.o [1]
  .text              ro code   0x800'449c     0x8a6  main.o [1]
  .rodata            const     0x800'4d42       0x2  xlocale_c.o [2]
  .text              ro code   0x800'4d44      0xe8  stm32l4xx_hal_cortex.o [1]
  .text              ro code   0x800'4e2c      0xec  stm32l4xx_hal_pwr_ex.o [1]
  .text              ro code   0x800'4f18     0x310  stm32l4xx_hal_gpio.o [1]
  .text              ro code   0x800'5228      0x14  memset.o [5]
  .text              ro code   0x800'523c     0x2a4  os_sem.o [1]
  .text              ro code   0x800'54e0     0x380  os_mutex.o [1]
  .text              ro code   0x800'5860     0x148  os_time.o [1]
  .text              ro code   0x800'59a8     0x6c0  os_core.o [1]
  CODE               ro code   0x800'6068      0x54  cpu_a.o [1]
  .text              ro code   0x800'60bc      0x1e  stm32l4xx_hal.o [1]
  .rodata            const     0x800'60da       0x2  xlocale_c.o [2]
  .text              ro code   0x800'60dc      0xb4  usb_device.o [1]
  .text              ro code   0x800'6190     0x762  stm32l4xx_hal_adc.o [1]
  .rodata            const     0x800'68f2       0x1  cLPS22HH.o [1]
  .rodata            const     0x800'68f3       0x1  cLPS22HH.o [1]
  .text              ro code   0x800'68f4     0x8ba  stm32l4xx_hal_smbus.o [1]
  .rodata            const     0x800'71ae       0x1  cLPS22HH.o [1]
  .rodata            const     0x800'71af       0x1  cLPS22HH.o [1]
  .text              ro code   0x800'71b0      0x7e  stm32l4xx_hal_i2c_ex.o [1]
  .rodata            const     0x800'722e       0x1  cLPS22HH.o [1]
  .rodata            const     0x800'722f       0x1  cLPS22HH.o [1]
  .text              ro code   0x800'7230     0xa58  stm32l4xx_hal_ospi.o [1]
  .text              ro code   0x800'7c88     0x206  stm32l4xx_hal_spi.o [1]
  .rodata            const     0x800'7e8e       0x1  cLPS22HH.o [1]
  .rodata            const     0x800'7e8f       0x1  cLPS22HH.o [1]
  .text              ro code   0x800'7e90     0xbf4  stm32l4xx_hal_uart.o [1]
  .text              ro code   0x800'8a84     0x112  stm32l4xx_hal_uart_ex.o [1]
  .rodata            const     0x800'8b96       0x1  cLPS22HH.o [1]
  .rodata            const     0x800'8b97       0x1  cLPS22HH.o [1]
  .text              ro code   0x800'8b98     0x91e  stm32l4xx_hal_tim.o [1]
  .rodata            const     0x800'94b6       0x1  os_cfg_app.o [1]
  .rodata            const     0x800'94b7       0x1  unwind_debug.o [6]
  .text              ro code   0x800'94b8     0x11c  stm32l4xx_hal_tim_ex.o [1]
  .text              ro code   0x800'95d4     0x204  stm32l4xx_hal_lptim.o [1]
  .text              ro code   0x800'97d8     0x3a2  stm32l4xx_hal_rtc.o [1]
  .rodata            const     0x800'9b7a       0x1  xlocale_c.o [2]
  .text              ro code   0x800'9b7c      0xa4  MainApp.o [1]
  .text              ro code   0x800'9c20      0x1c  stm32l4xx_hal_pwr.o [1]
  .text              ro code   0x800'9c3c     0x7d8  stm32l4xx_hal_rcc.o [1]
  .text              ro code   0x800'a414     0x58c  stm32l4xx_hal_rcc_ex.o [1]
  .text              ro code   0x800'a9a0      0x7c  stm32l4xx_hal_crc.o [1]
  .text              ro code   0x800'aa1c     0x3d6  DKeyHandler.o [1]
  .text              ro code   0x800'adf4      0x66  ABImemset.o [5]
  .text              ro code   0x800'ae5c     0x4d0  os_task.o [1]
  .text              ro code   0x800'b32c      0x80  os_prio.o [1]
  .text              ro code   0x800'b3ac     0x2d8  os_tick.o [1]
  .text              ro code   0x800'b684     0x2c4  os_cpu_c.o [1]
  .text              ro code   0x800'b948       0x6  ABImemclr4.o [5]
  .text              ro code   0x800'b950     0x138  os_mem.o [1]
  .text              ro code   0x800'ba88      0xac  os_msg.o [1]
  .text              ro code   0x800'bb34     0x3fc  os_tmr.o [1]
  .text              ro code   0x800'bf30     0x2a4  os_dbg.o [1]
  .text              ro code   0x800'c1d4       0x2  os_cfg_app.o [1]
  CODE               ro code   0x800'c1d8     0x120  os_cpu_a.o [1]
  .text              ro code   0x800'c2f8     0x14c  bsp_os.o [1]
  .text              ro code   0x800'c444      0x44  stm32l4xx_hal.o [1]
  .text              ro code   0x800'c488     0x298  usbd_cdc_if.o [1]
  .text              ro code   0x800'c720      0x24  ABIassert.o [6]
  .text              ro code   0x800'c744     0x29a  usbd_core.o [1]
  .text              ro code   0x800'c9e0     0x2ec  usbd_cdc.o [1]
  .text              ro code   0x800'cccc       0x2  stm32l4xx_hal_adc.o [1]
  .text              ro code   0x800'ccce       0x2  stm32l4xx_hal_adc.o [1]
  .text              ro code   0x800'ccd0       0x2  stm32l4xx_hal_adc.o [1]
  .text              ro code   0x800'ccd4     0x484  DPowerManager.o [1]
  .text              ro code   0x800'd158     0x148  smbus.o [1]
  .text              ro code   0x800'd2a0       0x2  stm32l4xx_hal_smbus.o [1]
  .text              ro code   0x800'd2a2       0x2  stm32l4xx_hal_smbus.o [1]
  .text              ro code   0x800'd2a4       0x2  stm32l4xx_hal_smbus.o [1]
  .text              ro code   0x800'd2a6       0x2  stm32l4xx_hal_smbus.o [1]
  .text              ro code   0x800'd2a8       0x2  stm32l4xx_hal_ospi.o [1]
  .text              ro code   0x800'd2aa       0x2  stm32l4xx_hal_ospi.o [1]
  .text              ro code   0x800'd2ac       0x2  stm32l4xx_hal_ospi.o [1]
  .text              ro code   0x800'd2ae       0x2  stm32l4xx_hal_ospi.o [1]
  .text              ro code   0x800'd2b0       0x2  stm32l4xx_hal_ospi.o [1]
  .text              ro code   0x800'd2b2       0x2  stm32l4xx_hal_ospi.o [1]
  .text              ro code   0x800'd2b4       0x2  stm32l4xx_hal_ospi.o [1]
  .text              ro code   0x800'd2b6       0x2  stm32l4xx_hal_ospi.o [1]
  .text              ro code   0x800'd2b8       0x2  stm32l4xx_hal_spi.o [1]
  .text              ro code   0x800'd2ba       0x2  stm32l4xx_hal_uart.o [1]
  .text              ro code   0x800'd2bc     0x730  uart.o [1]
  .text              ro code   0x800'd9ec       0x2  stm32l4xx_hal_uart_ex.o [1]
  .text              ro code   0x800'd9ee       0x2  stm32l4xx_hal_uart_ex.o [1]
  .text              ro code   0x800'd9f0     0x106  I64DivMod_small.o [5]
  .text              ro code   0x800'daf6       0x2  stm32l4xx_hal_tim.o [1]
  .text              ro code   0x800'daf8       0x2  stm32l4xx_hal_tim.o [1]
  .text              ro code   0x800'dafa       0x2  stm32l4xx_hal_tim.o [1]
  .text              ro code   0x800'dafc       0x2  stm32l4xx_hal_tim.o [1]
  .text              ro code   0x800'dafe       0x2  stm32l4xx_hal_tim.o [1]
  .text              ro code   0x800'db00       0x2  stm32l4xx_hal_tim_ex.o [1]
  .text              ro code   0x800'db02       0x2  stm32l4xx_hal_tim_ex.o [1]
  .text              ro code   0x800'db04       0x2  stm32l4xx_hal_tim.o [1]
  .text              ro code   0x800'db06       0x2  stm32l4xx_hal_tim_ex.o [1]
  .text              ro code   0x800'db08       0x2  stm32l4xx_hal_tim.o [1]
  .text              ro code   0x800'db0c       0xc  lib_mem.o [1]
  .text              ro code   0x800'db18      0x18  cpu_core.o [1]
  .text              ro code   0x800'db30      0xa2  os_app_hooks.o [1]
  .text              ro code   0x800'dbd4      0x4c  memory.o [1]
  .text              ro code   0x800'dc20      0x7c  Application.o [1]
  .text              ro code   0x800'dc9c      0x10  stm32l4xx_hal.o [1]
  .text              ro code   0x800'dcac      0x4c  stm32l4xx_hal_crc_ex.o [1]
  .text              ro code   0x800'dcf8     0x15e  DTask.o [1]
  .text              ro code   0x800'de56       0x4  newaop_0.o [3]
  .text              ro code   0x800'de5c      0x4a  DErrorHandler.o [1]
  .text              ro code   0x800'dea8      0x32  ABImemset48.o [5]
  .text              ro code   0x800'dedc       0x6  ABImemclr.o [5]
  .text              ro code   0x800'dee2       0x8  heaptramp0.o [2]
  .text              ro code   0x800'deec     0x280  usbd_conf.o [1]
  .text              ro code   0x800'e16c     0x4a0  usbd_ctlreq.o [1]
  .text              ro code   0x800'e60c      0x60  usbd_ioreq.o [1]
  .text              ro code   0x800'e66c      0x24  newop_0.o [3]
  .text              ro code   0x800'e690     0x336  LTC4100.o [1]
  .text              ro code   0x800'e9c8     0x4cc  smartBattery.o [1]
  .text              ro code   0x800'ee94     0x1fa  DVoltageMonitor.o [1]
  .text              ro code   0x800'f090     0x430  os_flag.o [1]
  .text              ro code   0x800'f4c0     0x5de  leds.o [1]
  .text              ro code   0x800'faa0      0xb4  DLock.o [1]
  .text              ro code   0x800'fb54       0x2  I64DivZer.o [5]
  .text              ro code   0x800'fb58      0x30  bsp_cpu.o [1]
  .text              ro code   0x800'fb88     0x852  DPV624.o [1]
  .text              ro code   0x801'03dc     0x216  Utilities.o [1]
  .text              ro code   0x801'05f4     0x778  stm32l4xx_hal_pcd.o [1]
  .text              ro code   0x801'0d6c      0x70  stm32l4xx_hal_pcd_ex.o [1]
  .text              ro code   0x801'0ddc       0x4  nomemory.o [3]
  .text              ro code   0x801'0de0     0x6fa  DPersistent.o [1]
  .text              ro code   0x801'14da     0x418  DInstrument.o [1]
  .text              ro code   0x801'18f4      0x5a  DCommsOwi.o [1]
  .text              ro code   0x801'1950      0x5a  DCommsUsb.o [1]
  .text              ro code   0x801'19aa      0xca  DValve.o [1]
  .text              ro code   0x801'1a74      0x28  stm32l4xx_hal.o [1]
  .text              ro code   0x801'1a9c      0x44  snprintf.o [2]
  .text              ro code   0x801'1ae0     0x168  cRtc.o [1]
  .text              ro code   0x801'1c48     0x2ae  cDateTime.o [1]
  .text              ro code   0x801'1ef8     0x86c  stm32l4xx_ll_usb.o [1]
  .text              ro code   0x801'2764     0x18c  EEPROM.o [1]
  .text              ro code   0x801'28f0      0x2c  crc.o [1]
  .text              ro code   0x801'291c     0x8a4  DFunctionMeasureAndControl.o [1]
  .text              ro code   0x801'31c0      0x9e  DComms.o [1]
  .text              ro code   0x801'3260     0x1a6  DDeviceSerialOwiInterface2.o [1]
  .text              ro code   0x801'3408      0x5c  DCommsFsmOwi.o [1]
  .text              ro code   0x801'3464      0xdc  DDeviceSerialUSB.o [1]
  .text              ro code   0x801'3540      0x70  DCommsFsmUsb.o [1]
  .text              ro code   0x801'35b0    0x10c6  xprintffull.o [2]
  .text              ro code   0x801'4678      0x32  DFunctionMeasure.o [1]
  .text              ro code   0x801'46ac     0x6a8  DFunction.o [1]
  .text              ro code   0x801'4d54      0x3e  DSlotMeasurePressureExt.o [1]
  .text              ro code   0x801'4d94      0x8a  DSlotMeasureBarometer.o [1]
  .text              ro code   0x801'4e20     0xb46  DSlot.o [1]
  .text              ro code   0x801'5968      0x5c  DDeviceSerial.o [1]
  .text              ro code   0x801'59c4      0x56  DDevice.o [1]
  .text              ro code   0x801'5a1c      0x36  strlen.o [5]
  .text              ro code   0x801'5a54      0xe8  DCommsFsm.o [1]
  .text              ro code   0x801'5b3c     0x2fc  DCommsStateLocal.o [1]
  .text              ro code   0x801'5e38      0x60  DCommsStateRemoteOwi.o [1]
  .text              ro code   0x801'5e98     0x2d4  DCommsStateUsbIdle.o [1]
  .text              ro code   0x801'616c      0x50  DCommsStateRemoteUsb.o [1]
  .text              ro code   0x801'61bc     0x780  DCommsStateProdTest.o [1]
  .text              ro code   0x801'693c      0xb8  xlocale_c.o [2]
  .text              ro code   0x801'69f4      0x16  strchr.o [5]
  .text              ro code   0x801'6a0c      0x40  xfail_s.o [2]
  .text              ro code   0x801'6a4c      0x58  memchr.o [5]
  .text              ro code   0x801'6aa4      0x70  frexp.o [4]
  .text              ro code   0x801'6b14      0x2e  DblCmpLe.o [4]
  .text              ro code   0x801'6b44      0x2e  DblCmpGe.o [4]
  .text              ro code   0x801'6b74     0x13a  ldexp.o [4]
  .text              ro code   0x801'6cb0      0x3a  DblToS32.o [4]
  .text              ro code   0x801'6cec      0x22  S32ToDbl.o [4]
  .text              ro code   0x801'6d10      0xe2  DblSub.o [4]
  .text              ro code   0x801'6df4     0x246  DblDiv.o [4]
  .text              ro code   0x801'703c      0x28  DblToU32.o [4]
  .text              ro code   0x801'7064      0x1a  U32ToDbl.o [4]
  .text              ro code   0x801'7080     0x1a2  DblMul.o [4]
  .text              ro code   0x801'7222       0xa  xmbcurmax.o [2]
  .text              ro code   0x801'722c     0x282  DSlotExternal.o [1]
  .text              ro code   0x801'74b0     0x868  DSensorOwiAmc.o [1]
  .text              ro code   0x801'7d18     0x15a  DSensorChipBarometer.o [1]
  .text              ro code   0x801'7e74     0xa00  DSensor.o [1]
  .text              ro code   0x801'8874     0xef4  DCommsStateDuci.o [1]
  .text              ro code   0x801'9768      0x52  DParseSlave.o [1]
  .text              ro code   0x801'97bc     0xe22  DParse.o [1]
  .text              ro code   0x801'a5e0      0x2c  DCommsStateRemoteUsb.o [1]
  .text              ro code   0x801'a60c     0xeb8  DCommsStateRemote.o [1]
  .text              ro code   0x801'b4c4      0x64  DCommsState.o [1]
  .text              ro code   0x801'b528      0x28  DCommsStateProdTest.o [1]
  .text              ro code   0x801'b550     0x7b6  DProductionTest.o [1]
  .text              ro code   0x801'bd08      0x48  FltToDbl.o [4]
  .text              ro code   0x801'bd50     0x16a  DblAdd.o [4]
  .text              ro code   0x801'bebc     0x1c8  DSensorOwi.o [1]
  .text              ro code   0x801'c084     0xa10  DAmcSensorData.o [1]
  .text              ro code   0x801'ca94     0x358  DOwiParse.o [1]
  .text              ro code   0x801'cdec       0x4  DSensorOwiAmc.o [1]
  .text              ro code   0x801'cdf0       0x8  DSensorOwiAmc.o [1]
  .text              ro code   0x801'cdf8      0x90  iar_Stolx.o [2]
  .text              ro code   0x801'ce88     0x690  DCalibration.o [1]
  .text              ro code   0x801'd518     0x2d0  cLPS22HH.o [1]
  .text              ro code   0x801'd7e8      0x40  sprintf.o [2]
  .text              ro code   0x801'd828      0x3e  strncasecmp.o [2]
  .text              ro code   0x801'd868      0x70  strncpy.o [5]
  .text              ro code   0x801'd8d8      0x1e  lib_ascii.o [1]
  .text              ro code   0x801'd8f8     0x37c  strto32.o [4]
  .text              ro code   0x801'dc74    0x11d0  OSPI_NOR_MX25L25645.o [1]
  .text              ro code   0x801'ee44      0x60  DSensorTemperature.o [1]
  .text              ro code   0x801'eea4      0xce  DStepperMotor.o [1]
  .text              ro code   0x801'ef74      0x36  DSensorExternal.o [1]
  .text              ro code   0x801'efac     0x1ae  DDeviceSerialOwiInterface1.o [1]
  .text              ro code   0x801'f15a       0x4  delop4_0.o [3]
  .text              ro code   0x801'f15e       0xe  DSensorOwi.o [1]
  .text              ro code   0x801'f16c     0x272  DPressureCompensation.o [1]
  .text              ro code   0x801'f3de      0x14  isspace.o [2]
  .text              ro code   0x801'f3f4     0x140  iar_Stoulx.o [2]
  .text              ro code   0x801'f534      0x28  DCalibration.o [1]
  .text              ro code   0x801'f55c      0x14  tolower.o [2]
  .text              ro code   0x801'f570      0x48  frexpf.o [4]
  .text              ro code   0x801'f5b8      0xc4  ldexpf.o [4]
  .text              ro code   0x801'f67c     0x122  iar_Stopfx.o [2]
  .text              ro code   0x801'f7a0     0x1b8  iar_Stoflt.o [2]
  .text              ro code   0x801'f958     0x208  iar_Stoxflt.o [2]
  .text              ro code   0x801'fb60      0x68  memcmp.o [5]
  .text              ro code   0x801'fbc8     0x378  DBinaryParser.o [1]
  .text              ro code   0x801'ff40       0xa  delop_0.o [3]
  .text              ro code   0x801'ff4a      0x14  isalpha.o [2]
  .rodata            const     0x801'ff60     0x400  crc.o [1]
  .text              ro code   0x802'0360     0x10c  usbd_desc.o [1]
  .rodata            const     0x802'046c     0x104  DSensorOwi.o [1]
  .rodata            const     0x802'0570     0x104  DSensorOwiAmc.o [1]
  .text              ro code   0x802'0674      0xfc  stm32l4xx_it.o [1]
  .text              ro code   0x802'0770      0x10  stm32l4xx_hal.o [1]
  .rodata            const     0x802'0780      0xe4  DSensorExternal.o [1]
  .rodata            const     0x802'0864      0xd4  os_dbg.o [1]
  .rodata            const     0x802'0938      0xc4  DSensor.o [1]
  .rodata            const     0x802'09fc      0xc4  DSensorChipBarometer.o [1]
  .rodata            const     0x802'0ac0      0x9c  cDateTime.o [1]
  .rodata            const     0x802'0b5c      0x9c  DFunctionMeasureAndControl.o [1]
  .rodata            const     0x802'0bf8      0x98  DFunction.o [1]
  .rodata            const     0x802'0c90      0x98  DFunctionMeasure.o [1]
  .rodata            const     0x802'0d28      0x98  usb_device.o [1]
  .rodata            const     0x802'0dc0      0x8c  DCommsStateLocal.o [1]
  .rodata            const     0x802'0e4c      0x8c  DCommsStateProdTest.o [1]
  .rodata            const     0x802'0ed8      0x88  DCommsStateDuci.o [1]
  .rodata            const     0x802'0f60      0x88  DCommsStateRemote.o [1]
  .rodata            const     0x802'0fe8      0x88  DCommsStateRemoteOwi.o [1]
  .rodata            const     0x802'1070      0x88  DCommsStateRemoteUsb.o [1]
  .rodata            const     0x802'10f8      0x88  DCommsStateUsbIdle.o [1]
  .rodata            const     0x802'1180      0x78  DProductionTest.o [1]
  .rodata            const     0x802'11f8      0x78  OSPI_NOR_MX25L25645.o [1]
  .text              ro code   0x802'1270      0x78  lz77_init_single.o [5]
  .rodata            const     0x802'12e8      0x70  DLock.o [1]
  .rodata            const     0x802'1358      0x70  DLock.o [1]
  .rodata            const     0x802'13c8      0x64  DParse.o [1]
  .rodata            const     0x802'142c      0x64  DSlotExternal.o [1]
  .rodata            const     0x802'1490      0x64  DSlotMeasurePressureExt.o [1]
  .rodata            const     0x802'14f4      0x64  memory.o [1]
  .rodata            const     0x802'1558      0x5c  DSlot.o [1]
  .rodata            const     0x802'15b4      0x5c  DSlotMeasureBarometer.o [1]
  .rodata            const     0x802'1610      0x5c  usbd_cdc_if.o [1]
  .text              ro code   0x802'166c      0x5c  system_stm32l4xx.o [1]
  .rodata            const     0x802'16c8      0x50  iar_Stoulx.o [2]
  .rodata            const     0x802'1718      0x38  DDeviceSerial.o [1]
  .rodata            const     0x802'1750      0x38  DDeviceSerialOwiInterface1.o [1]
  .rodata            const     0x802'1788      0x38  DDeviceSerialOwiInterface2.o [1]
  .rodata            const     0x802'17c0      0x38  DDeviceSerialUSB.o [1]
  .rodata            const     0x802'17f8      0x30  system_stm32l4xx.o [1]
  .rodata            const     0x802'1828      0x30  Utilities.o [1]
  .text              ro code   0x802'1858      0x28  data_init.o [5]
  .text              ro code   0x802'1880      0x22  fpinit_M.o [4]
  .iar.init_table    const     0x802'18a4      0x20  - Linker created -
  .rodata            const     0x802'18c4      0x20  DComms.o [1]
  .rodata            const     0x802'18e4      0x20  DCommsOwi.o [1]
  .rodata            const     0x802'1904      0x20  DCommsState.o [1]
  .rodata            const     0x802'1924      0x20  DCommsUsb.o [1]
  .rodata            const     0x802'1944      0x20  OSPI_NOR_MX25L25645.o [1]
  .text              ro code   0x802'1964      0x1e  cmain.o [5]
  .text              ro code   0x802'1982       0x4  low_level_init.o [2]
  .text              ro code   0x802'1986       0x4  exit.o [2]
  .text              ro code   0x802'198c       0xa  cexit.o [5]
  .rodata            const     0x802'1998      0x1c  memory.o [1]
  .rodata            const     0x802'19b4      0x1c  OSPI_NOR_MX25L25645.o [1]
  .rodata            const     0x802'19d0      0x18  DCommsStateDuci.o [1]
  .rodata            const     0x802'19e8      0x18  DCommsStateDuci.o [1]
  .rodata            const     0x802'1a00      0x18  DDevice.o [1]
  .rodata            const     0x802'1a18      0x18  DProductionTest.o [1]
  .rodata            const     0x802'1a30      0x18  OSPI_NOR_MX25L25645.o [1]
  .rodata            const     0x802'1a48      0x18  OSPI_NOR_MX25L25645.o [1]
  .rodata            const     0x802'1a60      0x14  DCommsStateDuci.o [1]
  .rodata            const     0x802'1a74      0x14  DCommsStateDuci.o [1]
  .rodata            const     0x802'1a88      0x14  DCommsStateDuci.o [1]
  .rodata            const     0x802'1a9c      0x14  DErrorHandler.o [1]
  .rodata            const     0x802'1ab0      0x14  DKeyHandler.o [1]
  .rodata            const     0x802'1ac4      0x14  DPowerManager.o [1]
  .rodata            const     0x802'1ad8      0x14  DTask.o [1]
  .rodata            const     0x802'1aec      0x14  OSPI_NOR_MX25L25645.o [1]
  .rodata            const     0x802'1b00      0x10  Application.o [1]
  .rodata            const     0x802'1b10      0x10  DCommsFsm.o [1]
  .rodata            const     0x802'1b20      0x10  DCommsFsmOwi.o [1]
  .rodata            const     0x802'1b30      0x10  DCommsFsmUsb.o [1]
  .rodata            const     0x802'1b40      0x10  DCommsStateDuci.o [1]
  .rodata            const     0x802'1b50      0x10  DCommsStateDuci.o [1]
  .rodata            const     0x802'1b60      0x10  DCommsStateDuci.o [1]
  .rodata            const     0x802'1b70      0x10  DCommsStateDuci.o [1]
  .rodata            const     0x802'1b80      0x10  DCommsStateProdTest.o [1]
  .rodata            const     0x802'1b90      0x10  DCommsStateProdTest.o [1]
  .rodata            const     0x802'1ba0      0x10  DDeviceSerialOwiInterface1.o [1]
  .rodata            const     0x802'1bb0      0x10  DDeviceSerialOwiInterface2.o [1]
  .rodata            const     0x802'1bc0      0x10  DPowerManager.o [1]
  .rodata            const     0x802'1bd0      0x10  DPV624.o [1]
  .rodata            const     0x802'1be0      0x10  OSPI_NOR_MX25L25645.o [1]
  .text              ro code   0x802'1bf0      0x10  startup_stm32l4r5xx.o [1]
  .rodata            const     0x802'1c00       0xc  DCommsFsm.o [1]
  .rodata            const     0x802'1c0c       0xc  DCommsStateDuci.o [1]
  .rodata            const     0x802'1c18       0xc  DCommsStateDuci.o [1]
  .rodata            const     0x802'1c24       0xc  DCommsStateDuci.o [1]
  .rodata            const     0x802'1c30       0xc  DCommsStateDuci.o [1]
  .rodata            const     0x802'1c3c       0xc  DCommsStateDuci.o [1]
  .rodata            const     0x802'1c48       0xc  DCommsStateDuci.o [1]
  .rodata            const     0x802'1c54       0xc  DCommsStateDuci.o [1]
  .rodata            const     0x802'1c60       0xc  DCommsStateDuci.o [1]
  .rodata            const     0x802'1c6c       0xc  DCommsStateDuci.o [1]
  .rodata            const     0x802'1c78       0xc  DCommsStateDuci.o [1]
  .rodata            const     0x802'1c84       0xc  DCommsStateLocal.o [1]
  .rodata            const     0x802'1c90       0xc  DCommsStateProdTest.o [1]
  .rodata            const     0x802'1c9c       0xc  DCommsStateProdTest.o [1]
  .rodata            const     0x802'1ca8       0xc  DCommsStateProdTest.o [1]
  .rodata            const     0x802'1cb4       0xc  DCommsStateProdTest.o [1]
  .rodata            const     0x802'1cc0       0xc  DCommsStateProdTest.o [1]
  .rodata            const     0x802'1ccc       0xc  DCommsStateRemote.o [1]
  .rodata            const     0x802'1cd8       0xc  DCommsStateRemote.o [1]
  .rodata            const     0x802'1ce4       0xc  DCommsStateRemote.o [1]
  .rodata            const     0x802'1cf0       0xc  DCommsStateRemote.o [1]
  .rodata            const     0x802'1cfc       0xc  DCommsStateRemote.o [1]
  .rodata            const     0x802'1d08       0xc  DCommsStateUsbIdle.o [1]
  .rodata            const     0x802'1d14       0xc  DFunctionMeasureAndControl.o [1]
  .rodata            const     0x802'1d20       0xc  DParse.o [1]
  .rodata            const     0x802'1d2c       0xc  DParseSlave.o [1]
  .rodata            const     0x802'1d38       0xc  DPersistent.o [1]
  .rodata            const     0x802'1d44       0xc  DProductionTest.o [1]
  .rodata            const     0x802'1d50       0xc  DPV624.o [1]
  .rodata            const     0x802'1d5c       0xc  DPV624.o [1]
  .rodata            const     0x802'1d68       0xc  DTask.o [1]
  .rodata            const     0x802'1d74       0xc  memory.o [1]
  .text              ro code   0x802'1d80       0xc  cstartup_M.o [5]
  .rodata            const     0x802'1d8c       0x8  cLPS22HH.o [1]
  .rodata            const     0x802'1d94       0x8  DCalibration.o [1]
  .rodata            const     0x802'1d9c       0x8  DCommsStateDuci.o [1]
  .rodata            const     0x802'1da4       0x8  DCommsStateDuci.o [1]
  .rodata            const     0x802'1dac       0x8  DCommsStateDuci.o [1]
  .rodata            const     0x802'1db4       0x8  DCommsStateDuci.o [1]
  .rodata            const     0x802'1dbc       0x8  DCommsStateDuci.o [1]
  .rodata            const     0x802'1dc4       0x8  DCommsStateDuci.o [1]
  .rodata            const     0x802'1dcc       0x8  DCommsStateDuci.o [1]
  .rodata            const     0x802'1dd4       0x8  DCommsStateDuci.o [1]
  .rodata            const     0x802'1ddc       0x8  DCommsStateLocal.o [1]
  .rodata            const     0x802'1de4       0x8  DCommsStateLocal.o [1]
  .rodata            const     0x802'1dec       0x8  DCommsStateLocal.o [1]
  .rodata            const     0x802'1df4       0x8  DCommsStateProdTest.o [1]
  .rodata            const     0x802'1dfc       0x8  DCommsStateProdTest.o [1]
  .rodata            const     0x802'1e04       0x8  DCommsStateProdTest.o [1]
  .rodata            const     0x802'1e0c       0x8  DCommsStateProdTest.o [1]
  .rodata            const     0x802'1e14       0x8  DCommsStateProdTest.o [1]
  .rodata            const     0x802'1e1c       0x8  DCommsStateProdTest.o [1]
  .rodata            const     0x802'1e24       0x8  DCommsStateRemote.o [1]
  .rodata            const     0x802'1e2c       0x8  DCommsStateRemote.o [1]
  .rodata            const     0x802'1e34       0x8  DCommsStateRemote.o [1]
  .rodata            const     0x802'1e3c       0x8  DCommsStateRemote.o [1]
  .rodata            const     0x802'1e44       0x8  DCommsStateRemote.o [1]
  .rodata            const     0x802'1e4c       0x8  DCommsStateRemote.o [1]
  .rodata            const     0x802'1e54       0x8  DCommsStateRemote.o [1]
  .rodata            const     0x802'1e5c       0x8  DCommsStateUsbIdle.o [1]
  .rodata            const     0x802'1e64       0x8  DCommsStateUsbIdle.o [1]
  .rodata            const     0x802'1e6c       0x8  DCommsStateUsbIdle.o [1]
  .rodata            const     0x802'1e74       0x8  DFunction.o [1]
  .rodata            const     0x802'1e7c       0x8  DKeyHandler.o [1]
  .rodata            const     0x802'1e84       0x8  DParse.o [1]
  .rodata            const     0x802'1e8c       0x8  DProductionTest.o [1]
  .rodata            const     0x802'1e94       0x8  DPV624.o [1]
  .rodata            const     0x802'1e9c       0x8  DSlot.o [1]
  .rodata            const     0x802'1ea4       0x8  DSlotMeasureBarometer.o [1]
  .rodata            const     0x802'1eac       0x8  DSlotMeasurePressureExt.o [1]
  .rodata            const     0x802'1eb4       0x8  system_stm32l4xx.o [1]
  .rodata            const     0x802'1ebc       0x4  cLPS22HH.o [1]
  .rodata            const     0x802'1ec0       0x4  cLPS22HH.o [1]
  .rodata            const     0x802'1ec4       0x4  cVersion.o [1]
  .rodata            const     0x802'1ec8       0x4  cVersion.o [1]
  .rodata            const     0x802'1ecc       0x4  DPV624.o [1]
  .rodata            const     0x802'1ed0       0x4  os_cfg_app.o [1]
  .rodata            const     0x802'1ed4       0x4  os_cfg_app.o [1]
  .rodata            const     0x802'1ed8       0x4  os_cfg_app.o [1]
  .rodata            const     0x802'1edc       0x4  os_cfg_app.o [1]
  .rodata            const     0x802'1ee0       0x4  os_cfg_app.o [1]
  .rodata            const     0x802'1ee4       0x4  os_cfg_app.o [1]
  .rodata            const     0x802'1ee8       0x4  os_cfg_app.o [1]
  .rodata            const     0x802'1eec       0x4  os_cfg_app.o [1]
  .rodata            const     0x802'1ef0       0x4  os_cfg_app.o [1]
  .rodata            const     0x802'1ef4       0x4  os_cfg_app.o [1]
  .rodata            const     0x802'1ef8       0x4  os_cfg_app.o [1]
  .rodata            const     0x802'1efc       0x4  os_cfg_app.o [1]
  .rodata            const     0x802'1f00       0x4  Utilities.o [1]
  .rodata            const     0x802'1f04       0x4  Utilities.o [1]
  .rodata            const     0x802'1f08       0x4  Utilities.o [1]
  .rodata            const     0x802'1f0c       0x4  Utilities.o [1]
  .text              ro code   0x802'1f10       0x4  startup_stm32l4r5xx.o [1]
  .text              ro code   0x802'1f14       0x4  startup_stm32l4r5xx.o [1]
  .text              ro code   0x802'1f18       0x4  startup_stm32l4r5xx.o [1]
  .text              ro code   0x802'1f1c       0x4  startup_stm32l4r5xx.o [1]
  .text              ro code   0x802'1f20       0x4  startup_stm32l4r5xx.o [1]
  .text              ro code   0x802'1f24       0x4  startup_stm32l4r5xx.o [1]
  .text              ro code   0x802'1f28       0x4  startup_stm32l4r5xx.o [1]
  .text              ro code   0x802'1f2c       0x4  startup_stm32l4r5xx.o [1]
  .text              ro code   0x802'1f30       0x4  startup_stm32l4r5xx.o [1]
  .text              ro code   0x802'1f34       0x4  startup_stm32l4r5xx.o [1]
  .text              ro code   0x802'1f38       0x4  startup_stm32l4r5xx.o [1]
  .text              ro code   0x802'1f3c       0x4  startup_stm32l4r5xx.o [1]
  .text              ro code   0x802'1f40       0x4  startup_stm32l4r5xx.o [1]
  .text              ro code   0x802'1f44       0x4  startup_stm32l4r5xx.o [1]
  .text              ro code   0x802'1f48       0x4  startup_stm32l4r5xx.o [1]
  .text              ro code   0x802'1f4c       0x4  startup_stm32l4r5xx.o [1]
  .text              ro code   0x802'1f50       0x4  startup_stm32l4r5xx.o [1]
  .text              ro code   0x802'1f54       0x4  startup_stm32l4r5xx.o [1]
  .text              ro code   0x802'1f58       0x4  startup_stm32l4r5xx.o [1]
  .text              ro code   0x802'1f5c       0x4  startup_stm32l4r5xx.o [1]
  .text              ro code   0x802'1f60       0x4  startup_stm32l4r5xx.o [1]
  .text              ro code   0x802'1f64       0x4  startup_stm32l4r5xx.o [1]
  .text              ro code   0x802'1f68       0x4  startup_stm32l4r5xx.o [1]
  .text              ro code   0x802'1f6c       0x4  startup_stm32l4r5xx.o [1]
  .text              ro code   0x802'1f70       0x4  startup_stm32l4r5xx.o [1]
  .text              ro code   0x802'1f74       0x4  startup_stm32l4r5xx.o [1]
  .text              ro code   0x802'1f78       0x4  startup_stm32l4r5xx.o [1]
  .text              ro code   0x802'1f7c       0x4  startup_stm32l4r5xx.o [1]
  .text              ro code   0x802'1f80       0x4  startup_stm32l4r5xx.o [1]
  .text              ro code   0x802'1f84       0x4  startup_stm32l4r5xx.o [1]
  .text              ro code   0x802'1f88       0x4  startup_stm32l4r5xx.o [1]
  .text              ro code   0x802'1f8c       0x4  startup_stm32l4r5xx.o [1]
  .text              ro code   0x802'1f90       0x4  startup_stm32l4r5xx.o [1]
  .text              ro code   0x802'1f94       0x4  startup_stm32l4r5xx.o [1]
  .text              ro code   0x802'1f98       0x4  startup_stm32l4r5xx.o [1]
  .text              ro code   0x802'1f9c       0x4  startup_stm32l4r5xx.o [1]
  .text              ro code   0x802'1fa0       0x4  startup_stm32l4r5xx.o [1]
  .text              ro code   0x802'1fa4       0x4  startup_stm32l4r5xx.o [1]
  .text              ro code   0x802'1fa8       0x4  startup_stm32l4r5xx.o [1]
  .text              ro code   0x802'1fac       0x4  startup_stm32l4r5xx.o [1]
  .text              ro code   0x802'1fb0       0x4  startup_stm32l4r5xx.o [1]
  .text              ro code   0x802'1fb4       0x4  startup_stm32l4r5xx.o [1]
  .text              ro code   0x802'1fb8       0x4  startup_stm32l4r5xx.o [1]
  .text              ro code   0x802'1fbc       0x4  startup_stm32l4r5xx.o [1]
  .text              ro code   0x802'1fc0       0x4  startup_stm32l4r5xx.o [1]
  .text              ro code   0x802'1fc4       0x4  startup_stm32l4r5xx.o [1]
  .text              ro code   0x802'1fc8       0x4  startup_stm32l4r5xx.o [1]
  .text              ro code   0x802'1fcc       0x4  startup_stm32l4r5xx.o [1]
  .text              ro code   0x802'1fd0       0x4  startup_stm32l4r5xx.o [1]
  .text              ro code   0x802'1fd4       0x4  startup_stm32l4r5xx.o [1]
  .text              ro code   0x802'1fd8       0x4  startup_stm32l4r5xx.o [1]
  .text              ro code   0x802'1fdc       0x4  startup_stm32l4r5xx.o [1]
  .text              ro code   0x802'1fe0       0x4  startup_stm32l4r5xx.o [1]
  .text              ro code   0x802'1fe4       0x4  startup_stm32l4r5xx.o [1]
  .text              ro code   0x802'1fe8       0x4  startup_stm32l4r5xx.o [1]
  .text              ro code   0x802'1fec       0x4  startup_stm32l4r5xx.o [1]
  .text              ro code   0x802'1ff0       0x4  startup_stm32l4r5xx.o [1]
  .text              ro code   0x802'1ff4       0x4  startup_stm32l4r5xx.o [1]
  .text              ro code   0x802'1ff8       0x4  startup_stm32l4r5xx.o [1]
  .text              ro code   0x802'1ffc       0x4  startup_stm32l4r5xx.o [1]
  .text              ro code   0x802'2000       0x4  startup_stm32l4r5xx.o [1]
  .text              ro code   0x802'2004       0x4  startup_stm32l4r5xx.o [1]
  .text              ro code   0x802'2008       0x4  startup_stm32l4r5xx.o [1]
  .text              ro code   0x802'200c       0x4  startup_stm32l4r5xx.o [1]
  .rodata            const     0x802'2010       0x0  zero_init3.o [5]
  .rodata            const     0x802'2010       0x0  lz77_init_single.o [5]
  Initializer bytes  const     0x802'2010     0x1f1  <for P2-1>
                             - 0x802'2201  0x2'2045

"P2", part 1 of 3:                           0x29fc
  P2-1                        0x2000'0000    0x29fc  <Init block>
    .data            inited   0x2000'0000       0xc  OSPI_NOR_MX25L25645.o [1]
    .data            inited   0x2000'000c       0xc  stm32l4xx_hal.o [1]
    .data            inited   0x2000'0018       0x4  system_stm32l4xx.o [1]
    .data            inited   0x2000'001c    0x27d4  uart.o [1]
    .data            inited   0x2000'27f0       0xc  usbd_cdc.o [1]
    .data            inited   0x2000'27fc      0x38  usbd_cdc.o [1]
    .data            inited   0x2000'2834      0x44  usbd_cdc.o [1]
    .data            inited   0x2000'2878      0x44  usbd_cdc.o [1]
    .data            inited   0x2000'28bc      0x44  usbd_cdc.o [1]
    .data            inited   0x2000'2900       0x8  usbd_cdc_if.o [1]
    .data            inited   0x2000'2908      0x14  usbd_cdc_if.o [1]
    .data            inited   0x2000'291c      0x20  usbd_desc.o [1]
    .data            inited   0x2000'293c      0x14  usbd_desc.o [1]
    .data            inited   0x2000'2950       0xc  usbd_desc.o [1]
    .data            inited   0x2000'295c       0x4  usbd_desc.o [1]
    .data            inited   0x2000'2960      0x1c  usbd_desc.o [1]
    .data            inited   0x2000'297c      0x38  xlocale_c.o [2]
    .data            inited   0x2000'29b4      0x48  xlocale_c.o [2]
                            - 0x2000'29fc    0x29fc

"P2", part 2 of 3:                           0xdf34
  .bss               zero     0x2000'29fc    0x6000  memory.o [1]
  .bss               zero     0x2000'89fc    0x1e00  DCommsStateRemote.o [1]
  .bss               zero     0x2000'a7fc    0x1000  OSPI_NOR_MX25L25645.o [1]
  .bss               zero     0x2000'b7fc    0x1000  OSPI_NOR_MX25L25645.o [1]
  .bss               zero     0x2000'c7fc     0xa00  DCommsStateLocal.o [1]
  .bss               zero     0x2000'd1fc     0x7d0  Application.o [1]
  .bss               zero     0x2000'd9cc     0x730  DCommsStateUsbIdle.o [1]
  .bss               zero     0x2000'e0fc     0x574  main.o [1]
  .bss               zero     0x2000'e670     0x500  DCommsStateProdTest.o [1]
  .bss               zero     0x2000'eb70     0x408  main.o [1]
  .bss               zero     0x2000'ef78     0x320  os_cfg_app.o [1]
  .bss               zero     0x2000'f298     0x300  os_var.o [1]
  .bss               zero     0x2000'f598     0x2f4  usb_device.o [1]
  .bss               zero     0x2000'f88c     0x200  os_cfg_app.o [1]
  .bss               zero     0x2000'fa8c     0x200  usbd_desc.o [1]
  .bss               zero     0x2000'fc8c     0x1e8  i2c.o [1]
  .bss               zero     0x2000'fe74     0x1d8  dlmalloc.o [2]
  .bss               zero     0x2001'004c     0x180  os_cfg_app.o [1]
  .bss               zero     0x2001'01cc     0x140  os_cfg_app.o [1]
  .bss               zero     0x2001'030c      0xbc  Application.o [1]
  .bss               zero     0x2001'03c8      0xbc  os_var.o [1]
  .bss               zero     0x2001'0484      0xbc  os_var.o [1]
  .bss               zero     0x2001'0540      0x8c  main.o [1]
  .bss               zero     0x2001'05cc      0x64  main.o [1]
  .bss               zero     0x2001'0630      0x60  main.o [1]
  .bss               zero     0x2001'0690      0x4c  main.o [1]
  .bss               zero     0x2001'06dc      0x4c  main.o [1]
  .bss               zero     0x2001'0728      0x30  smbus.o [1]
  .bss               zero     0x2001'0758      0x2c  os_var.o [1]
  .bss               zero     0x2001'0784      0x24  DKeyHandler.o [1]
  .bss               zero     0x2001'07a8      0x24  main.o [1]
  .bss               zero     0x2001'07cc      0x24  os_var.o [1]
  .bss               zero     0x2001'07f0      0x20  memory.o [1]
  .bss               zero     0x2001'0810      0x1c  usbd_cdc_if.o [1]
  .bss               zero     0x2001'082c      0x18  dlmalloc.o [2]
  .bss               zero     0x2001'0844      0x14  bsp_os.o [1]
  .bss               zero     0x2001'0858      0x10  DCommsState.o [1]
  .bss               zero     0x2001'0868       0xc  os_var.o [1]
  .bss               zero     0x2001'0874       0x8  os_cpu_c.o [1]
  .bss               zero     0x2001'087c       0x8  os_var.o [1]
  .bss               zero     0x2001'0884       0x8  os_var.o [1]
  .bss               zero     0x2001'088c       0x4  cpu_core.o [1]
  .bss               zero     0x2001'0890       0x4  DCommsStateRemote.o [1]
  .bss               zero     0x2001'0894       0x4  DKeyHandler.o [1]
  .bss               zero     0x2001'0898       0x4  DProductionTest.o [1]
  .bss               zero     0x2001'089c       0x4  DPV624.o [1]
  .bss               zero     0x2001'08a0       0x4  lib_mem.o [1]
  .bss               zero     0x2001'08a4       0x4  MainApp.o [1]
  .bss               zero     0x2001'08a8       0x4  os_var.o [1]
  .bss               zero     0x2001'08ac       0x4  os_var.o [1]
  .bss               zero     0x2001'08b0       0x4  os_var.o [1]
  .bss               zero     0x2001'08b4       0x4  os_var.o [1]
  .bss               zero     0x2001'08b8       0x4  os_var.o [1]
  .bss               zero     0x2001'08bc       0x4  os_var.o [1]
  .bss               zero     0x2001'08c0       0x4  os_var.o [1]
  .bss               zero     0x2001'08c4       0x4  os_var.o [1]
  .bss               zero     0x2001'08c8       0x4  os_var.o [1]
  .bss               zero     0x2001'08cc       0x4  os_var.o [1]
  .bss               zero     0x2001'08d0       0x4  os_var.o [1]
  .bss               zero     0x2001'08d4       0x4  os_var.o [1]
  .bss               zero     0x2001'08d8       0x4  os_var.o [1]
  .bss               zero     0x2001'08dc       0x4  os_var.o [1]
  .bss               zero     0x2001'08e0       0x4  os_var.o [1]
  .bss               zero     0x2001'08e4       0x4  os_var.o [1]
  .bss               zero     0x2001'08e8       0x4  os_var.o [1]
  .bss               zero     0x2001'08ec       0x4  os_var.o [1]
  .bss               zero     0x2001'08f0       0x4  os_var.o [1]
  .bss               zero     0x2001'08f4       0x4  os_var.o [1]
  .bss               zero     0x2001'08f8       0x4  os_var.o [1]
  .bss               zero     0x2001'08fc       0x4  os_var.o [1]
  .bss               zero     0x2001'0900       0x4  os_var.o [1]
  .bss               zero     0x2001'0904       0x4  os_var.o [1]
  .bss               zero     0x2001'0908       0x4  new.o [3]
  .bss               zero     0x2001'090c       0x4  xfail_s.o [2]
  .bss               zero     0x2001'0910       0x4  xgetmemchunk.o [2]
  .bss               zero     0x2001'0914       0x2  DPressureCompensation.o [1]
  .bss               zero     0x2001'0916       0x2  os_var.o [1]
  .bss               zero     0x2001'0918       0x2  os_var.o [1]
  .bss               zero     0x2001'091a       0x2  os_var.o [1]
  .bss               zero     0x2001'091c       0x2  os_var.o [1]
  .bss               zero     0x2001'091e       0x2  os_var.o [1]
  .bss               zero     0x2001'0920       0x2  os_var.o [1]
  .bss               zero     0x2001'0922       0x2  os_var.o [1]
  .bss               zero     0x2001'0924       0x2  os_var.o [1]
  .bss               zero     0x2001'0926       0x1  DCommsState.o [1]
  .bss               zero     0x2001'0927       0x1  os_var.o [1]
  .bss               zero     0x2001'0928       0x1  os_var.o [1]
  .bss               zero     0x2001'0929       0x1  os_var.o [1]
  .bss               zero     0x2001'092a       0x1  os_var.o [1]
  .bss               zero     0x2001'092b       0x1  os_var.o [1]
  .bss               zero     0x2001'092c       0x1  os_var.o [1]
  .bss               zero     0x2001'092d       0x1  os_var.o [1]
  .bss               zero     0x2001'092e       0x1  usbd_ctlreq.o [1]
                            - 0x2001'092f    0xdf33

"P2", part 3 of 3:                         0x2'1000
  CSTACK                      0x2001'0930  0x1'1000  <Block>
    CSTACK           uninit   0x2001'0930  0x1'1000  <Block tail>
  HEAP                        0x2002'1930  0x1'0000  <Block>
    HEAP             uninit   0x2002'1930  0x1'0000  <Block tail>
                            - 0x2003'1930  0x2'1000

Unused ranges:

         From           To       Size
         ----           --       ----
   0x802'2201   0x81f'ffff  0x1d'ddff
  0x2003'1930  0x2009'ffff   0x6'e6d0


*******************************************************************************
*** INIT TABLE
***

          Address      Size
          -------      ----
Zero (__iar_zero_init3)
    1 destination range, total size 0xdf33:
          0x2000'29fc  0xdf33

Copy/lz77 (__iar_lz77_init_single3)
    1 source range, total size 0x1f1 (4% of destination):
           0x802'2010   0x1f1
    1 destination range, total size 0x29fc:
          0x2000'0000  0x29fc



*******************************************************************************
*** MODULE SUMMARY
***

    Module                        ro code  ro data  rw data
    ------                        -------  -------  -------
command line/config:
    -------------------------------------------------------
    Total:

C:\Users\212596572\Box Sync\Projects\Druck\PV624 NPI\Github\DK0499_POC\EWARM\DK0499\Obj: [1]
    Application.o                     124       16    2'188
    DAmcSensorData.o                2'576
    DBinaryParser.o                   888
    DCalibration.o                  1'720        8
    DComms.o                          158       32
    DCommsFsm.o                       232       28
    DCommsFsmOwi.o                     92       16
    DCommsFsmUsb.o                    112       16
    DCommsOwi.o                        90       32
    DCommsState.o                     100       32       17
    DCommsStateDuci.o               3'828      492
    DCommsStateLocal.o                764      176    2'560
    DCommsStateProdTest.o           1'960      280    1'280
    DCommsStateRemote.o             3'768      252    7'684
    DCommsStateRemoteOwi.o             96      136
    DCommsStateRemoteUsb.o            124      136
    DCommsStateUsbIdle.o              724      172    1'840
    DCommsUsb.o                        90       32
    DDevice.o                          86       24
    DDeviceSerial.o                    92       56
    DDeviceSerialOwiInterface1.o      430       72
    DDeviceSerialOwiInterface2.o      422       72
    DDeviceSerialUSB.o                220       56
    DErrorHandler.o                    74       20
    DFunction.o                     1'704      160
    DFunctionMeasure.o                 50      152
    DFunctionMeasureAndControl.o    2'212      168
    DInstrument.o                   1'048
    DKeyHandler.o                     982       28       40
    DLock.o                           180      224
    DOwiParse.o                       856
    DPV624.o                        2'130       52        4
    DParse.o                        3'618      120
    DParseSlave.o                      82       12
    DPersistent.o                   1'786       12
    DPowerManager.o                 1'156       36
    DPressureCompensation.o           626                 2
    DProductionTest.o               1'974      164        4
    DSensor.o                       2'560      196
    DSensorChipBarometer.o            346      196
    DSensorExternal.o                  54      228
    DSensorOwi.o                      470      260
    DSensorOwiAmc.o                 2'164      260
    DSensorTemperature.o               96
    DSlot.o                         2'886      100
    DSlotExternal.o                   642      100
    DSlotMeasureBarometer.o           138      100
    DSlotMeasurePressureExt.o          62      108
    DStepperMotor.o                   206
    DTask.o                           350       32
    DValve.o                          202
    DVoltageMonitor.o                 506
    EEPROM.o                          396
    LTC4100.o                         822
    MainApp.o                         164                 4
    OSPI_NOR_MX25L25645.o           4'560      264    8'204
    Utilities.o                       534       64
    bsp_cpu.o                          48
    bsp_os.o                          332                20
    cDateTime.o                       686      156
    cLPS22HH.o                        720       26
    cRtc.o                            360
    cVersion.o                                   8
    cpu_a.o                            84
    cpu_core.o                         24                 4
    crc.o                              44    1'024
    i2c.o                           1'068               488
    leds.o                          1'502
    lib_ascii.o                        30
    lib_mem.o                          12                 4
    main.o                          2'214             2'952
    memory.o                           76      140   24'608
    os_app_hooks.o                    162
    os_cfg_app.o                        2       51    2'016
    os_core.o                       1'728
    os_cpu_a.o                        288
    os_cpu_c.o                        708                 8
    os_dbg.o                          676      212
    os_flag.o                       1'072
    os_mem.o                          312
    os_msg.o                          172
    os_mutex.o                        896
    os_prio.o                         128
    os_sem.o                          676
    os_task.o                       1'232
    os_tick.o                         728
    os_time.o                         328
    os_tmr.o                        1'020
    os_var.o                                          1'371
    smartBattery.o                  1'228
    smbus.o                           328                48
    startup_stm32l4r5xx.o             716
    stm32l4xx_hal.o                   182        1       12
    stm32l4xx_hal_adc.o             1'896
    stm32l4xx_hal_cortex.o            232
    stm32l4xx_hal_crc.o               124
    stm32l4xx_hal_crc_ex.o             76
    stm32l4xx_hal_dma.o               836
    stm32l4xx_hal_gpio.o              784
    stm32l4xx_hal_i2c.o             4'914
    stm32l4xx_hal_i2c_ex.o            126
    stm32l4xx_hal_lptim.o             516
    stm32l4xx_hal_msp.o             2'532
    stm32l4xx_hal_ospi.o            2'664
    stm32l4xx_hal_pcd.o             1'912
    stm32l4xx_hal_pcd_ex.o            112
    stm32l4xx_hal_pwr.o                28
    stm32l4xx_hal_pwr_ex.o            236
    stm32l4xx_hal_rcc.o             2'008
    stm32l4xx_hal_rcc_ex.o          1'420
    stm32l4xx_hal_rtc.o               930
    stm32l4xx_hal_smbus.o           2'242
    stm32l4xx_hal_spi.o               520
    stm32l4xx_hal_tim.o             2'348
    stm32l4xx_hal_tim_ex.o            290
    stm32l4xx_hal_uart.o            3'062
    stm32l4xx_hal_uart_ex.o           278
    stm32l4xx_it.o                    252
    stm32l4xx_ll_usb.o              2'156
    system_stm32l4xx.o                 92       56        4
    uart.o                          1'840      471   10'196
    usb_device.o                      180      152      756
    usbd_cdc.o                        748       13      272
    usbd_cdc_if.o                     664       93       56
    usbd_conf.o                       640
    usbd_core.o                       666
    usbd_ctlreq.o                   1'184                 1
    usbd_desc.o                       268        5      608
    usbd_ioreq.o                       96
    -------------------------------------------------------
    Total:                        112'986    7'600   67'251

dl7M_tlf.a: [2]
    abort.o                             6
    dlmalloc.o                      7'396               496
    exit.o                              4
    heaptramp0.o                        8
    iar_Stoflt.o                      440
    iar_Stolx.o                       144
    iar_Stopfx.o                      290
    iar_Stoulx.o                      320       80
    iar_Stoxflt.o                     520
    isalpha.o                          20
    isspace.o                          20
    low_level_init.o                    4
    snprintf.o                         68
    sprintf.o                          64
    strncasecmp.o                      62
    tolower.o                          20
    xencoding_8859_1.o                 30
    xfail_s.o                          64                 4
    xgetmemchunk.o                     44                 4
    xlocale_c.o                       184       11      128
    xmbcurmax.o                        10
    xprintffull.o                   4'294
    xsnprout.o                         26
    xsprout.o                          10
    -------------------------------------------------------
    Total:                         14'048       91      632

dlpp7M_tl_fc.a: [3]
    delop4_0.o                          4
    delop_0.o                          10
    new.o                                                 4
    newaop_0.o                          4
    newop_0.o                          36
    nomemory.o                          4
    -------------------------------------------------------
    Total:                             58                 4

m7M_tls.a: [4]
    DblAdd.o                          362
    DblCmpGe.o                         46
    DblCmpLe.o                         46
    DblDiv.o                          582
    DblMul.o                          418
    DblSub.o                          226
    DblToS32.o                         58
    DblToU32.o                         40
    FltToDbl.o                         72
    S32ToDbl.o                         34
    U32ToDbl.o                         26
    fpinit_M.o                         34
    frexp.o                           112
    frexpf.o                           72
    ldexp.o                           314
    ldexpf.o                          196
    strto32.o                         892
    -------------------------------------------------------
    Total:                          3'530

rt7M_tl.a: [5]
    ABImemclr.o                         6
    ABImemclr4.o                        6
    ABImemcpy.o                       166
    ABImemset.o                       102
    ABImemset48.o                      50
    I64DivMod_small.o                 262
    I64DivZer.o                         2
    cexit.o                            10
    cmain.o                            30
    cstartup_M.o                       12
    data_init.o                        40
    lz77_init_single.o                120
    memchr.o                           88
    memcmp.o                          104
    memset.o                           20
    strchr.o                           22
    strlen.o                           54
    strncpy.o                         112
    zero_init3.o                       58
    -------------------------------------------------------
    Total:                          1'264

shb_l.a: [6]
    ABIassert.o                        36
    exit.o                             20
    unwind_debug.o                               1
    -------------------------------------------------------
    Total:                             56        1

    Gaps                              105        6
    Linker created                              32  135'168
-----------------------------------------------------------
    Grand Total:                  132'047    7'730  203'055


*******************************************************************************
*** ENTRY LIST
***

Entry                       Address    Size  Type      Object
-----                       -------    ----  ----      ------
.iar.init_table$$Base    0x802'18a4           --   Gb  - Linker created -
.iar.init_table$$Limit   0x802'18c4           --   Gb  - Linker created -
?main                    0x802'1965          Code  Gb  cmain.o [5]
ADC_DMAConvCplt          0x800'6869    0x6c  Code  Gb  stm32l4xx_hal_adc.o [1]
ADC_DMAError             0x800'68dd    0x16  Code  Gb  stm32l4xx_hal_adc.o [1]
ADC_DMAHalfConvCplt      0x800'68d5     0x6  Code  Gb  stm32l4xx_hal_adc.o [1]
ADC_Enable               0x800'67d3    0x50  Code  Gb  stm32l4xx_hal_adc.o [1]
AHBPrescTable            0x802'16b8    0x10  Data  Gb  system_stm32l4xx.o [1]
APBPrescTable            0x802'1eb4     0x8  Data  Gb  system_stm32l4xx.o [1]
ASCII_IsDig              0x801'd8e3     0x6  Code  Gb  lib_ascii.o [1]
ASCII_ToUpper            0x801'd8e9     0xe  Code  Gb  lib_ascii.o [1]
App_OS_IdleTaskHook      0x800'db85     0x4  Code  Gb  os_app_hooks.o [1]
App_OS_RedzoneHitHook    0x800'db89     0x4  Code  Gb  os_app_hooks.o [1]
App_OS_SetAllHooks       0x800'db31    0x4a  Code  Gb  os_app_hooks.o [1]
App_OS_StatTaskHook      0x800'db8d     0x2  Code  Gb  os_app_hooks.o [1]
App_OS_TaskCreateHook    0x800'db91     0x2  Code  Gb  os_app_hooks.o [1]
App_OS_TaskDelHook       0x800'db95     0x2  Code  Gb  os_app_hooks.o [1]
App_OS_TaskReturnHook    0x800'db99     0x2  Code  Gb  os_app_hooks.o [1]
App_OS_TaskSwHook        0x800'db9d     0xe  Code  Gb  os_app_hooks.o [1]
App_OS_TimeTickHook      0x800'dbd1     0x2  Code  Gb  os_app_hooks.o [1]
[...]
__aeabi_ldiv0            0x800'fb55          Code  Gb  I64DivZer.o [5]
__aeabi_memclr           0x800'dedd          Code  Gb  ABImemclr.o [5]
__aeabi_memclr4          0x800'b949          Code  Gb  ABImemclr4.o [5]
__aeabi_memcpy           0x800'1f0d          Code  Gb  ABImemcpy.o [5]
__aeabi_memcpy4          0x800'1f2d          Code  Gb  ABImemcpy.o [5]
__aeabi_memcpy8          0x800'1f2d          Code  Gb  ABImemcpy.o [5]
__aeabi_memset           0x800'adf5          Code  Gb  ABImemset.o [5]
__aeabi_ui2d             0x801'7065          Code  Gb  U32ToDbl.o [4]
__cmain                  0x802'1965          Code  Gb  cmain.o [5]
__data_GetMemChunk       0x800'1ee1    0x2c  Code  Gb  xgetmemchunk.o [2]
__data_GetMemChunk::start
                        0x2001'0910     0x4  Data  Lc  xgetmemchunk.o [2]
__exit                   0x800'1fd1    0x14  Code  Gb  exit.o [6]
__iar_Fail_s             0x801'6a0d    0x1c  Code  Gb  xfail_s.o [2]
__iar_Mbcurmax           0x801'7223     0xa  Code  Gb  xmbcurmax.o [2]
__iar_Memchr             0x801'6a4d          Code  Gb  memchr.o [5]
__iar_Memset             0x800'adf5          Code  Gb  ABImemset.o [5]
__iar_Memset4_word       0x800'dea9          Code  Gb  ABImemset48.o [5]
__iar_Memset8_word       0x800'dea9          Code  Gb  ABImemset48.o [5]
__iar_Memset_word        0x800'adfd          Code  Gb  ABImemset.o [5]
__iar_Sto32              0x801'db11   0x126  Code  Gb  strto32.o [4]
__iar_Stoflt             0x801'f7a1   0x1b8  Code  Gb  iar_Stoflt.o [2]
__iar_Stolx              0x801'cdf9    0x8c  Code  Gb  iar_Stolx.o [2]
__iar_Stopfx             0x801'f67d   0x122  Code  Gb  iar_Stopfx.o [2]
__iar_Stoulx             0x801'f3f5   0x13a  Code  Gb  iar_Stoulx.o [2]
__iar_Stoxflt            0x801'f959   0x1d2  Code  Gb  iar_Stoxflt.o [2]
__iar_Stoxflt::digits    0x801'fb30    0x18  Data  Lc  iar_Stoxflt.o [2]
__iar_Stoxflt::vals      0x801'fb48    0x18  Data  Lc  iar_Stoxflt.o [2]
__iar_Strchr             0x801'69f5          Code  Gb  strchr.o [5]
__iar_dadd               0x801'6d21          Code  Gb  DblSub.o [4]
__iar_data_init3         0x802'1859    0x28  Code  Gb  data_init.o [5]
__iar_debug_exceptions   0x800'94b7     0x1  Data  Gb  unwind_debug.o [6]
__iar_dlfree             0x800'15db   0x51e  Code  Gb  dlmalloc.o [2]
__iar_dlmalloc           0x800'06ed   0xeee  Code  Gb  dlmalloc.o [2]
__iar_dlrealloc          0x800'1e15    0x7e  Code  Gb  dlmalloc.o [2]
__iar_dsub               0x801'bd51          Code  Gb  DblAdd.o [4]
__iar_dsubStart          0x801'bd63          Code  Gb  DblAdd.o [4]
__iar_frexp              0x801'6ab1          Code  Gb  frexp.o [4]
__iar_frexp32            0x801'f571          Code  Gb  frexpf.o [4]
__iar_frexpf             0x801'f585          Code  Gb  frexpf.o [4]
__iar_frexpl             0x801'6ab1          Code  Gb  frexp.o [4]
__iar_globLocale        0x2000'29b4    0x48  Data  Lc  xlocale_c.o [2]
__iar_global_Locale      0x801'6979     0x4  Code  Gb  xlocale_c.o [2]
__iar_init_vfp           0x802'1881          Code  Gb  fpinit_M.o [4]
__iar_ldexp32            0x801'f5b9          Code  Gb  ldexpf.o [4]
__iar_ldexp64            0x801'6b75          Code  Gb  ldexp.o [4]
__iar_lz77_init_single3
                         0x802'1271    0x78  Code  Gb  lz77_init_single.o [5]
__iar_program_start      0x802'1d81          Code  Gb  cstartup_M.o [5]
__iar_scalbln32          0x801'f5b9          Code  Gb  ldexpf.o [4]
__iar_scalbln64          0x801'6b75          Code  Gb  ldexp.o [4]
__iar_scalbn32           0x801'f5b9          Code  Gb  ldexpf.o [4]
__iar_scalbn64           0x801'6b75          Code  Gb  ldexp.o [4]
__iar_small_uldivmod     0x800'd9f1          Code  Gb  I64DivMod_small.o [5]
__iar_softfp___iar_frexp64
                         0x801'6aa5          Code  Gb  frexp.o [4]
__iar_softfp_frexp       0x801'6aa5          Code  Gb  frexp.o [4]
__iar_softfp_frexpl      0x801'6aa5          Code  Gb  frexp.o [4]
__iar_zero_init3         0x800'1ea7    0x3a  Code  Gb  zero_init3.o [5]
__low_level_init         0x802'1983     0x4  Code  Gb  low_level_init.o [2]
__vector_table           0x800'0000          Data  Gb  startup_stm32l4r5xx.o [1]
_call_main               0x802'1971          Code  Gb  cmain.o [5]
_exit                    0x802'198d          Code  Gb  cexit.o [5]
_gLocale_mblen           0x801'69e1     0x4  Code  Gb  xlocale_c.o [2]
_gLocale_mblenInt        0x801'69a5    0x2c  Code  Gb  xlocale_c.o [2]
_gLocale_wctomb          0x801'69e5     0x4  Code  Gb  xlocale_c.o [2]
_gLocale_wctombInt       0x801'69dd     0x4  Code  Gb  xlocale_c.o [2]
_gm_                    0x2000'fe74   0x1d8  Data  Lc  dlmalloc.o [2]
_main                    0x802'197f          Code  Gb  cmain.o [5]
abort                    0x800'1ea1     0x6  Code  Gb  abort.o [2]
bufReadback             0x2000'a7fc  0x1000  Data  Gb  OSPI_NOR_MX25L25645.o [1]
cAppDK                   0x802'1ec8     0x4  Data  Gb  cVersion.o [1]
cAppVersion              0x802'1ec4     0x4  Data  Gb  cVersion.o [1]
cLPS22HH_Const_ICAddrShifted
                         0x802'1ec0     0x4  Data  Lc  cLPS22HH.o [1]
cLPS22HH_Const_WhoAmI    0x802'1ebc     0x4  Data  Lc  cLPS22HH.o [1]
cLPS22HH_Reg_CtrlReg1    0x800'68f3     0x1  Data  Lc  cLPS22HH.o [1]
cLPS22HH_Reg_CtrlReg2    0x800'71ae     0x1  Data  Lc  cLPS22HH.o [1]
cLPS22HH_Reg_FifoCtrl    0x800'71af     0x1  Data  Lc  cLPS22HH.o [1]
cLPS22HH_Reg_IntSource   0x800'722e     0x1  Data  Lc  cLPS22HH.o [1]
cLPS22HH_Reg_WhoAmI      0x800'68f2     0x1  Data  Lc  cLPS22HH.o [1]
cLPS22HH_Setting_CtrlReg1_trig
                         0x800'7e8f     0x1  Data  Lc  cLPS22HH.o [1]
cLPS22HH_Setting_CtrlReg2_swReset
                         0x800'722f     0x1  Data  Lc  cLPS22HH.o [1]
cLPS22HH_Setting_FifoCtrl_trig
                         0x800'7e8e     0x1  Data  Lc  cLPS22HH.o [1]
cLPS22HH_setup_config    0x802'1d8c     0x8  Data  Lc  cLPS22HH.o [1]
cRdSetupConfigLength     0x800'8b97     0x1  Data  Lc  cLPS22HH.o [1]
cWrSetupConfigLength     0x800'8b96     0x1  Data  Lc  cLPS22HH.o [1]
cblVersion               0x802'1ecc     0x4  Data  Lc  DPV624.o [1]
crc32                    0x801'28f1    0x2c  Code  Gb  crc.o [1]
crc32_table              0x801'ff60   0x400  Data  Lc  crc.o [1]
createAppTask            0x800'dc21    0x46  Code  Gb  Application.o [1]
createMemoryPartition    0x800'dbd5    0x4c  Code  Gb  memory.o [1]
dateTime_dateValid       0x801'1cf5    0x80  Code  Gb  cDateTime.o [1]
dateTime_isLeapYear      0x801'1c49    0x3c  Code  Lc  cDateTime.o [1]
dateTime_noDaysBtwDates
                         0x801'1d75   0x146  Code  Gb  cDateTime.o [1]
dateTime_noDaysExpRemInYrToDate
                         0x801'1c85    0x70  Code  Gb  cDateTime.o [1]
dateTime_timeValid       0x801'1ec9    0x2e  Code  Gb  cDateTime.o [1]
daysSinceDate            0x801'04cb    0x5e  Code  Gb  Utilities.o [1]
digits                   0x802'16f0    0x28  Data  Lc  iar_Stoulx.o [2]
disableSerialPortTxLine
                         0x800'd2f9    0x3c  Code  Gb  uart.o [1]
dispose_chunk            0x800'0245   0x4a6  Code  Lc  dlmalloc.o [2]
dmul                     0x801'd8f9    0x90  Code  Lc  strto32.o [4]
duciSlaveLocalCommands  0x2000'c7fc   0xa00  Data  Gb  DCommsStateLocal.o [1]
duciSlaveProdTestCommands
                        0x2000'e670   0x500  Data  Gb  DCommsStateProdTest.o [1]
duciSlaveRemoteCommands
                        0x2000'89fc  0x1e00  Data  Gb  DCommsStateRemote.o [1]
duciSlaveUsbCommands    0x2000'd9cc   0x730  Data  Gb  DCommsStateUsbIdle.o [1]
eepromRead               0x801'2765    0x40  Code  Gb  EEPROM.o [1]
eepromTest               0x801'281b    0xd6  Code  Gb  EEPROM.o [1]
eepromWrite              0x801'27a5    0x76  Code  Gb  EEPROM.o [1]
enableSerialPortTxLine   0x800'd2bd    0x3c  Code  Gb  uart.o [1]
exit                     0x802'1987     0x4  Code  Gb  exit.o [2]
expectedNumOfBytes      0x2000'0030     0xc  Data  Lc  uart.o [1]
floatEqual               0x801'0429    0x22  Code  Gb  Utilities.o [1]
free                     0x800'dee3     0x4  Code  Gb  heaptramp0.o [2]
frexpf                   0x801'f571          Code  Gb  frexpf.o [4]
getAvailableUARTxReceivedByteCount
                         0x800'd3fb    0x24  Code  Gb  uart.o [1]
getDate                  0x801'1b13    0x36  Code  Gb  cRtc.o [1]
getHandleToUARTxRcvBuffer
                         0x800'd971    0x40  Code  Gb  uart.o [1]
getSystemDate            0x801'0529    0x28  Code  Gb  Utilities.o [1]
getSystemTime            0x801'05ad    0x24  Code  Gb  Utilities.o [1]
getTime                  0x801'1ae1    0x32  Code  Gb  cRtc.o [1]
getUartPortNumber        0x800'd335    0x42  Code  Lc  uart.o [1]
gpioIntSem              0x2001'0784    0x24  Data  Gb  DKeyHandler.o [1]
hUsbDeviceFS            0x2000'f598   0x2d0  Data  Gb  usb_device.o [1]
hadc1                   0x2000'e0fc    0x68  Data  Gb  main.o [1]
hcrc                    0x2001'07a8    0x24  Data  Gb  main.o [1]
hdma_adc1               0x2001'0630    0x60  Data  Gb  main.o [1]
hi2c2                   0x2000'e4d0    0x4c  Data  Gb  main.o [1]
hi2c3                   0x2000'e51c    0x4c  Data  Gb  main.o [1]
hi2c4                   0x2000'e568    0x4c  Data  Gb  main.o [1]
hlptim1                 0x2000'e1c8    0x38  Data  Gb  main.o [1]
hospi1                  0x2000'e200    0x50  Data  Gb  main.o [1]
hpcd_USB_OTG_FS         0x2000'eb70   0x408  Data  Gb  main.o [1]
hrtc                    0x2000'e5b4    0x24  Data  Gb  main.o [1]
hsmbus1                 0x2000'e250    0x50  Data  Gb  main.o [1]
hspi1                   0x2001'05cc    0x64  Data  Gb  main.o [1]
hspi2                   0x2000'e164    0x64  Data  Gb  main.o [1]
htim1                   0x2000'e5d8    0x4c  Data  Gb  main.o [1]
htim2                   0x2001'0690    0x4c  Data  Gb  main.o [1]
htim3                   0x2001'06dc    0x4c  Data  Gb  main.o [1]
htim4                   0x2000'e624    0x4c  Data  Gb  main.o [1]
huart1                  0x2000'e32c    0x8c  Data  Gb  main.o [1]
huart2                  0x2000'e3b8    0x8c  Data  Gb  main.o [1]
huart3                  0x2000'e444    0x8c  Data  Gb  main.o [1]
huart4                  0x2000'e2a0    0x8c  Data  Gb  main.o [1]
huart5                  0x2001'0540    0x8c  Data  Gb  main.o [1]
i2cInit                  0x800'3d21    0x5c  Code  Gb  i2c.o [1]
i2cMutex                0x2000'fca4    0xb0  Data  Lc  i2c.o [1]
i2cRxSem                0x2000'fd54    0x90  Data  Lc  i2c.o [1]
i2cTxSem                0x2000'fde4    0x90  Data  Lc  i2c.o [1]
i2c_getElement           0x800'3f11    0x2e  Code  Lc  i2c.o [1]
i2c_p_err               0x2000'fc8c     0x8  Data  Lc  i2c.o [1]
i2c_reInit               0x800'3d99    0x2a  Code  Lc  i2c.o [1]
inIndex                 0x2001'0816     0x2  Data  Gb  usbd_cdc_if.o [1]
inRxCount               0x2001'0812     0x2  Data  Gb  usbd_cdc_if.o [1]
init_mparams             0x800'01d7    0x2c  Code  Lc  dlmalloc.o [2]
init_top                 0x800'0203    0x34  Code  Lc  dlmalloc.o [2]
isDateValid              0x801'044d    0x7e  Code  Gb  Utilities.o [1]
isalpha                  0x801'ff4b    0x14  Code  Gb  isalpha.o [2]
isnan(float)             0x801'f535    0x28  Code  Gb  DCalibration.o [1]
isspace                  0x801'f3df    0x14  Code  Gb  isspace.o [2]
ldexp                    0x801'6b75          Code  Gb  ldexp.o [4]
ldexpf                   0x801'f5b9          Code  Gb  ldexpf.o [4]
ldexpl                   0x801'6b75          Code  Gb  ldexp.o [4]
linecoding              0x2000'2900     0x8  Data  Gb  usbd_cdc_if.o [1]
localeconv               0x801'69e9     0x4  Code  Gb  xlocale_c.o [2]
main                     0x800'449d   0x6bc  Code  Gb  main.o [1]
memBlocks               0x2000'29fc  0x6000  Data  Gb  memory.o [1]
memPartition            0x2001'07f0    0x20  Data  Gb  memory.o [1]
memchr                   0x801'6a4d          Code  Gb  memchr.o [5]
memcmp                   0x801'fb61          Code  Gb  memcmp.o [5]
memset                   0x800'5229    0x14  Code  Gb  memset.o [5]
monthDays                0x802'1828    0x30  Data  Lc  Utilities.o [1]
mparams                 0x2001'082c    0x18  Data  Lc  dlmalloc.o [2]
ndigs                    0x802'16c8    0x28  Data  Lc  iar_Stoulx.o [2]
operator delete (void *)
                         0x801'ff41     0xa  Code  Gb  delop_0.o [3]
operator delete (void *, unsigned int)
                         0x801'f15b     0x4  Code  Gb  delop4_0.o [3]
operator new (unsigned int)
                         0x800'e66d    0x24  Code  Gb  newop_0.o [3]
operator new[] (unsigned int)
                         0x800'de57     0x4  Code  Gb  newaop_0.o [3]
outIndex                0x2001'0814     0x2  Data  Gb  usbd_cdc_if.o [1]
outRxCount              0x2001'0810     0x2  Data  Gb  usbd_cdc_if.o [1]
pSmbusError             0x2001'0728     0x2  Data  Gb  smbus.o [1]
pUserRxBufferFS         0x2001'0820     0x4  Data  Gb  usbd_cdc_if.o [1]
pUserTxBufferFS         0x2001'081c     0x4  Data  Gb  usbd_cdc_if.o [1]
p_err                   0x2000'0024     0xc  Data  Lc  uart.o [1]
pows                     0x801'dc5c    0x18  Data  Lc  strto32.o [4]
psvi                    0x2001'0914     0x2  Data  Gb  DPressureCompensation.o [1]
quadsolve(point_t *, sQuadratic_t &)
                         0x801'f371    0x6e  Code  Gb  DPressureCompensation.o [1]
realloc                  0x800'dee7     0x4  Code  Gb  heaptramp0.o [2]
rxReady                 0x2000'001c     0x8  Data  Lc  uart.o [1]
sMonthDay                0x802'0ac0    0x9c  Data  Gb  cDateTime.o [1]
saveBuf                 0x2001'0824     0x4  Data  Gb  usbd_cdc_if.o [1]
saveLen                 0x2001'0828     0x4  Data  Gb  usbd_cdc_if.o [1]
scalbln                  0x801'6b75          Code  Gb  ldexp.o [4]
scalblnf                 0x801'f5b9          Code  Gb  ldexpf.o [4]
scalblnl                 0x801'6b75          Code  Gb  ldexp.o [4]
scalbn                   0x801'6b75          Code  Gb  ldexp.o [4]
scalbnf                  0x801'f5b9          Code  Gb  ldexpf.o [4]
scalbnl                  0x801'6b75          Code  Gb  ldexp.o [4]
scale                    0x801'45cd    0x46  Code  Lc  xprintffull.o [2]
sec_hand                0x2001'090c     0x4  Data  Lc  xfail_s.o [2]
segment_holding          0x800'01bd    0x1a  Code  Lc  dlmalloc.o [2]
sendOverUART4            0x800'd47b    0x38  Code  Gb  uart.o [1]
sendOverUSART2           0x800'd41f    0x3c  Code  Gb  uart.o [1]
setDate                  0x801'1bcd    0x70  Code  Gb  cRtc.o [1]
setSystemDate            0x801'0551    0x46  Code  Gb  Utilities.o [1]
setSystemTime            0x801'05d1    0x22  Code  Gb  Utilities.o [1]
setTime                  0x801'1b49    0x84  Code  Gb  cRtc.o [1]
sleep                    0x801'03dd    0x4c  Code  Gb  Utilities.o [1]
smartBattery::getAllParameters()
                         0x800'ec7b    0x12  Code  Gb  smartBattery.o [1]
smartBattery::getBatteryStatus(unsigned int *)
                         0x800'ec5d    0x1e  Code  Gb  smartBattery.o [1]
smartBattery::getCommand(eBatteryCommands_t, unsigned int *)
                         0x800'ee7b    0x1a  Code  Gb  smartBattery.o [1]
smartBattery::getCurrent(int *)
                         0x800'ebed    0x34  Code  Gb  smartBattery.o [1]
smartBattery::getFullChargeCapacity(unsigned int *)
                         0x800'ec35    0x14  Code  Gb  smartBattery.o [1]
smartBattery::getFullyChargedStatus(unsigned int *)
                         0x800'eacb     0xe  Code  Gb  smartBattery.o [1]
smartBattery::getMainParameters()
                         0x800'ec8d    0x96  Code  Gb  smartBattery.o [1]
smartBattery::getRemainingCapacity(unsigned int *)
                         0x800'ec21    0x14  Code  Gb  smartBattery.o [1]
smartBattery::getRunTimeToEmpty(unsigned int *)
                         0x800'ec49    0x14  Code  Gb  smartBattery.o [1]
smartBattery::getTemperature(unsigned int *)
                         0x800'ebab    0x14  Code  Gb  smartBattery.o [1]
smartBattery::getTerminateChargeAlarm(unsigned int *)
                         0x800'eabd     0xe  Code  Gb  smartBattery.o [1]
smartBattery::getValue(eBatteryCommands_t, float *)
                         0x800'ee53    0x28  Code  Gb  smartBattery.o [1]
smartBattery::getValue(eBatteryCommands_t, int *)
                         0x800'ee39    0x1a  Code  Gb  smartBattery.o [1]
smartBattery::getValue(eBatteryCommands_t, unsigned int *)
                         0x800'ed2d   0x10c  Code  Gb  smartBattery.o [1]
smartBattery::getVoltage(float *)
                         0x800'ebc1    0x2c  Code  Gb  smartBattery.o [1]
smartBattery::resetBatteryParameters()
                         0x800'ea01    0xbc  Code  Gb  smartBattery.o [1]
smartBattery::setBatteryErrors(unsigned int)
                         0x800'eba3     0x8  Code  Gb  smartBattery.o [1]
smartBattery::setBatteryStatus(unsigned int)
                         0x800'ead9    0xca  Code  Gb  smartBattery.o [1]
smartBattery::smartBattery(SMBUS_HandleTypeDef *)
                         0x800'e9c9    0x38  Code  Gb  smartBattery.o [1]
smbusFlagGroup          0x2001'0734    0x24  Data  Gb  smbus.o [1]
smbusFlags              0x2001'072c     0x4  Data  Gb  smbus.o [1]
smbusPendFlags          0x2001'0730     0x4  Data  Gb  smbus.o [1]
snprintf                 0x801'1a9d    0x44  Code  Gb  snprintf.o [2]
spam(sSpamCubic_t *, short, float)
                         0x801'f16d    0xb2  Code  Gb  DPressureCompensation.o [1]
spamfit(point_t const *, short, sSpamCubic_t *)
                         0x801'f225   0x14c  Code  Gb  DPressureCompensation.o [1]
sprintf                  0x801'd7e9    0x40  Code  Gb  sprintf.o [2]
startupTaskStk          0x2000'd1fc   0x7d0  Data  Lc  Application.o [1]
startupTaskTCB          0x2001'030c    0xbc  Data  Lc  Application.o [1]
std::_NomemoryNothrow()
                         0x801'0ddd     0x4  Code  Gb  nomemory.o [3]
std::__iar_New_hand     0x2001'0908     0x4  Data  Gb  new.o [3]
strchr                   0x801'69f5          Code  Gb  strchr.o [5]
strlen                   0x801'5a1d          Code  Gb  strlen.o [5]
strncasecmp              0x801'd829    0x3e  Code  Gb  strncasecmp.o [2]
strncpy                  0x801'd869          Code  Gb  strncpy.o [5]
strtof                   0x801'dc55     0x6  Code  Gb  strto32.o [4]
strtol                   0x801'ce85     0x4  Code  Gb  iar_Stolx.o [2]
tolower                  0x801'f55d    0x14  Code  Gb  tolower.o [2]
try_realloc_chunk        0x800'1afd   0x318  Code  Lc  dlmalloc.o [2]
uart4RxBuffer           0x2000'2488   0x100  Data  Lc  uart.o [1]
uart5RxBuffer           0x2000'2588   0x100  Data  Lc  uart.o [1]
uartInit                 0x800'd377    0x84  Code  Gb  uart.o [1]
uartRcvSemNames         0x2000'0050    0xfc  Data  Lc  uart.o [1]
uartSemRcv              0x2000'273c    0xb4  Data  Lc  uart.o [1]
uartSemSend             0x2000'2688    0xb4  Data  Lc  uart.o [1]
uartSendSemNames        0x2000'014c    0xfc  Data  Lc  uart.o [1]
usart1RxBuffer          0x2000'0248   0x100  Data  Lc  uart.o [1]
usart2RxBuffer          0x2000'0348  0x2040  Data  Lc  uart.o [1]
usart3RxBuffer          0x2000'2388   0x100  Data  Lc  uart.o [1]
usbSemRcv               0x2000'f868    0x24  Data  Gb  usb_device.o [1]
uwTick                  0x2000'0010     0x4  Data  Gb  stm32l4xx_hal.o [1]
uwTickFreq              0x2000'000c     0x1  Data  Gb  stm32l4xx_hal.o [1]
uwTickPrio              0x2000'0014     0x4  Data  Gb  stm32l4xx_hal.o [1]
waitToReceiveOverUart4   0x800'd5b7    0x18  Code  Gb  uart.o [1]
waitToReceiveOverUsart2
                         0x800'd58b    0x16  Code  Gb  uart.o [1]


[1] = C:\Users\212596572\Box Sync\Projects\Druck\PV624 NPI\Github\DK0499_POC\EWARM\DK0499\Obj
[2] = dl7M_tlf.a
[3] = dlpp7M_tl_fc.a
[4] = m7M_tls.a
[5] = rt7M_tl.a
[6] = shb_l.a

  132'047 bytes of readonly  code memory
    7'730 bytes of readonly  data memory
  203'055 bytes of readwrite data memory

Errors: none
Warnings: none
