###############################################################################
#
# IAR ELF Linker V8.42.1.233/W32 for ARM                  12/Aug/2020  20:24:15
# Copyright 2007-2019 IAR Systems AB.
#
#    Output file  =
#        C:\Users\212596572\Box Sync\Projects\Druck\PV624
#        NPI\Github\DK0499_POC\EWARM\DK0499\Exe\DK0499.out
#    Map file     =
#        C:\Users\212596572\Box Sync\Projects\Druck\PV624
#        NPI\Github\DK0499_POC\EWARM\DK0499\List\DK0499.map
#    Command line =
#        -f C:\Users\212596~1\AppData\Local\Temp\EWE6F3.tmp
#        ("C:\Users\212596572\Box Sync\Projects\Druck\PV624
#        NPI\Github\DK0499_POC\EWARM\DK0499\Obj\Application.o"
#        "C:\Users\212596572\Box Sync\Projects\Druck\PV624
#        NPI\Github\DK0499_POC\EWARM\DK0499\Obj\bsp_cpu.o"
#        "C:\Users\212596572\Box Sync\Projects\Druck\PV624
#        NPI\Github\DK0499_POC\EWARM\DK0499\Obj\bsp_os.o"
#        "C:\Users\212596572\Box Sync\Projects\Druck\PV624
#        NPI\Github\DK0499_POC\EWARM\DK0499\Obj\cpu_a.o"
#        "C:\Users\212596572\Box Sync\Projects\Druck\PV624
#        NPI\Github\DK0499_POC\EWARM\DK0499\Obj\cpu_c.o"
#        "C:\Users\212596572\Box Sync\Projects\Druck\PV624
#        NPI\Github\DK0499_POC\EWARM\DK0499\Obj\cpu_core.o"
#        "C:\Users\212596572\Box Sync\Projects\Druck\PV624
#        NPI\Github\DK0499_POC\EWARM\DK0499\Obj\crc.o" "C:\Users\212596572\Box
#        Sync\Projects\Druck\PV624
#        NPI\Github\DK0499_POC\EWARM\DK0499\Obj\DAmcSensorData.o"
#        "C:\Users\212596572\Box Sync\Projects\Druck\PV624
#        NPI\Github\DK0499_POC\EWARM\DK0499\Obj\DCalibration.o"
#        "C:\Users\212596572\Box Sync\Projects\Druck\PV624
#        NPI\Github\DK0499_POC\EWARM\DK0499\Obj\DChannel.o"
#        "C:\Users\212596572\Box Sync\Projects\Druck\PV624
#        NPI\Github\DK0499_POC\EWARM\DK0499\Obj\DChannelAuxiliary.o"
#        "C:\Users\212596572\Box Sync\Projects\Druck\PV624
#        NPI\Github\DK0499_POC\EWARM\DK0499\Obj\DComms.o"
#        "C:\Users\212596572\Box Sync\Projects\Druck\PV624
#        NPI\Github\DK0499_POC\EWARM\DK0499\Obj\DCommsFsm.o"
#        "C:\Users\212596572\Box Sync\Projects\Druck\PV624
#        NPI\Github\DK0499_POC\EWARM\DK0499\Obj\DCommsFsmOwi.o"
#        "C:\Users\212596572\Box Sync\Projects\Druck\PV624
#        NPI\Github\DK0499_POC\EWARM\DK0499\Obj\DCommsFsmSerial.o"
#        "C:\Users\212596572\Box Sync\Projects\Druck\PV624
#        NPI\Github\DK0499_POC\EWARM\DK0499\Obj\DCommsFsmUsb.o"
#        "C:\Users\212596572\Box Sync\Projects\Druck\PV624
#        NPI\Github\DK0499_POC\EWARM\DK0499\Obj\DCommsOwi.o"
#        "C:\Users\212596572\Box Sync\Projects\Druck\PV624
#        NPI\Github\DK0499_POC\EWARM\DK0499\Obj\DCommsSerial.o"
#        "C:\Users\212596572\Box Sync\Projects\Druck\PV624
#        NPI\Github\DK0499_POC\EWARM\DK0499\Obj\DCommsState.o"
#        "C:\Users\212596572\Box Sync\Projects\Druck\PV624
#        NPI\Github\DK0499_POC\EWARM\DK0499\Obj\DCommsStateDuci.o"
#        "C:\Users\212596572\Box Sync\Projects\Druck\PV624
#        NPI\Github\DK0499_POC\EWARM\DK0499\Obj\DCommsStateLocal.o"
#        "C:\Users\212596572\Box Sync\Projects\Druck\PV624
#        NPI\Github\DK0499_POC\EWARM\DK0499\Obj\DCommsStateOwi.o"
#        "C:\Users\212596572\Box Sync\Projects\Druck\PV624
#        NPI\Github\DK0499_POC\EWARM\DK0499\Obj\DCommsStateOwiRead.o"
#        "C:\Users\212596572\Box Sync\Projects\Druck\PV624
#        NPI\Github\DK0499_POC\EWARM\DK0499\Obj\DCommsStateOwiWrite.o"
#        "C:\Users\212596572\Box Sync\Projects\Druck\PV624
#        NPI\Github\DK0499_POC\EWARM\DK0499\Obj\DCommsStateProdTest.o"
#        "C:\Users\212596572\Box Sync\Projects\Druck\PV624
#        NPI\Github\DK0499_POC\EWARM\DK0499\Obj\DCommsStateRemote.o"
#        "C:\Users\212596572\Box Sync\Projects\Druck\PV624
#        NPI\Github\DK0499_POC\EWARM\DK0499\Obj\DCommsStateUsbIdle.o"
#        "C:\Users\212596572\Box Sync\Projects\Druck\PV624
#        NPI\Github\DK0499_POC\EWARM\DK0499\Obj\DCommsUsb.o"
#        "C:\Users\212596572\Box Sync\Projects\Druck\PV624
#        NPI\Github\DK0499_POC\EWARM\DK0499\Obj\DDevice.o"
#        "C:\Users\212596572\Box Sync\Projects\Druck\PV624
#        NPI\Github\DK0499_POC\EWARM\DK0499\Obj\DDeviceSerial.o"
#        "C:\Users\212596572\Box Sync\Projects\Druck\PV624
#        NPI\Github\DK0499_POC\EWARM\DK0499\Obj\DDeviceSerialOwiInterface1.o"
#        "C:\Users\212596572\Box Sync\Projects\Druck\PV624
#        NPI\Github\DK0499_POC\EWARM\DK0499\Obj\DDeviceSerialOwiInterface2.o"
#        "C:\Users\212596572\Box Sync\Projects\Druck\PV624
#        NPI\Github\DK0499_POC\EWARM\DK0499\Obj\DDeviceSerialRS485.o"
#        "C:\Users\212596572\Box Sync\Projects\Druck\PV624
#        NPI\Github\DK0499_POC\EWARM\DK0499\Obj\DDeviceSerialUSB.o"
#        "C:\Users\212596572\Box Sync\Projects\Druck\PV624
#        NPI\Github\DK0499_POC\EWARM\DK0499\Obj\DErrorHandler.o"
#        "C:\Users\212596572\Box Sync\Projects\Druck\PV624
#        NPI\Github\DK0499_POC\EWARM\DK0499\Obj\DFunction.o"
#        "C:\Users\212596572\Box Sync\Projects\Druck\PV624
#        NPI\Github\DK0499_POC\EWARM\DK0499\Obj\DFunctionMeasure.o"
#        "C:\Users\212596572\Box Sync\Projects\Druck\PV624
#        NPI\Github\DK0499_POC\EWARM\DK0499\Obj\DFunctionMeasureBarometer.o"
#        "C:\Users\212596572\Box Sync\Projects\Druck\PV624
#        NPI\Github\DK0499_POC\EWARM\DK0499\Obj\DFunctionMeasurePressureExt.o"
#        "C:\Users\212596572\Box Sync\Projects\Druck\PV624
#        NPI\Github\DK0499_POC\EWARM\DK0499\Obj\DFunctionMeasurePseudoAbs.o"
#        "C:\Users\212596572\Box Sync\Projects\Druck\PV624
#        NPI\Github\DK0499_POC\EWARM\DK0499\Obj\DFunctionMeasurePseudoGauge.o"
#        "C:\Users\212596572\Box Sync\Projects\Druck\PV624
#        NPI\Github\DK0499_POC\EWARM\DK0499\Obj\DInstrument.o"
#        "C:\Users\212596572\Box Sync\Projects\Druck\PV624
#        NPI\Github\DK0499_POC\EWARM\DK0499\Obj\DKeyHandler.o"
#        "C:\Users\212596572\Box Sync\Projects\Druck\PV624
#        NPI\Github\DK0499_POC\EWARM\DK0499\Obj\DLock.o"
#        "C:\Users\212596572\Box Sync\Projects\Druck\PV624
#        NPI\Github\DK0499_POC\EWARM\DK0499\Obj\DOwiParse.o"
#        "C:\Users\212596572\Box Sync\Projects\Druck\PV624
#        NPI\Github\DK0499_POC\EWARM\DK0499\Obj\DParse.o"
#        "C:\Users\212596572\Box Sync\Projects\Druck\PV624
#        NPI\Github\DK0499_POC\EWARM\DK0499\Obj\DParseMaster.o"
#        "C:\Users\212596572\Box Sync\Projects\Druck\PV624
#        NPI\Github\DK0499_POC\EWARM\DK0499\Obj\DParseMasterSlave.o"
#        "C:\Users\212596572\Box Sync\Projects\Druck\PV624
#        NPI\Github\DK0499_POC\EWARM\DK0499\Obj\DParseSlave.o"
#        "C:\Users\212596572\Box Sync\Projects\Druck\PV624
#        NPI\Github\DK0499_POC\EWARM\DK0499\Obj\DPersistent.o"
#        "C:\Users\212596572\Box Sync\Projects\Druck\PV624
#        NPI\Github\DK0499_POC\EWARM\DK0499\Obj\DPressureCompensation.o"
#        "C:\Users\212596572\Box Sync\Projects\Druck\PV624
#        NPI\Github\DK0499_POC\EWARM\DK0499\Obj\DPV624.o"
#        "C:\Users\212596572\Box Sync\Projects\Druck\PV624
#        NPI\Github\DK0499_POC\EWARM\DK0499\Obj\DRange.o"
#        "C:\Users\212596572\Box Sync\Projects\Druck\PV624
#        NPI\Github\DK0499_POC\EWARM\DK0499\Obj\DRTC.o" "C:\Users\212596572\Box
#        Sync\Projects\Druck\PV624
#        NPI\Github\DK0499_POC\EWARM\DK0499\Obj\DSensor.o"
#        "C:\Users\212596572\Box Sync\Projects\Druck\PV624
#        NPI\Github\DK0499_POC\EWARM\DK0499\Obj\DSensorChipBarometer.o"
#        "C:\Users\212596572\Box Sync\Projects\Druck\PV624
#        NPI\Github\DK0499_POC\EWARM\DK0499\Obj\DSensorDuci.o"
#        "C:\Users\212596572\Box Sync\Projects\Druck\PV624
#        NPI\Github\DK0499_POC\EWARM\DK0499\Obj\DSensorDuciTerpsBarometer.o"
#        "C:\Users\212596572\Box Sync\Projects\Druck\PV624
#        NPI\Github\DK0499_POC\EWARM\DK0499\Obj\DSensorExternal.o"
#        "C:\Users\212596572\Box Sync\Projects\Druck\PV624
#        NPI\Github\DK0499_POC\EWARM\DK0499\Obj\DSensorOwi.o"
#        "C:\Users\212596572\Box Sync\Projects\Druck\PV624
#        NPI\Github\DK0499_POC\EWARM\DK0499\Obj\DSensorOwiAmc.o"
#        "C:\Users\212596572\Box Sync\Projects\Druck\PV624
#        NPI\Github\DK0499_POC\EWARM\DK0499\Obj\DSensorPseudo.o"
#        "C:\Users\212596572\Box Sync\Projects\Druck\PV624
#        NPI\Github\DK0499_POC\EWARM\DK0499\Obj\DSlot.o"
#        "C:\Users\212596572\Box Sync\Projects\Druck\PV624
#        NPI\Github\DK0499_POC\EWARM\DK0499\Obj\DSlotExternal.o"
#        "C:\Users\212596572\Box Sync\Projects\Druck\PV624
#        NPI\Github\DK0499_POC\EWARM\DK0499\Obj\DSlotMeasureBarometer.o"
#        "C:\Users\212596572\Box Sync\Projects\Druck\PV624
#        NPI\Github\DK0499_POC\EWARM\DK0499\Obj\DSlotMeasurePressureExt.o"
#        "C:\Users\212596572\Box Sync\Projects\Druck\PV624
#        NPI\Github\DK0499_POC\EWARM\DK0499\Obj\DSlotPseudo.o"
#        "C:\Users\212596572\Box Sync\Projects\Druck\PV624
#        NPI\Github\DK0499_POC\EWARM\DK0499\Obj\DSlotSwitch.o"
#        "C:\Users\212596572\Box Sync\Projects\Druck\PV624
#        NPI\Github\DK0499_POC\EWARM\DK0499\Obj\DTask.o"
#        "C:\Users\212596572\Box Sync\Projects\Druck\PV624
#        NPI\Github\DK0499_POC\EWARM\DK0499\Obj\DUserInterface.o"
#        "C:\Users\212596572\Box Sync\Projects\Druck\PV624
#        NPI\Github\DK0499_POC\EWARM\DK0499\Obj\EEPROM.o"
#        "C:\Users\212596572\Box Sync\Projects\Druck\PV624
#        NPI\Github\DK0499_POC\EWARM\DK0499\Obj\i2c.o" "C:\Users\212596572\Box
#        Sync\Projects\Druck\PV624
#        NPI\Github\DK0499_POC\EWARM\DK0499\Obj\lib_ascii.o"
#        "C:\Users\212596572\Box Sync\Projects\Druck\PV624
#        NPI\Github\DK0499_POC\EWARM\DK0499\Obj\lib_math.o"
#        "C:\Users\212596572\Box Sync\Projects\Druck\PV624
#        NPI\Github\DK0499_POC\EWARM\DK0499\Obj\lib_mem.o"
#        "C:\Users\212596572\Box Sync\Projects\Druck\PV624
#        NPI\Github\DK0499_POC\EWARM\DK0499\Obj\lib_str.o"
#        "C:\Users\212596572\Box Sync\Projects\Druck\PV624
#        NPI\Github\DK0499_POC\EWARM\DK0499\Obj\main.o" "C:\Users\212596572\Box
#        Sync\Projects\Druck\PV624
#        NPI\Github\DK0499_POC\EWARM\DK0499\Obj\MainApp.o"
#        "C:\Users\212596572\Box Sync\Projects\Druck\PV624
#        NPI\Github\DK0499_POC\EWARM\DK0499\Obj\memory.o"
#        "C:\Users\212596572\Box Sync\Projects\Druck\PV624
#        NPI\Github\DK0499_POC\EWARM\DK0499\Obj\os_app_hooks.o"
#        "C:\Users\212596572\Box Sync\Projects\Druck\PV624
#        NPI\Github\DK0499_POC\EWARM\DK0499\Obj\os_cfg_app.o"
#        "C:\Users\212596572\Box Sync\Projects\Druck\PV624
#        NPI\Github\DK0499_POC\EWARM\DK0499\Obj\os_core.o"
#        "C:\Users\212596572\Box Sync\Projects\Druck\PV624
#        NPI\Github\DK0499_POC\EWARM\DK0499\Obj\os_cpu_a.o"
#        "C:\Users\212596572\Box Sync\Projects\Druck\PV624
#        NPI\Github\DK0499_POC\EWARM\DK0499\Obj\os_cpu_c.o"
#        "C:\Users\212596572\Box Sync\Projects\Druck\PV624
#        NPI\Github\DK0499_POC\EWARM\DK0499\Obj\os_dbg.o"
#        "C:\Users\212596572\Box Sync\Projects\Druck\PV624
#        NPI\Github\DK0499_POC\EWARM\DK0499\Obj\os_flag.o"
#        "C:\Users\212596572\Box Sync\Projects\Druck\PV624
#        NPI\Github\DK0499_POC\EWARM\DK0499\Obj\os_mem.o"
#        "C:\Users\212596572\Box Sync\Projects\Druck\PV624
#        NPI\Github\DK0499_POC\EWARM\DK0499\Obj\os_msg.o"
#        "C:\Users\212596572\Box Sync\Projects\Druck\PV624
#        NPI\Github\DK0499_POC\EWARM\DK0499\Obj\os_mutex.o"
#        "C:\Users\212596572\Box Sync\Projects\Druck\PV624
#        NPI\Github\DK0499_POC\EWARM\DK0499\Obj\os_prio.o"
#        "C:\Users\212596572\Box Sync\Projects\Druck\PV624
#        NPI\Github\DK0499_POC\EWARM\DK0499\Obj\os_q.o" "C:\Users\212596572\Box
#        Sync\Projects\Druck\PV624
#        NPI\Github\DK0499_POC\EWARM\DK0499\Obj\os_sem.o"
#        "C:\Users\212596572\Box Sync\Projects\Druck\PV624
#        NPI\Github\DK0499_POC\EWARM\DK0499\Obj\os_stat.o"
#        "C:\Users\212596572\Box Sync\Projects\Druck\PV624
#        NPI\Github\DK0499_POC\EWARM\DK0499\Obj\os_task.o"
#        "C:\Users\212596572\Box Sync\Projects\Druck\PV624
#        NPI\Github\DK0499_POC\EWARM\DK0499\Obj\os_tick.o"
#        "C:\Users\212596572\Box Sync\Projects\Druck\PV624
#        NPI\Github\DK0499_POC\EWARM\DK0499\Obj\os_time.o"
#        "C:\Users\212596572\Box Sync\Projects\Druck\PV624
#        NPI\Github\DK0499_POC\EWARM\DK0499\Obj\os_tmr.o"
#        "C:\Users\212596572\Box Sync\Projects\Druck\PV624
#        NPI\Github\DK0499_POC\EWARM\DK0499\Obj\os_var.o"
#        "C:\Users\212596572\Box Sync\Projects\Druck\PV624
#        NPI\Github\DK0499_POC\EWARM\DK0499\Obj\startup_stm32l4r5xx.o"
#        "C:\Users\212596572\Box Sync\Projects\Druck\PV624
#        NPI\Github\DK0499_POC\EWARM\DK0499\Obj\stm32l4xx_hal.o"
#        "C:\Users\212596572\Box Sync\Projects\Druck\PV624
#        NPI\Github\DK0499_POC\EWARM\DK0499\Obj\stm32l4xx_hal_cortex.o"
#        "C:\Users\212596572\Box Sync\Projects\Druck\PV624
#        NPI\Github\DK0499_POC\EWARM\DK0499\Obj\stm32l4xx_hal_crc.o"
#        "C:\Users\212596572\Box Sync\Projects\Druck\PV624
#        NPI\Github\DK0499_POC\EWARM\DK0499\Obj\stm32l4xx_hal_crc_ex.o"
#        "C:\Users\212596572\Box Sync\Projects\Druck\PV624
#        NPI\Github\DK0499_POC\EWARM\DK0499\Obj\stm32l4xx_hal_dma.o"
#        "C:\Users\212596572\Box Sync\Projects\Druck\PV624
#        NPI\Github\DK0499_POC\EWARM\DK0499\Obj\stm32l4xx_hal_dma_ex.o"
#        "C:\Users\212596572\Box Sync\Projects\Druck\PV624
#        NPI\Github\DK0499_POC\EWARM\DK0499\Obj\stm32l4xx_hal_exti.o"
#        "C:\Users\212596572\Box Sync\Projects\Druck\PV624
#        NPI\Github\DK0499_POC\EWARM\DK0499\Obj\stm32l4xx_hal_flash.o"
#        "C:\Users\212596572\Box Sync\Projects\Druck\PV624
#        NPI\Github\DK0499_POC\EWARM\DK0499\Obj\stm32l4xx_hal_flash_ex.o"
#        "C:\Users\212596572\Box Sync\Projects\Druck\PV624
#        NPI\Github\DK0499_POC\EWARM\DK0499\Obj\stm32l4xx_hal_flash_ramfunc.o"
#        "C:\Users\212596572\Box Sync\Projects\Druck\PV624
#        NPI\Github\DK0499_POC\EWARM\DK0499\Obj\stm32l4xx_hal_gpio.o"
#        "C:\Users\212596572\Box Sync\Projects\Druck\PV624
#        NPI\Github\DK0499_POC\EWARM\DK0499\Obj\stm32l4xx_hal_i2c.o"
#        "C:\Users\212596572\Box Sync\Projects\Druck\PV624
#        NPI\Github\DK0499_POC\EWARM\DK0499\Obj\stm32l4xx_hal_i2c_ex.o"
#        "C:\Users\212596572\Box Sync\Projects\Druck\PV624
#        NPI\Github\DK0499_POC\EWARM\DK0499\Obj\stm32l4xx_hal_lptim.o"
#        "C:\Users\212596572\Box Sync\Projects\Druck\PV624
#        NPI\Github\DK0499_POC\EWARM\DK0499\Obj\stm32l4xx_hal_msp.o"
#        "C:\Users\212596572\Box Sync\Projects\Druck\PV624
#        NPI\Github\DK0499_POC\EWARM\DK0499\Obj\stm32l4xx_hal_pcd.o"
#        "C:\Users\212596572\Box Sync\Projects\Druck\PV624
#        NPI\Github\DK0499_POC\EWARM\DK0499\Obj\stm32l4xx_hal_pcd_ex.o"
#        "C:\Users\212596572\Box Sync\Projects\Druck\PV624
#        NPI\Github\DK0499_POC\EWARM\DK0499\Obj\stm32l4xx_hal_pwr.o"
#        "C:\Users\212596572\Box Sync\Projects\Druck\PV624
#        NPI\Github\DK0499_POC\EWARM\DK0499\Obj\stm32l4xx_hal_pwr_ex.o"
#        "C:\Users\212596572\Box Sync\Projects\Druck\PV624
#        NPI\Github\DK0499_POC\EWARM\DK0499\Obj\stm32l4xx_hal_rcc.o"
#        "C:\Users\212596572\Box Sync\Projects\Druck\PV624
#        NPI\Github\DK0499_POC\EWARM\DK0499\Obj\stm32l4xx_hal_rcc_ex.o"
#        "C:\Users\212596572\Box Sync\Projects\Druck\PV624
#        NPI\Github\DK0499_POC\EWARM\DK0499\Obj\stm32l4xx_hal_spi.o"
#        "C:\Users\212596572\Box Sync\Projects\Druck\PV624
#        NPI\Github\DK0499_POC\EWARM\DK0499\Obj\stm32l4xx_hal_spi_ex.o"
#        "C:\Users\212596572\Box Sync\Projects\Druck\PV624
#        NPI\Github\DK0499_POC\EWARM\DK0499\Obj\stm32l4xx_hal_tim.o"
#        "C:\Users\212596572\Box Sync\Projects\Druck\PV624
#        NPI\Github\DK0499_POC\EWARM\DK0499\Obj\stm32l4xx_hal_tim_ex.o"
#        "C:\Users\212596572\Box Sync\Projects\Druck\PV624
#        NPI\Github\DK0499_POC\EWARM\DK0499\Obj\stm32l4xx_hal_uart.o"
#        "C:\Users\212596572\Box Sync\Projects\Druck\PV624
#        NPI\Github\DK0499_POC\EWARM\DK0499\Obj\stm32l4xx_hal_uart_ex.o"
#        "C:\Users\212596572\Box Sync\Projects\Druck\PV624
#        NPI\Github\DK0499_POC\EWARM\DK0499\Obj\stm32l4xx_it.o"
#        "C:\Users\212596572\Box Sync\Projects\Druck\PV624
#        NPI\Github\DK0499_POC\EWARM\DK0499\Obj\stm32l4xx_ll_usb.o"
#        "C:\Users\212596572\Box Sync\Projects\Druck\PV624
#        NPI\Github\DK0499_POC\EWARM\DK0499\Obj\system_stm32l4xx.o"
#        "C:\Users\212596572\Box Sync\Projects\Druck\PV624
#        NPI\Github\DK0499_POC\EWARM\DK0499\Obj\uart.o" "C:\Users\212596572\Box
#        Sync\Projects\Druck\PV624
#        NPI\Github\DK0499_POC\EWARM\DK0499\Obj\usb_device.o"
#        "C:\Users\212596572\Box Sync\Projects\Druck\PV624
#        NPI\Github\DK0499_POC\EWARM\DK0499\Obj\usbd_cdc.o"
#        "C:\Users\212596572\Box Sync\Projects\Druck\PV624
#        NPI\Github\DK0499_POC\EWARM\DK0499\Obj\usbd_cdc_if.o"
#        "C:\Users\212596572\Box Sync\Projects\Druck\PV624
#        NPI\Github\DK0499_POC\EWARM\DK0499\Obj\usbd_conf.o"
#        "C:\Users\212596572\Box Sync\Projects\Druck\PV624
#        NPI\Github\DK0499_POC\EWARM\DK0499\Obj\usbd_core.o"
#        "C:\Users\212596572\Box Sync\Projects\Druck\PV624
#        NPI\Github\DK0499_POC\EWARM\DK0499\Obj\usbd_ctlreq.o"
#        "C:\Users\212596572\Box Sync\Projects\Druck\PV624
#        NPI\Github\DK0499_POC\EWARM\DK0499\Obj\usbd_desc.o"
#        "C:\Users\212596572\Box Sync\Projects\Druck\PV624
#        NPI\Github\DK0499_POC\EWARM\DK0499\Obj\usbd_ioreq.o"
#        "C:\Users\212596572\Box Sync\Projects\Druck\PV624
#        NPI\Github\DK0499_POC\EWARM\DK0499\Obj\Utilities.o" --redirect
#        _Printf=_PrintfFull --redirect _Scanf=_ScanfFull
#        --misrac2004=required,~1.1,~2.2,~5.1,~8.6,~17.4,~18.4
#        --no_out_extension -o "C:\Users\212596572\Box
#        Sync\Projects\Druck\PV624
#        NPI\Github\DK0499_POC\EWARM\DK0499\Exe\DK0499.out" --map
#        "C:\Users\212596572\Box Sync\Projects\Druck\PV624
#        NPI\Github\DK0499_POC\EWARM\DK0499\List\DK0499.map" --config
#        "C:\Users\212596572\Box Sync\Projects\Druck\PV624
#        NPI\Github\DK0499_POC\EWARM/stm32l4r5xx_flash.icf" --diag_suppress
#        Li013 --semihosting --entry __iar_program_start --vfe=forced
#        --text_out locale)
#
###############################################################################

*******************************************************************************
*** RUNTIME MODEL ATTRIBUTES
***

CppFlavor        = *
__CPP_Exceptions = Disabled
__CPP_Language   = C++14
__Heap_Handler   = DLMalloc
__SystemLibrary  = DLib
__dlib_version   = 6


*******************************************************************************
*** HEAP SELECTION
***

The advanced heap was selected because the application calls memory
allocation functions outside of system library functions, and there
are calls to deallocation functions in the application.


*******************************************************************************
*** PLACEMENT SUMMARY
***

"A0":  place at address 0x800'0000 { ro section .intvec };
"P1":  place in [from 0x800'0000 to 0x81f'ffff] { ro };
define block CSTACK with size = 32K, alignment = 8 { };
define block HEAP with size = 36K, alignment = 8 { };
"P2":  place in [from 0x2000'0000 to 0x2009'ffff] {
          rw, block CSTACK, block HEAP };
initialize by copy { rw };

  Section            Kind         Address      Size  Object
  -------            ----         -------      ----  ------
"A0":                                         0x1bc
  .intvec            ro code   0x800'0000     0x1bc  startup_stm32l4r5xx.o [1]
                             - 0x800'01bc     0x1bc

"P1":                                      0x1'0590
  .text              ro code   0x800'01bc    0x1ce4  dlmalloc.o [2]
  .text              ro code   0x800'1ea0       0x6  abort.o [2]
  .text              ro code   0x800'1ea6      0x3a  zero_init3.o [5]
  .text              ro code   0x800'1ee0      0x2c  xgetmemchunk.o [2]
  .text              ro code   0x800'1f0c      0xa6  ABImemcpy.o [5]
  .rodata            const     0x800'1fb2       0x2  os_cfg_app.o [1]
  .text              ro code   0x800'1fb4      0x14  exit.o [6]
  .text              ro code   0x800'1fc8    0x1430  stm32l4xx_hal_uart.o [1]
  .text              ro code   0x800'33f8     0x5a0  stm32l4xx_hal_msp.o [1]
  .text              ro code   0x800'3998      0x72  stm32l4xx_hal_dma.o [1]
  .text              ro code   0x800'3a0a       0x2  stm32l4xx_hal_uart.o [1]
  .text              ro code   0x800'3a0c     0x810  uart.o [1]
  .text              ro code   0x800'421c       0x2  stm32l4xx_hal_uart_ex.o [1]
  .text              ro code   0x800'421e       0x2  stm32l4xx_hal_uart_ex.o [1]
  .text              ro code   0x800'4220       0x2  stm32l4xx_hal_uart_ex.o [1]
  .rodata            const     0x800'4222       0x1  os_cfg_app.o [1]
  .rodata            const     0x800'4223       0x1  unwind_debug.o [6]
  .text              ro code   0x800'4224     0x7d8  stm32l4xx_hal_rcc.o [1]
  .text              ro code   0x800'49fc     0x106  I64DivMod_small.o [5]
  .text              ro code   0x800'4b04       0xc  stm32l4xx_hal.o [1]
  .text              ro code   0x800'4b10      0xec  stm32l4xx_hal_pwr_ex.o [1]
  .text              ro code   0x800'4bfc     0x2ec  stm32l4xx_hal_gpio.o [1]
  .text              ro code   0x800'4ee8      0xe8  stm32l4xx_hal_cortex.o [1]
  .text              ro code   0x800'4fd0     0x58c  stm32l4xx_hal_rcc_ex.o [1]
  .text              ro code   0x800'555c      0x14  memset.o [5]
  .text              ro code   0x800'5570     0x2a4  os_sem.o [1]
  .text              ro code   0x800'5814       0x6  ABImemclr4.o [5]
  .text              ro code   0x800'581c     0x6c0  os_core.o [1]
  .text              ro code   0x800'5edc      0x44  stm32l4xx_hal.o [1]
  .text              ro code   0x800'5f20       0x2  I64DivZer.o [5]
  .text              ro code   0x800'5f24      0x66  ABImemset.o [5]
  CODE               ro code   0x800'5f8c      0x54  cpu_a.o [1]
  .text              ro code   0x800'5fe0      0x32  ABImemset48.o [5]
  .text              ro code   0x800'6014     0x2c4  os_cpu_c.o [1]
  .text              ro code   0x800'62d8     0x588  os_task.o [1]
  .text              ro code   0x800'6860      0x80  os_prio.o [1]
  .text              ro code   0x800'68e0     0x138  os_mem.o [1]
  .text              ro code   0x800'6a18     0x12c  os_msg.o [1]
  .text              ro code   0x800'6b44     0x2d8  os_tick.o [1]
  .text              ro code   0x800'6e1c     0x3fc  os_tmr.o [1]
  .text              ro code   0x800'7218     0x2a4  os_dbg.o [1]
  .text              ro code   0x800'74bc       0x2  os_cfg_app.o [1]
  CODE               ro code   0x800'74c0     0x120  os_cpu_a.o [1]
  .text              ro code   0x800'75e0     0x14c  bsp_os.o [1]
  .text              ro code   0x800'772c      0x18  cpu_core.o [1]
  .text              ro code   0x800'7744     0x380  os_mutex.o [1]
  .text              ro code   0x800'7ac4     0x218  stm32l4xx_hal_lptim.o [1]
  .text              ro code   0x800'7cdc      0xb0  MainApp.o [1]
  .text              ro code   0x800'7d8c     0x148  os_time.o [1]
  .text              ro code   0x800'7ed4      0x30  bsp_cpu.o [1]
  .text              ro code   0x800'7f04      0x10  lib_ascii.o [1]
  .text              ro code   0x800'7f14       0xc  lib_mem.o [1]
  .text              ro code   0x800'7f20     0x4c4  main.o [1]
  .text              ro code   0x800'83e4      0xa2  os_app_hooks.o [1]
  .text              ro code   0x800'8488      0x4c  memory.o [1]
  .text              ro code   0x800'84d4     0x2cc  i2c.o [1]
  .text              ro code   0x800'87a0      0x7c  Application.o [1]
  .text              ro code   0x800'881c      0x10  stm32l4xx_hal.o [1]
  .text              ro code   0x800'882c      0x1e  stm32l4xx_hal.o [1]
  .text              ro code   0x800'884c      0x7c  stm32l4xx_hal_crc.o [1]
  .text              ro code   0x800'88c8     0x42c  stm32l4xx_hal_tim.o [1]
  .text              ro code   0x800'8cf4      0x94  stm32l4xx_hal_tim_ex.o [1]
  .text              ro code   0x800'8d88      0x6c  usb_device.o [1]
  .text              ro code   0x800'8df4      0x10  stm32l4xx_hal_pwr.o [1]
  .text              ro code   0x800'8e04      0x28  stm32l4xx_hal.o [1]
  .text              ro code   0x800'8e2c      0x24  ABIassert.o [6]
  .text              ro code   0x800'8e50     0xf82  stm32l4xx_hal_i2c.o [1]
  .text              ro code   0x800'9dd4      0x24  newop_0.o [3]
  .text              ro code   0x800'9df8      0x3c  DPV624.o [1]
  .text              ro code   0x800'9e34      0x1e  Utilities.o [1]
  .text              ro code   0x800'9e52      0x4c  stm32l4xx_hal_crc_ex.o [1]
  .text              ro code   0x800'9e9e       0x2  stm32l4xx_hal_tim.o [1]
  .text              ro code   0x800'9ea0       0x2  stm32l4xx_hal_tim.o [1]
  .text              ro code   0x800'9ea2       0x2  stm32l4xx_hal_tim.o [1]
  .text              ro code   0x800'9ea4       0x2  stm32l4xx_hal_tim.o [1]
  .text              ro code   0x800'9ea6       0x2  stm32l4xx_hal_tim_ex.o [1]
  .text              ro code   0x800'9ea8       0x2  stm32l4xx_hal_tim_ex.o [1]
  .text              ro code   0x800'9eaa       0x2  stm32l4xx_hal_tim.o [1]
  .text              ro code   0x800'9eac       0x2  stm32l4xx_hal_tim_ex.o [1]
  .text              ro code   0x800'9eae       0x2  stm32l4xx_hal_tim.o [1]
  .text              ro code   0x800'9eb0     0x138  usbd_cdc_if.o [1]
  .text              ro code   0x800'9fe8     0x29a  usbd_core.o [1]
  .text              ro code   0x800'a284     0x298  usbd_cdc.o [1]
  .text              ro code   0x800'a51c       0x2  stm32l4xx_hal_i2c.o [1]
  .text              ro code   0x800'a51e       0x2  stm32l4xx_hal_i2c.o [1]
  .text              ro code   0x800'a520       0x2  stm32l4xx_hal_i2c.o [1]
  .text              ro code   0x800'a522       0x2  stm32l4xx_hal_i2c.o [1]
  .text              ro code   0x800'a524       0x2  stm32l4xx_hal_i2c.o [1]
  .text              ro code   0x800'a526       0x2  stm32l4xx_hal_i2c.o [1]
  .text              ro code   0x800'a528       0x2  stm32l4xx_hal_i2c.o [1]
  .text              ro code   0x800'a52a       0x2  stm32l4xx_hal_i2c.o [1]
  .text              ro code   0x800'a52c       0x4  nomemory.o [3]
  .text              ro code   0x800'a530      0x9e  DInstrument.o [1]
  .text              ro code   0x800'a5d0      0x5a  DCommsOwi.o [1]
  .text              ro code   0x800'a62a       0x8  heaptramp0.o [2]
  .text              ro code   0x800'a634     0x34a  usbd_conf.o [1]
  .text              ro code   0x800'a980     0x47a  usbd_ctlreq.o [1]
  .text              ro code   0x800'adfa      0x60  usbd_ioreq.o [1]
  .text              ro code   0x800'ae5c      0x48  DChannelAuxiliary.o [1]
  .text              ro code   0x800'aea4      0x84  DComms.o [1]
  .text              ro code   0x800'af28     0x16c  DDeviceSerialOwiInterface2.o [1]
  .text              ro code   0x800'b094      0x50  DCommsFsmOwi.o [1]
  .text              ro code   0x800'b0e4     0x77c  stm32l4xx_hal_pcd.o [1]
  .text              ro code   0x800'b860      0x70  stm32l4xx_hal_pcd_ex.o [1]
  .text              ro code   0x800'b8d0      0xc8  DChannel.o [1]
  .text              ro code   0x800'b998      0x50  DFunctionMeasurePressureExt.o [1]
  .text              ro code   0x800'b9e8      0x50  DFunctionMeasureBarometer.o [1]
  .text              ro code   0x800'ba38     0x15e  DTask.o [1]
  .text              ro code   0x800'bb96       0x4  newaop_0.o [3]
  .text              ro code   0x800'bb9c      0x50  DDeviceSerial.o [1]
  .text              ro code   0x800'bbec      0x56  DDevice.o [1]
  .text              ro code   0x800'bc44      0xb4  DLock.o [1]
  .text              ro code   0x800'bcf8      0x3c  DCommsFsm.o [1]
  .text              ro code   0x800'bd34      0xb4  DCommsStateOwiRead.o [1]
  .text              ro code   0x800'bde8      0x94  DCommsStateOwiWrite.o [1]
  .text              ro code   0x800'be7c     0x85e  stm32l4xx_ll_usb.o [1]
  .text              ro code   0x800'c6dc      0x34  DFunctionMeasure.o [1]
  .text              ro code   0x800'c710      0x3e  DSlotMeasurePressureExt.o [1]
  .text              ro code   0x800'c750      0x7a  DSlotMeasureBarometer.o [1]
  .text              ro code   0x800'c7cc     0x3f0  os_flag.o [1]
  .text              ro code   0x800'cbbc     0x966  DCommsStateOwi.o [1]
  .text              ro code   0x800'd522     0x560  DOwiParse.o [1]
  .text              ro code   0x800'da84      0x8a  DUserInterface.o [1]
  .text              ro code   0x800'db10     0x386  DFunction.o [1]
  .text              ro code   0x800'de98     0x20e  DSlotExternal.o [1]
  .text              ro code   0x800'e0a8     0x5ec  DSensorOwiAmc.o [1]
  .text              ro code   0x800'e694     0x20a  DSlot.o [1]
  .text              ro code   0x800'e8a0     0x2f0  DSensorChipBarometer.o [1]
  .text              ro code   0x800'eb90      0x4e  DCommsState.o [1]
  .text              ro code   0x800'ebe0      0x18  strcpy.o [5]
  .text              ro code   0x800'ebf8     0x1e2  DSensorOwi.o [1]
  .text              ro code   0x800'eddc     0x280  DAmcSensorData.o [1]
  .text              ro code   0x800'f05c       0x4  DSensorOwiAmc.o [1]
  .text              ro code   0x800'f060       0x8  DSensorOwiAmc.o [1]
  .text              ro code   0x800'f068     0x128  DSensor.o [1]
  .text              ro code   0x800'f190      0x4e  DSensorExternal.o [1]
  .text              ro code   0x800'f1e0     0x17e  DDeviceSerialOwiInterface1.o [1]
  .text              ro code   0x800'f35e       0x4  delop4_0.o [3]
  .text              ro code   0x800'f362       0xe  DSensorOwi.o [1]
  .text              ro code   0x800'f370      0x96  DCalibration.o [1]
  .text              ro code   0x800'f408     0x126  DPressureCompensation.o [1]
  .text              ro code   0x800'f52e       0xa  delop_0.o [3]
  .text              ro code   0x800'f538     0x10c  usbd_desc.o [1]
  .rodata            const     0x800'f644      0xec  DSensorOwi.o [1]
  .rodata            const     0x800'f730      0xec  DSensorOwiAmc.o [1]
  .rodata            const     0x800'f81c      0xd4  os_dbg.o [1]
  .rodata            const     0x800'f8f0      0xcc  DSensorExternal.o [1]
  .rodata            const     0x800'f9bc      0xb0  DSensor.o [1]
  .rodata            const     0x800'fa6c      0xb0  DSensorChipBarometer.o [1]
  .rodata            const     0x800'fb1c      0x90  DChannel.o [1]
  .rodata            const     0x800'fbac      0x90  DChannelAuxiliary.o [1]
  .text              ro code   0x800'fc3c      0x78  lz77_init_single.o [5]
  .rodata            const     0x800'fcb4      0x70  DLock.o [1]
  .rodata            const     0x800'fd24      0x70  DLock.o [1]
  .rodata            const     0x800'fd94      0x64  DCommsStateOwi.o [1]
  .rodata            const     0x800'fdf8      0x64  DCommsStateOwiRead.o [1]
  .rodata            const     0x800'fe5c      0x64  DCommsStateOwiWrite.o [1]
  .rodata            const     0x800'fec0      0x64  memory.o [1]
  .text              ro code   0x800'ff24      0x5c  system_stm32l4xx.o [1]
  .text              ro code   0x800'ff80      0x50  stm32l4xx_it.o [1]
  .text              ro code   0x800'ffd0      0x10  stm32l4xx_hal.o [1]
  .rodata            const     0x800'ffe0      0x40  DFunction.o [1]
  .rodata            const     0x801'0020      0x40  DFunctionMeasure.o [1]
  .rodata            const     0x801'0060      0x40  DFunctionMeasureBarometer.o [1]
  .rodata            const     0x801'00a0      0x40  DFunctionMeasurePressureExt.o [1]
  .rodata            const     0x801'00e0      0x38  DDeviceSerial.o [1]
  .rodata            const     0x801'0118      0x38  DDeviceSerialOwiInterface1.o [1]
  .rodata            const     0x801'0150      0x38  DDeviceSerialOwiInterface2.o [1]
  .rodata            const     0x801'0188      0x30  system_stm32l4xx.o [1]
  .text              ro code   0x801'01b8      0x28  data_init.o [5]
  .rodata            const     0x801'01e0      0x24  DSlotExternal.o [1]
  .rodata            const     0x801'0204      0x24  DSlotMeasurePressureExt.o [1]
  .text              ro code   0x801'0228      0x22  fpinit_M.o [4]
  .iar.init_table    const     0x801'024c      0x20  - Linker created -
  .rodata            const     0x801'026c      0x20  DCommsState.o [1]
  .text              ro code   0x801'028c      0x1e  cmain.o [5]
  .text              ro code   0x801'02aa       0x4  low_level_init.o [2]
  .text              ro code   0x801'02ae       0x4  exit.o [2]
  .text              ro code   0x801'02b4       0xa  cexit.o [5]
  .rodata            const     0x801'02c0      0x1c  DComms.o [1]
  .rodata            const     0x801'02dc      0x1c  DCommsOwi.o [1]
  .rodata            const     0x801'02f8      0x1c  DSlot.o [1]
  .rodata            const     0x801'0314      0x1c  DSlotMeasureBarometer.o [1]
  .rodata            const     0x801'0330      0x1c  memory.o [1]
  .rodata            const     0x801'034c      0x18  DDevice.o [1]
  .rodata            const     0x801'0364      0x14  DTask.o [1]
  .rodata            const     0x801'0378      0x10  Application.o [1]
  .rodata            const     0x801'0388      0x10  DCommsFsm.o [1]
  .rodata            const     0x801'0398      0x10  DCommsFsmOwi.o [1]
  .rodata            const     0x801'03a8      0x10  DDeviceSerialOwiInterface1.o [1]
  .rodata            const     0x801'03b8      0x10  DDeviceSerialOwiInterface2.o [1]
  .text              ro code   0x801'03c8      0x10  startup_stm32l4r5xx.o [1]
  .rodata            const     0x801'03d8       0xc  DPV624.o [1]
  .rodata            const     0x801'03e4       0xc  DTask.o [1]
  .rodata            const     0x801'03f0       0xc  memory.o [1]
  .text              ro code   0x801'03fc       0xc  cstartup_M.o [5]
  .rodata            const     0x801'0408       0x8  DFunction.o [1]
  .rodata            const     0x801'0410       0x8  DFunctionMeasureBarometer.o [1]
  .rodata            const     0x801'0418       0x8  DFunctionMeasurePressureExt.o [1]
  .rodata            const     0x801'0420       0x8  DSlot.o [1]
  .rodata            const     0x801'0428       0x8  DSlotMeasureBarometer.o [1]
  .rodata            const     0x801'0430       0x8  DSlotMeasurePressureExt.o [1]
  .rodata            const     0x801'0438       0x8  system_stm32l4xx.o [1]
  .rodata            const     0x801'0440       0x4  os_cfg_app.o [1]
  .rodata            const     0x801'0444       0x4  os_cfg_app.o [1]
  .rodata            const     0x801'0448       0x4  os_cfg_app.o [1]
  .rodata            const     0x801'044c       0x4  os_cfg_app.o [1]
  .rodata            const     0x801'0450       0x4  os_cfg_app.o [1]
  .rodata            const     0x801'0454       0x4  os_cfg_app.o [1]
  .rodata            const     0x801'0458       0x4  os_cfg_app.o [1]
  .rodata            const     0x801'045c       0x4  os_cfg_app.o [1]
  .rodata            const     0x801'0460       0x4  os_cfg_app.o [1]
  .rodata            const     0x801'0464       0x4  os_cfg_app.o [1]
  .rodata            const     0x801'0468       0x4  os_cfg_app.o [1]
  .rodata            const     0x801'046c       0x4  os_cfg_app.o [1]
  .text              ro code   0x801'0470       0x4  startup_stm32l4r5xx.o [1]
  .text              ro code   0x801'0474       0x4  startup_stm32l4r5xx.o [1]
  .text              ro code   0x801'0478       0x4  startup_stm32l4r5xx.o [1]
  .text              ro code   0x801'047c       0x4  startup_stm32l4r5xx.o [1]
  .text              ro code   0x801'0480       0x4  startup_stm32l4r5xx.o [1]
  .text              ro code   0x801'0484       0x4  startup_stm32l4r5xx.o [1]
  .text              ro code   0x801'0488       0x4  startup_stm32l4r5xx.o [1]
  .text              ro code   0x801'048c       0x4  startup_stm32l4r5xx.o [1]
  .text              ro code   0x801'0490       0x4  startup_stm32l4r5xx.o [1]
  .text              ro code   0x801'0494       0x4  startup_stm32l4r5xx.o [1]
  .text              ro code   0x801'0498       0x4  startup_stm32l4r5xx.o [1]
  .text              ro code   0x801'049c       0x4  startup_stm32l4r5xx.o [1]
  .text              ro code   0x801'04a0       0x4  startup_stm32l4r5xx.o [1]
  .text              ro code   0x801'04a4       0x4  startup_stm32l4r5xx.o [1]
  .text              ro code   0x801'04a8       0x4  startup_stm32l4r5xx.o [1]
  .text              ro code   0x801'04ac       0x4  startup_stm32l4r5xx.o [1]
  .text              ro code   0x801'04b0       0x4  startup_stm32l4r5xx.o [1]
  .text              ro code   0x801'04b4       0x4  startup_stm32l4r5xx.o [1]
  .text              ro code   0x801'04b8       0x4  startup_stm32l4r5xx.o [1]
  .text              ro code   0x801'04bc       0x4  startup_stm32l4r5xx.o [1]
  .text              ro code   0x801'04c0       0x4  startup_stm32l4r5xx.o [1]
  .text              ro code   0x801'04c4       0x4  startup_stm32l4r5xx.o [1]
  .text              ro code   0x801'04c8       0x4  startup_stm32l4r5xx.o [1]
  .text              ro code   0x801'04cc       0x4  startup_stm32l4r5xx.o [1]
  .text              ro code   0x801'04d0       0x4  startup_stm32l4r5xx.o [1]
  .text              ro code   0x801'04d4       0x4  startup_stm32l4r5xx.o [1]
  .text              ro code   0x801'04d8       0x4  startup_stm32l4r5xx.o [1]
  .text              ro code   0x801'04dc       0x4  startup_stm32l4r5xx.o [1]
  .text              ro code   0x801'04e0       0x4  startup_stm32l4r5xx.o [1]
  .text              ro code   0x801'04e4       0x4  startup_stm32l4r5xx.o [1]
  .text              ro code   0x801'04e8       0x4  startup_stm32l4r5xx.o [1]
  .text              ro code   0x801'04ec       0x4  startup_stm32l4r5xx.o [1]
  .text              ro code   0x801'04f0       0x4  startup_stm32l4r5xx.o [1]
  .text              ro code   0x801'04f4       0x4  startup_stm32l4r5xx.o [1]
  .text              ro code   0x801'04f8       0x4  startup_stm32l4r5xx.o [1]
  .text              ro code   0x801'04fc       0x4  startup_stm32l4r5xx.o [1]
  .text              ro code   0x801'0500       0x4  startup_stm32l4r5xx.o [1]
  .text              ro code   0x801'0504       0x4  startup_stm32l4r5xx.o [1]
  .text              ro code   0x801'0508       0x4  startup_stm32l4r5xx.o [1]
  .text              ro code   0x801'050c       0x4  startup_stm32l4r5xx.o [1]
  .text              ro code   0x801'0510       0x4  startup_stm32l4r5xx.o [1]
  .text              ro code   0x801'0514       0x4  startup_stm32l4r5xx.o [1]
  .text              ro code   0x801'0518       0x4  startup_stm32l4r5xx.o [1]
  .text              ro code   0x801'051c       0x4  startup_stm32l4r5xx.o [1]
  .text              ro code   0x801'0520       0x4  startup_stm32l4r5xx.o [1]
  .text              ro code   0x801'0524       0x4  startup_stm32l4r5xx.o [1]
  .text              ro code   0x801'0528       0x4  startup_stm32l4r5xx.o [1]
  .text              ro code   0x801'052c       0x4  startup_stm32l4r5xx.o [1]
  .text              ro code   0x801'0530       0x4  startup_stm32l4r5xx.o [1]
  .text              ro code   0x801'0534       0x4  startup_stm32l4r5xx.o [1]
  .text              ro code   0x801'0538       0x4  startup_stm32l4r5xx.o [1]
  .text              ro code   0x801'053c       0x4  startup_stm32l4r5xx.o [1]
  .text              ro code   0x801'0540       0x4  startup_stm32l4r5xx.o [1]
  .text              ro code   0x801'0544       0x4  startup_stm32l4r5xx.o [1]
  .text              ro code   0x801'0548       0x4  startup_stm32l4r5xx.o [1]
  .text              ro code   0x801'054c       0x4  startup_stm32l4r5xx.o [1]
  .text              ro code   0x801'0550       0x4  startup_stm32l4r5xx.o [1]
  .text              ro code   0x801'0554       0x4  startup_stm32l4r5xx.o [1]
  .text              ro code   0x801'0558       0x4  startup_stm32l4r5xx.o [1]
  .text              ro code   0x801'055c       0x4  startup_stm32l4r5xx.o [1]
  .text              ro code   0x801'0560       0x4  startup_stm32l4r5xx.o [1]
  .text              ro code   0x801'0564       0x4  startup_stm32l4r5xx.o [1]
  .text              ro code   0x801'0568       0x4  startup_stm32l4r5xx.o [1]
  .text              ro code   0x801'056c       0x4  startup_stm32l4r5xx.o [1]
  .text              ro code   0x801'0570       0x4  startup_stm32l4r5xx.o [1]
  .text              ro code   0x801'0574       0x4  startup_stm32l4r5xx.o [1]
  .text              ro code   0x801'0578       0x4  startup_stm32l4r5xx.o [1]
  .text              ro code   0x801'057c       0x4  startup_stm32l4r5xx.o [1]
  .text              ro code   0x801'0580       0x4  startup_stm32l4r5xx.o [1]
  .text              ro code   0x801'0584       0x4  startup_stm32l4r5xx.o [1]
  .text              ro code   0x801'0588       0x4  startup_stm32l4r5xx.o [1]
  .text              ro code   0x801'058c       0x4  startup_stm32l4r5xx.o [1]
  .text              ro code   0x801'0590       0x4  startup_stm32l4r5xx.o [1]
  .text              ro code   0x801'0594       0x4  startup_stm32l4r5xx.o [1]
  .text              ro code   0x801'0598       0x4  startup_stm32l4r5xx.o [1]
  .text              ro code   0x801'059c       0x4  startup_stm32l4r5xx.o [1]
  .text              ro code   0x801'05a0       0x4  startup_stm32l4r5xx.o [1]
  .text              ro code   0x801'05a4       0x4  startup_stm32l4r5xx.o [1]
  .text              ro code   0x801'05a8       0x4  startup_stm32l4r5xx.o [1]
  .text              ro code   0x801'05ac       0x4  startup_stm32l4r5xx.o [1]
  .text              ro code   0x801'05b0       0x4  startup_stm32l4r5xx.o [1]
  .rodata            const     0x801'05b4       0x0  zero_init3.o [5]
  .rodata            const     0x801'05b4       0x0  lz77_init_single.o [5]
  Initializer bytes  const     0x801'05b4     0x198  <for P2-1>
                             - 0x801'074c  0x1'0590

"P2", part 1 of 3:                           0x27d0
  P2-1                        0x2000'0000    0x27d0  <Init block>
    .data            inited   0x2000'0000       0xc  stm32l4xx_hal.o [1]
    .data            inited   0x2000'000c       0x4  system_stm32l4xx.o [1]
    .data            inited   0x2000'0010    0x2640  uart.o [1]
    .data            inited   0x2000'2650       0xc  usbd_cdc.o [1]
    .data            inited   0x2000'265c      0x38  usbd_cdc.o [1]
    .data            inited   0x2000'2694      0x44  usbd_cdc.o [1]
    .data            inited   0x2000'26d8      0x44  usbd_cdc.o [1]
    .data            inited   0x2000'271c      0x44  usbd_cdc.o [1]
    .data            inited   0x2000'2760      0x10  usbd_cdc_if.o [1]
    .data            inited   0x2000'2770      0x20  usbd_desc.o [1]
    .data            inited   0x2000'2790      0x14  usbd_desc.o [1]
    .data            inited   0x2000'27a4       0xc  usbd_desc.o [1]
    .data            inited   0x2000'27b0       0x4  usbd_desc.o [1]
    .data            inited   0x2000'27b4      0x1c  usbd_desc.o [1]
                            - 0x2000'27d0    0x27d0

"P2", part 2 of 3:                           0x8868
  .bss               zero     0x2000'27d0    0x6000  memory.o [1]
  .bss               zero     0x2000'87d0     0x7d0  Application.o [1]
  .bss               zero     0x2000'8fa0     0x408  usbd_conf.o [1]
  .bss               zero     0x2000'93a8     0x320  os_cfg_app.o [1]
  .bss               zero     0x2000'96c8     0x300  os_var.o [1]
  .bss               zero     0x2000'99c8     0x2c4  usb_device.o [1]
  .bss               zero     0x2000'9c8c     0x2bc  uart.o [1]
  .bss               zero     0x2000'9f48     0x220  usbd_conf.o [1]
  .bss               zero     0x2000'a168     0x200  os_cfg_app.o [1]
  .bss               zero     0x2000'a368     0x200  usbd_desc.o [1]
  .bss               zero     0x2000'a568     0x1d8  dlmalloc.o [2]
  .bss               zero     0x2000'a740     0x184  i2c.o [1]
  .bss               zero     0x2000'a8c4     0x180  os_cfg_app.o [1]
  .bss               zero     0x2000'aa44     0x140  os_cfg_app.o [1]
  .bss               zero     0x2000'ab84      0xdc  main.o [1]
  .bss               zero     0x2000'ac60      0xbc  Application.o [1]
  .bss               zero     0x2000'ad1c      0xbc  os_var.o [1]
  .bss               zero     0x2000'add8      0xbc  os_var.o [1]
  .bss               zero     0x2000'ae94      0x40  usbd_cdc_if.o [1]
  .bss               zero     0x2000'aed4      0x2c  os_var.o [1]
  .bss               zero     0x2000'af00      0x24  os_var.o [1]
  .bss               zero     0x2000'af24      0x20  memory.o [1]
  .bss               zero     0x2000'af44      0x18  dlmalloc.o [2]
  .bss               zero     0x2000'af5c      0x14  bsp_os.o [1]
  .bss               zero     0x2000'af70      0x10  DCommsState.o [1]
  .bss               zero     0x2000'af80       0xc  os_var.o [1]
  .bss               zero     0x2000'af8c       0x8  os_cpu_c.o [1]
  .bss               zero     0x2000'af94       0x8  os_var.o [1]
  .bss               zero     0x2000'af9c       0x8  os_var.o [1]
  .bss               zero     0x2000'afa4       0x4  cpu_core.o [1]
  .bss               zero     0x2000'afa8       0x4  DPV624.o [1]
  .bss               zero     0x2000'afac       0x4  lib_mem.o [1]
  .bss               zero     0x2000'afb0       0x4  MainApp.o [1]
  .bss               zero     0x2000'afb4       0x4  os_var.o [1]
  .bss               zero     0x2000'afb8       0x4  os_var.o [1]
  .bss               zero     0x2000'afbc       0x4  os_var.o [1]
  .bss               zero     0x2000'afc0       0x4  os_var.o [1]
  .bss               zero     0x2000'afc4       0x4  os_var.o [1]
  .bss               zero     0x2000'afc8       0x4  os_var.o [1]
  .bss               zero     0x2000'afcc       0x4  os_var.o [1]
  .bss               zero     0x2000'afd0       0x4  os_var.o [1]
  .bss               zero     0x2000'afd4       0x4  os_var.o [1]
  .bss               zero     0x2000'afd8       0x4  os_var.o [1]
  .bss               zero     0x2000'afdc       0x4  os_var.o [1]
  .bss               zero     0x2000'afe0       0x4  os_var.o [1]
  .bss               zero     0x2000'afe4       0x4  os_var.o [1]
  .bss               zero     0x2000'afe8       0x4  os_var.o [1]
  .bss               zero     0x2000'afec       0x4  os_var.o [1]
  .bss               zero     0x2000'aff0       0x4  os_var.o [1]
  .bss               zero     0x2000'aff4       0x4  os_var.o [1]
  .bss               zero     0x2000'aff8       0x4  os_var.o [1]
  .bss               zero     0x2000'affc       0x4  os_var.o [1]
  .bss               zero     0x2000'b000       0x4  os_var.o [1]
  .bss               zero     0x2000'b004       0x4  os_var.o [1]
  .bss               zero     0x2000'b008       0x4  os_var.o [1]
  .bss               zero     0x2000'b00c       0x4  os_var.o [1]
  .bss               zero     0x2000'b010       0x4  os_var.o [1]
  .bss               zero     0x2000'b014       0x4  new.o [3]
  .bss               zero     0x2000'b018       0x4  xgetmemchunk.o [2]
  .bss               zero     0x2000'b01c       0x2  DPressureCompensation.o [1]
  .bss               zero     0x2000'b01e       0x2  os_var.o [1]
  .bss               zero     0x2000'b020       0x2  os_var.o [1]
  .bss               zero     0x2000'b022       0x2  os_var.o [1]
  .bss               zero     0x2000'b024       0x2  os_var.o [1]
  .bss               zero     0x2000'b026       0x2  os_var.o [1]
  .bss               zero     0x2000'b028       0x2  os_var.o [1]
  .bss               zero     0x2000'b02a       0x2  os_var.o [1]
  .bss               zero     0x2000'b02c       0x2  os_var.o [1]
  .bss               zero     0x2000'b02e       0x1  DCommsState.o [1]
  .bss               zero     0x2000'b02f       0x1  DCommsState.o [1]
  .bss               zero     0x2000'b030       0x1  os_var.o [1]
  .bss               zero     0x2000'b031       0x1  os_var.o [1]
  .bss               zero     0x2000'b032       0x1  os_var.o [1]
  .bss               zero     0x2000'b033       0x1  os_var.o [1]
  .bss               zero     0x2000'b034       0x1  os_var.o [1]
  .bss               zero     0x2000'b035       0x1  os_var.o [1]
  .bss               zero     0x2000'b036       0x1  os_var.o [1]
  .bss               zero     0x2000'b037       0x1  usbd_ctlreq.o [1]
                            - 0x2000'b038    0x8868

"P2", part 3 of 3:                         0x1'1000
  CSTACK                      0x2000'b038    0x8000  <Block>
    CSTACK           uninit   0x2000'b038    0x8000  <Block tail>
  HEAP                        0x2001'3038    0x9000  <Block>
    HEAP             uninit   0x2001'3038    0x9000  <Block tail>
                            - 0x2001'c038  0x1'1000

Unused ranges:

         From           To       Size
         ----           --       ----
   0x801'074c   0x81f'ffff  0x1e'f8b4
  0x2001'c038  0x2009'ffff   0x8'3fc8


*******************************************************************************
*** INIT TABLE
***

          Address      Size
          -------      ----
Zero (__iar_zero_init3)
    1 destination range, total size 0x8868:
          0x2000'27d0  0x8868

Copy/lz77 (__iar_lz77_init_single3)
    1 source range, total size 0x198 (4% of destination):
           0x801'05b4   0x198
    1 destination range, total size 0x27d0:
          0x2000'0000  0x27d0



*******************************************************************************
*** MODULE SUMMARY
***

    Module                         ro code  ro data  rw data
    ------                         -------  -------  -------
command line/config:
    --------------------------------------------------------
    Total:

C:\Users\212596572\Box Sync\Projects\Druck\PV624 NPI\Github\DK0499_POC\EWARM\DK0499\Obj: [1]
    Application.o                      124       16    2'188
    DAmcSensorData.o                   640
    DCalibration.o                     150
    DChannel.o                         200      144
    DChannelAuxiliary.o                 72      144
    DComms.o                           132       28
    DCommsFsm.o                         60       16
    DCommsFsmOwi.o                      80       16
    DCommsOwi.o                         90       28
    DCommsState.o                       78       32       18
    DCommsStateOwi.o                 2'406      100
    DCommsStateOwiRead.o               180      100
    DCommsStateOwiWrite.o              148      100
    DDevice.o                           86       24
    DDeviceSerial.o                     80       56
    DDeviceSerialOwiInterface1.o       382       72
    DDeviceSerialOwiInterface2.o       364       72
    DFunction.o                        902       72
    DFunctionMeasure.o                  52       64
    DFunctionMeasureBarometer.o         80       72
    DFunctionMeasurePressureExt.o       80       72
    DInstrument.o                      158
    DLock.o                            180      224
    DOwiParse.o                      1'376
    DPV624.o                            60       12        4
    DPressureCompensation.o            294                 2
    DSensor.o                          296      176
    DSensorChipBarometer.o             752      176
    DSensorExternal.o                   78      204
    DSensorOwi.o                       496      236
    DSensorOwiAmc.o                  1'528      236
    DSlot.o                            522       36
    DSlotExternal.o                    526       36
    DSlotMeasureBarometer.o            122       36
    DSlotMeasurePressureExt.o           62       44
    DTask.o                            350       32
    DUserInterface.o                   138
    MainApp.o                          176                 4
    Utilities.o                         30
    bsp_cpu.o                           48
    bsp_os.o                           332                20
    cpu_a.o                             84
    cpu_core.o                          24                 4
    i2c.o                              716               388
    lib_ascii.o                         16
    lib_mem.o                           12                 4
    main.o                           1'220               220
    memory.o                            76      140   24'608
    os_app_hooks.o                     162
    os_cfg_app.o                         2       51    2'016
    os_core.o                        1'728
    os_cpu_a.o                         288
    os_cpu_c.o                         708                 8
    os_dbg.o                           676      212
    os_flag.o                        1'008
    os_mem.o                           312
    os_msg.o                           300
    os_mutex.o                         896
    os_prio.o                          128
    os_sem.o                           676
    os_task.o                        1'416
    os_tick.o                          728
    os_time.o                          328
    os_tmr.o                         1'020
    os_var.o                                           1'371
    startup_stm32l4r5xx.o              784
    stm32l4xx_hal.o                    182                12
    stm32l4xx_hal_cortex.o             232
    stm32l4xx_hal_crc.o                124
    stm32l4xx_hal_crc_ex.o              76
    stm32l4xx_hal_dma.o                114
    stm32l4xx_hal_gpio.o               748
    stm32l4xx_hal_i2c.o              3'986
    stm32l4xx_hal_lptim.o              536
    stm32l4xx_hal_msp.o              1'440
    stm32l4xx_hal_pcd.o              1'916
    stm32l4xx_hal_pcd_ex.o             112
    stm32l4xx_hal_pwr.o                 16
    stm32l4xx_hal_pwr_ex.o             236
    stm32l4xx_hal_rcc.o              2'008
    stm32l4xx_hal_rcc_ex.o           1'420
    stm32l4xx_hal_tim.o              1'080
    stm32l4xx_hal_tim_ex.o             154
    stm32l4xx_hal_uart.o             5'170
    stm32l4xx_hal_uart_ex.o              6
    stm32l4xx_it.o                      80
    stm32l4xx_ll_usb.o               2'142
    system_stm32l4xx.o                  92       56        4
    uart.o                           2'064      392   10'492
    usb_device.o                       108               708
    usbd_cdc.o                         664       11      272
    usbd_cdc_if.o                      312        1       80
    usbd_conf.o                        842             1'576
    usbd_core.o                        666
    usbd_ctlreq.o                    1'146                 1
    usbd_desc.o                        268        4      608
    usbd_ioreq.o                        96
    --------------------------------------------------------
    Total:                          55'254    3'543   44'608

dl7M_tlf.a: [2]
    abort.o                              6
    dlmalloc.o                       7'396               496
    exit.o                               4
    heaptramp0.o                         8
    low_level_init.o                     4
    xgetmemchunk.o                      44                 4
    --------------------------------------------------------
    Total:                           7'462               500

dlpp7M_tl_fc.a: [3]
    delop4_0.o                           4
    delop_0.o                           10
    new.o                                                  4
    newaop_0.o                           4
    newop_0.o                           36
    nomemory.o                           4
    --------------------------------------------------------
    Total:                              58                 4

m7M_tls.a: [4]
    fpinit_M.o                          34
    --------------------------------------------------------
    Total:                              34

rt7M_tl.a: [5]
    ABImemclr4.o                         6
    ABImemcpy.o                        166
    ABImemset.o                        102
    ABImemset48.o                       50
    I64DivMod_small.o                  262
    I64DivZer.o                          2
    cexit.o                             10
    cmain.o                             30
    cstartup_M.o                        12
    data_init.o                         40
    lz77_init_single.o                 120
    memset.o                            20
    strcpy.o                            24
    zero_init3.o                        58
    --------------------------------------------------------
    Total:                             902

shb_l.a: [6]
    ABIassert.o                         36
    exit.o                              20
    unwind_debug.o                                1
    --------------------------------------------------------
    Total:                              56        1

    Gaps                                58        4
    Linker created                               32   69'632
------------------------------------------------------------
    Grand Total:                    63'824    3'580  114'744


*******************************************************************************
*** ENTRY LIST
***

Entry                       Address    Size  Type      Object
-----                       -------    ----  ----      ------
.iar.init_table$$Base    0x801'024c           --   Gb  - Linker created -
.iar.init_table$$Limit   0x801'026c           --   Gb  - Linker created -
?main                    0x801'028d          Code  Gb  cmain.o [5]
AHBPrescTable            0x800'ff70    0x10  Data  Gb  system_stm32l4xx.o [1]
APBPrescTable            0x801'0438     0x8  Data  Gb  system_stm32l4xx.o [1]
ASCII_IsDig              0x800'7f0f     0x6  Code  Gb  lib_ascii.o [1]
App_OS_IdleTaskHook      0x800'8439     0x4  Code  Gb  os_app_hooks.o [1]
App_OS_RedzoneHitHook    0x800'843d     0x4  Code  Gb  os_app_hooks.o [1]
App_OS_SetAllHooks       0x800'83e5    0x4a  Code  Gb  os_app_hooks.o [1]
App_OS_StatTaskHook      0x800'8441     0x2  Code  Gb  os_app_hooks.o [1]
App_OS_TaskCreateHook    0x800'8445     0x2  Code  Gb  os_app_hooks.o [1]
App_OS_TaskDelHook       0x800'8449     0x2  Code  Gb  os_app_hooks.o [1]
App_OS_TaskReturnHook    0x800'844d     0x2  Code  Gb  os_app_hooks.o [1]
App_OS_TaskSwHook        0x800'8451     0xe  Code  Gb  os_app_hooks.o [1]
App_OS_TimeTickHook      0x800'8485     0x2  Code  Gb  os_app_hooks.o [1]
BSP_OS_TickEnable        0x800'7643    0x24  Code  Gb  bsp_os.o [1]
BSP_OS_TickInit          0x800'75e1    0x62  Code  Gb  bsp_os.o [1]
CDC_Control_FS           0x800'9eeb     0x4  Code  Lc  usbd_cdc_if.o [1]
CDC_DeInit_FS            0x800'9ee7     0x4  Code  Lc  usbd_cdc_if.o [1]
CDC_Init_FS              0x800'9eb1    0x36  Code  Lc  usbd_cdc_if.o [1]
CDC_Receive_FS           0x800'9eef    0xbc  Code  Lc  usbd_cdc_if.o [1]
CDC_alloc_FS             0x800'9fab    0x2e  Code  Gb  usbd_cdc_if.o [1]
CPU_CntLeadZeros         0x800'5fcb          Code  Gb  cpu_a.o [1]
CPU_CntTrailZeros        0x800'5fd1          Code  Gb  cpu_a.o [1]
CPU_Init                 0x800'772d     0xa  Code  Gb  cpu_core.o [1]
CPU_IntDis               0x800'5f8d          Code  Gb  cpu_a.o [1]
CPU_IntEn                0x800'5f91          Code  Gb  cpu_a.o [1]
CPU_RevBits              0x800'5fdb          Code  Gb  cpu_a.o [1]
CPU_SR_Restore           0x800'5fb1          Code  Gb  cpu_a.o [1]
CPU_SR_Save              0x800'5f95          Code  Gb  cpu_a.o [1]
CPU_SW_Exception         0x800'7737     0x2  Code  Gb  cpu_core.o [1]
CPU_TS_TmrFreqSet        0x800'7739     0x6  Code  Gb  cpu_core.o [1]
CPU_TS_TmrFreq_Hz       0x2000'afa4     0x4  Data  Gb  cpu_core.o [1]
CPU_TS_TmrInit           0x800'7ed5    0x26  Code  Gb  bsp_cpu.o [1]
CPU_WaitForExcept        0x800'5fc7          Code  Gb  cpu_a.o [1]
CPU_WaitForInt           0x800'5fc3          Code  Gb  cpu_a.o [1]
CSTACK$$Base            0x2000'b038           --   Gb  - Linker created -
CSTACK$$Limit           0x2001'3038           --   Gb  - Linker created -
CircularRxBufferFS      0x2000'ae9c     0x4  Data  Gb  usbd_cdc_if.o [1]
ClearUARTxRcvBuffer      0x800'3d41    0xd8  Code  Gb  uart.o [1]
DAmcSensorData::CalculatePressureFromMilliVolt(unsigned char, float)
                         0x800'efc9    0x48  Code  Gb  DAmcSensorData.o [1]
DAmcSensorData::DAmcSensorData()
                         0x800'eddd    0x38  Code  Gb  DAmcSensorData.o [1]
DAmcSensorData::calculateTemperatureFromMilliVolt(unsigned char, float)
                         0x800'f011    0x48  Code  Gb  DAmcSensorData.o [1]
DAmcSensorData::getApplicationVersionString()
                         0x800'ee19     0x4  Code  Gb  DAmcSensorData.o [1]
DAmcSensorData::getBooterVersionString()
                         0x800'ee15     0x4  Code  Gb  DAmcSensorData.o [1]
DAmcSensorData::getCompensatedPressureMeasurement(float, float)
                         0x800'ee65   0x162  Code  Gb  DAmcSensorData.o [1]
DAmcSensorData::getHandleToSensorCalDataMemory()
                         0x800'f061     0x8  Code  Gb  DSensorOwiAmc.o [1]
DAmcSensorData::getHandleToSensorDataMemory()
                         0x800'f05d     0x4  Code  Gb  DSensorOwiAmc.o [1]
DAmcSensorData::getHandleToZeroOffset()
                         0x800'ee1d     0x8  Code  Gb  DAmcSensorData.o [1]
DAmcSensorData::getPressureMeasurement(unsigned int, unsigned int)
                         0x800'ee29    0x38  Code  Gb  DAmcSensorData.o [1]
DCalibration::DCalibration(sCalRange_t *)
                         0x800'f371     0x4  Code  Gb  DCalibration.o [1]
DCalibration::clearAllCal()
                         0x800'f375    0x2a  Code  Gb  DCalibration.o [1]
DCalibration::clearCalData()
                         0x800'f3d1    0x36  Code  Gb  DCalibration.o [1]
DCalibration::clearCalPoints()
                         0x800'f39f    0x32  Code  Gb  DCalibration.o [1]
DChannel::DChannel()     0x800'b8dd    0x1c  Code  Gb  DChannel.o [1]
DChannel::DChannel() [subobject]
                         0x800'b8d1     0xc  Code  Gb  DChannel.o [1]
DChannel::getFunctionValue(unsigned int, float *)
                         0x800'b96d    0x26  Code  Gb  DChannel.o [1]
DChannel::setFunction(eFunction_t, eFunctionDir_t)
                         0x800'b8f9    0x74  Code  Gb  DChannel.o [1]
DChannelAuxiliary::DChannelAuxiliary(unsigned int)
                         0x800'ae5d    0x44  Code  Gb  DChannelAuxiliary.o [1]
DComms::DComms()         0x800'aeb1    0x20  Code  Gb  DComms.o [1]
DComms::DComms() [subobject]
                         0x800'aea5     0xc  Code  Gb  DComms.o [1]
DComms::initialise()     0x800'aef9     0x2  Code  Gb  DComms.o [1]
DComms::runFunction()    0x800'aefb    0x2e  Code  Gb  DComms.o [1]
DComms::start(char *, os_err *)
                         0x800'aed5    0x24  Code  Gb  DComms.o [1]
DCommsFsm::DCommsFsm()   0x800'bd05     0x6  Code  Gb  DCommsFsm.o [1]
DCommsFsm::DCommsFsm() [subobject]
                         0x800'bcf9     0xc  Code  Gb  DCommsFsm.o [1]
DCommsFsm::createStates(DDeviceSerial *)
                         0x800'bd0b     0x2  Code  Gb  DCommsFsm.o [1]
DCommsFsm::run()         0x800'bd0d    0x22  Code  Gb  DCommsFsm.o [1]
DCommsFsmOwi::DCommsFsmOwi()
                         0x800'b095    0x12  Code  Gb  DCommsFsmOwi.o [1]
DCommsFsmOwi::createStates(DDeviceSerial *)
                         0x800'b0ad    0x38  Code  Gb  DCommsFsmOwi.o [1]
DCommsOwi::DCommsOwi(char *, os_err *)
                         0x800'a5d1    0x22  Code  Gb  DCommsOwi.o [1]
DCommsOwi::initialise()
                         0x800'a5f9    0x32  Code  Gb  DCommsOwi.o [1]
DCommsState::DCommsState(DDeviceSerial *)
                         0x800'eb9d    0x34  Code  Gb  DCommsState.o [1]
DCommsState::DCommsState(DDeviceSerial *) [subobject]
                         0x800'eb91     0xc  Code  Gb  DCommsState.o [1]
DCommsState::commsOwnership
                        0x2000'b02e     0x1  Data  Gb  DCommsState.o [1]
DCommsState::currentWriteMaster
                        0x2000'b02f     0x1  Data  Gb  DCommsState.o [1]
DCommsState::externalDevice
                        0x2000'af70    0x10  Data  Gb  DCommsState.o [1]
DCommsState::run()       0x800'ebd9     0x6  Code  Gb  DCommsState.o [1]
DCommsStateOwi::DCommsStateOwi(DDeviceSerial *)
                         0x800'cbc9    0x18  Code  Gb  DCommsStateOwi.o [1]
DCommsStateOwi::DCommsStateOwi(DDeviceSerial *) [subobject]
                         0x800'cbbd     0xc  Code  Gb  DCommsStateOwi.o [1]
DCommsStateOwi::createCommands()
                         0x800'cbe1   0x2b6  Code  Gb  DCommsStateOwi.o [1]
DCommsStateOwi::fnGetBarometerInfo(unsigned char *, unsigned int *)
                         0x800'd4cd     0x6  Code  Gb  DCommsStateOwi.o [1]
DCommsStateOwi::fnGetBarometerInfo(void *, unsigned char *, unsigned int *)
                         0x800'd255    0x28  Code  Gb  DCommsStateOwi.o [1]
DCommsStateOwi::fnGetBatteryParamInfo(unsigned char *, unsigned int *)
                         0x800'd419     0x6  Code  Gb  DCommsStateOwi.o [1]
DCommsStateOwi::fnGetBatteryParamInfo(void *, unsigned char *, unsigned int *)
                         0x800'd1b5    0x28  Code  Gb  DCommsStateOwi.o [1]
DCommsStateOwi::fnGetDateAndTime(unsigned char *, unsigned int *)
                         0x800'd4c1     0x6  Code  Gb  DCommsStateOwi.o [1]
DCommsStateOwi::fnGetDateAndTime(void *, unsigned char *, unsigned int *)
                         0x800'd22d    0x28  Code  Gb  DCommsStateOwi.o [1]
DCommsStateOwi::fnGetDeviceConfiguration(unsigned char *, unsigned int *)
                         0x800'd413     0x6  Code  Gb  DCommsStateOwi.o [1]
DCommsStateOwi::fnGetDeviceConfiguration(void *, unsigned char *, unsigned int *)
                         0x800'd18d    0x28  Code  Gb  DCommsStateOwi.o [1]
DCommsStateOwi::fnGetDeviceStatus(unsigned char *, unsigned int *)
                         0x800'd40d     0x6  Code  Gb  DCommsStateOwi.o [1]
DCommsStateOwi::fnGetDeviceStatus(void *, unsigned char *, unsigned int *)
                         0x800'd165    0x28  Code  Gb  DCommsStateOwi.o [1]
DCommsStateOwi::fnGetErrorNumber(unsigned char *, unsigned int *)
                         0x800'd4df     0x6  Code  Gb  DCommsStateOwi.o [1]
DCommsStateOwi::fnGetErrorNumber(void *, unsigned char *, unsigned int *)
                         0x800'd2cd    0x28  Code  Gb  DCommsStateOwi.o [1]
DCommsStateOwi::fnGetFirmwareUpgradeStatus(unsigned char *, unsigned int *)
                         0x800'd4d9     0x6  Code  Gb  DCommsStateOwi.o [1]
DCommsStateOwi::fnGetFirmwareUpgradeStatus(void *, unsigned char *, unsigned int *)
                         0x800'd2a5    0x28  Code  Gb  DCommsStateOwi.o [1]
DCommsStateOwi::fnGetInputProcessing(unsigned char *, unsigned int *)
                         0x800'd4eb     0x6  Code  Gb  DCommsStateOwi.o [1]
DCommsStateOwi::fnGetInputProcessing(void *, unsigned char *, unsigned int *)
                         0x800'd31d    0x28  Code  Gb  DCommsStateOwi.o [1]
DCommsStateOwi::fnGetMeasurementAndStatus(unsigned char *, unsigned int *)
                         0x800'd41f    0x94  Code  Gb  DCommsStateOwi.o [1]
DCommsStateOwi::fnGetMeasurementAndStatus(void *, unsigned char *, unsigned int *)
                         0x800'd1dd    0x28  Code  Gb  DCommsStateOwi.o [1]
DCommsStateOwi::fnGetOperatingModeAndAccessLevel(unsigned char *, unsigned int *)
                         0x800'd407     0x6  Code  Gb  DCommsStateOwi.o [1]
DCommsStateOwi::fnGetOperatingModeAndAccessLevel(void *, unsigned char *, unsigned int *)
                         0x800'd13d    0x28  Code  Gb  DCommsStateOwi.o [1]
DCommsStateOwi::fnGetPM620SensorInfo(unsigned char *, unsigned int *)
                         0x800'd3e1     0x6  Code  Gb  DCommsStateOwi.o [1]
DCommsStateOwi::fnGetPM620SensorInfo(void *, unsigned char *, unsigned int *)
                         0x800'd0ed    0x28  Code  Gb  DCommsStateOwi.o [1]
DCommsStateOwi::fnGetPressureInfo(unsigned char *, unsigned int *)
                         0x800'd4d3     0x6  Code  Gb  DCommsStateOwi.o [1]
DCommsStateOwi::fnGetPressureInfo(void *, unsigned char *, unsigned int *)
                         0x800'd27d    0x28  Code  Gb  DCommsStateOwi.o [1]
DCommsStateOwi::fnGetServiceLog(unsigned char *, unsigned int *)
                         0x800'd4c7     0x6  Code  Gb  DCommsStateOwi.o [1]
DCommsStateOwi::fnGetServiceLog(void *, unsigned char *, unsigned int *)
                         0x800'd205    0x28  Code  Gb  DCommsStateOwi.o [1]
DCommsStateOwi::fnGetTareValue(unsigned char *, unsigned int *)
                         0x800'd4e5     0x6  Code  Gb  DCommsStateOwi.o [1]
DCommsStateOwi::fnGetTareValue(void *, unsigned char *, unsigned int *)
                         0x800'd2f5    0x28  Code  Gb  DCommsStateOwi.o [1]
DCommsStateOwi::fnGetVersionInfo(unsigned char *, unsigned int *)
                         0x800'd345    0x4a  Code  Gb  DCommsStateOwi.o [1]
DCommsStateOwi::fnGetVersionInfo(void *, unsigned char *, unsigned int *)
                         0x800'd09d    0x28  Code  Gb  DCommsStateOwi.o [1]
DCommsStateOwi::fnSetFunction(unsigned char *, unsigned int *)
                         0x800'd38f    0x52  Code  Gb  DCommsStateOwi.o [1]
DCommsStateOwi::fnSetFunction(void *, unsigned char *, unsigned int *)
                         0x800'd0c5    0x28  Code  Gb  DCommsStateOwi.o [1]
DCommsStateOwi::fnSetOperatingMode(unsigned char *, unsigned int *)
                         0x800'd3e7    0x20  Code  Gb  DCommsStateOwi.o [1]
DCommsStateOwi::fnSetOperatingMode(void *, unsigned char *, unsigned int *)
                         0x800'd115    0x28  Code  Gb  DCommsStateOwi.o [1]
DCommsStateOwi::getCommandType(unsigned char)
                         0x800'd4f1    0x32  Code  Gb  DCommsStateOwi.o [1]
DCommsStateOwi::run()    0x800'ce97     0x6  Code  Gb  DCommsStateOwi.o [1]
DCommsStateOwi::sendAck(unsigned char)
                         0x800'd06d    0x30  Code  Gb  DCommsStateOwi.o [1]
DCommsStateOwi::sendNck()
                         0x800'd043    0x2a  Code  Gb  DCommsStateOwi.o [1]
DCommsStateOwi::waitForCommand(unsigned char **)
                         0x800'ce9d   0x1a6  Code  Gb  DCommsStateOwi.o [1]
DCommsStateOwiRead::DCommsStateOwiRead(DDeviceSerial *)
                         0x800'bd35    0x34  Code  Gb  DCommsStateOwiRead.o [1]
DCommsStateOwiRead::createCommands()
                         0x800'bd69     0xc  Code  Gb  DCommsStateOwiRead.o [1]
DCommsStateOwiRead::run()
                         0x800'bd75    0x68  Code  Gb  DCommsStateOwiRead.o [1]
DCommsStateOwiWrite::DCommsStateOwiWrite(DDeviceSerial *)
                         0x800'bde9    0x16  Code  Gb  DCommsStateOwiWrite.o [1]
DCommsStateOwiWrite::run()
                         0x800'bdff    0x6c  Code  Gb  DCommsStateOwiWrite.o [1]
DDevice::DDevice()       0x800'bc05     0xa  Code  Gb  DDevice.o [1]
DDevice::DDevice() [subobject]
                         0x800'bbed     0xc  Code  Gb  DDevice.o [1]
DDevice::createMutex(char *)
                         0x800'bc17    0x2c  Code  Gb  DDevice.o [1]
DDevice::~DDevice()      0x800'bc15     0x2  Code  Gb  DDevice.o [1]
DDevice::~DDevice() [subobject]
                         0x800'bbf9     0xc  Code  Gb  DDevice.o [1]
DDeviceSerial::DDeviceSerial()
                         0x800'bba9    0x12  Code  Gb  DDeviceSerial.o [1]
DDeviceSerial::DDeviceSerial() [subobject]
                         0x800'bb9d     0xc  Code  Gb  DDeviceSerial.o [1]
DDeviceSerial::clearRxBuffer()
                         0x800'bbc1     0x2  Code  Gb  DDeviceSerial.o [1]
DDeviceSerial::getRcvBufLength(unsigned short *)
                         0x800'bbc7     0x6  Code  Gb  DDeviceSerial.o [1]
DDeviceSerial::getTxBuffer()
                         0x800'bbc3     0x4  Code  Gb  DDeviceSerial.o [1]
DDeviceSerial::getTxBufferSize()
                         0x800'bbcd     0x6  Code  Gb  DDeviceSerial.o [1]
DDeviceSerial::query(unsigned char *, unsigned int, unsigned char **, unsigned int, unsigned int)
                         0x800'bbe3     0xa  Code  Gb  DDeviceSerial.o [1]
DDeviceSerial::read(unsigned char **, unsigned int, unsigned int *, unsigned int)
                         0x800'bbd3     0xa  Code  Gb  DDeviceSerial.o [1]
DDeviceSerial::write(unsigned char *, unsigned int)
                         0x800'bbdd     0x6  Code  Gb  DDeviceSerial.o [1]
DDeviceSerial::~DDeviceSerial()
                         0x800'f363     0xe  Code  Gb  DSensorOwi.o [1]
DDeviceSerialOwiInterface1::DDeviceSerialOwiInterface1()
                         0x800'f1e1    0x52  Code  Gb  DDeviceSerialOwiInterface1.o [1]
DDeviceSerialOwiInterface1::clearRxBuffer()
                         0x800'f23d    0x1c  Code  Gb  DDeviceSerialOwiInterface1.o [1]
DDeviceSerialOwiInterface1::getRcvBufLength(unsigned short *)
                         0x800'f259    0x14  Code  Gb  DDeviceSerialOwiInterface1.o [1]
DDeviceSerialOwiInterface1::query(unsigned char *, unsigned int, unsigned char **, unsigned int, unsigned int)
                         0x800'f301    0x5e  Code  Gb  DDeviceSerialOwiInterface1.o [1]
DDeviceSerialOwiInterface1::read(unsigned char **, unsigned int, unsigned int *, unsigned int)
                         0x800'f26d    0x70  Code  Gb  DDeviceSerialOwiInterface1.o [1]
DDeviceSerialOwiInterface1::write(unsigned char *, unsigned int)
                         0x800'f2dd    0x24  Code  Gb  DDeviceSerialOwiInterface1.o [1]
DDeviceSerialOwiInterface2::DDeviceSerialOwiInterface2()
                         0x800'af29    0x52  Code  Gb  DDeviceSerialOwiInterface2.o [1]
DDeviceSerialOwiInterface2::clearRxBuffer()
                         0x800'af85    0x1c  Code  Gb  DDeviceSerialOwiInterface2.o [1]
DDeviceSerialOwiInterface2::query(unsigned char *, unsigned int, unsigned char **, unsigned int, unsigned int)
                         0x800'b037    0x5e  Code  Gb  DDeviceSerialOwiInterface2.o [1]
DDeviceSerialOwiInterface2::read(unsigned char **, unsigned int, unsigned int *, unsigned int)
                         0x800'afa1    0x72  Code  Gb  DDeviceSerialOwiInterface2.o [1]
DDeviceSerialOwiInterface2::write(unsigned char *, unsigned int)
                         0x800'b013    0x24  Code  Gb  DDeviceSerialOwiInterface2.o [1]
DFunction::DFunction(unsigned int)
                         0x800'db1d    0x58  Code  Gb  DFunction.o [1]
DFunction::DFunction(unsigned int) [subobject]
                         0x800'db11     0xc  Code  Gb  DFunction.o [1]
DFunction::getNegFullscale()
                         0x800'de43    0x2a  Code  Gb  DFunction.o [1]
DFunction::getPosFullscale()
                         0x800'de19    0x2a  Code  Gb  DFunction.o [1]
DFunction::getReading()
                         0x800'ddc5    0x2a  Code  Gb  DFunction.o [1]
DFunction::getResolution()
                         0x800'de6d    0x2a  Code  Gb  DFunction.o [1]
DFunction::getSensorValue(unsigned int, float *)
                         0x800'dc3d    0x40  Code  Gb  DFunction.o [1]
DFunction::getValue(unsigned int, float *)
                         0x800'dd65    0x60  Code  Gb  DFunction.o [1]
DFunction::handleEvents(unsigned int)
                         0x800'dc7d    0xd6  Code  Gb  DFunction.o [1]
DFunction::runFunction()
                         0x800'dbad    0x6e  Code  Gb  DFunction.o [1]
DFunction::runProcessing()
                         0x800'dc1b    0x22  Code  Gb  DFunction.o [1]
DFunction::setReading(float)
                         0x800'ddef    0x2a  Code  Gb  DFunction.o [1]
DFunction::start()       0x800'db75    0x38  Code  Gb  DFunction.o [1]
DFunctionMeasure::DFunctionMeasure(unsigned int)
                         0x800'c6e9    0x22  Code  Gb  DFunctionMeasure.o [1]
DFunctionMeasure::DFunctionMeasure(unsigned int) [subobject]
                         0x800'c6dd     0xc  Code  Gb  DFunctionMeasure.o [1]
DFunctionMeasureBarometer::DFunctionMeasureBarometer(unsigned int)
                         0x800'b9e9    0x26  Code  Gb  DFunctionMeasureBarometer.o [1]
DFunctionMeasureBarometer::createSlots()
                         0x800'ba0f    0x20  Code  Gb  DFunctionMeasureBarometer.o [1]
DFunctionMeasurePressureExt::DFunctionMeasurePressureExt(unsigned int)
                         0x800'b999    0x26  Code  Gb  DFunctionMeasurePressureExt.o [1]
DFunctionMeasurePressureExt::createSlots()
                         0x800'b9bf    0x20  Code  Gb  DFunctionMeasurePressureExt.o [1]
DInstrument::DInstrument(os_err *)
                         0x800'a531    0x24  Code  Gb  DInstrument.o [1]
DInstrument::getReading(eChannel_t, unsigned int, float *)
                         0x800'a595    0x3a  Code  Gb  DInstrument.o [1]
DInstrument::setFunction(eChannel_t, eFunction_t, eFunctionDir_t)
                         0x800'a555    0x40  Code  Gb  DInstrument.o [1]
DLock::DLock(os_mutex *)
                         0x800'bc45    0x5a  Code  Gb  DLock.o [1]
DLock::~DLock()          0x800'bc9f    0x50  Code  Gb  DLock.o [1]
DOwiParse::CalculateAndAppendCheckSum(unsigned char *, unsigned int, unsigned int *)
                         0x800'd789    0x3c  Code  Gb  DOwiParse.o [1]
DOwiParse::DOwiParse(void *, os_err *)
                         0x800'd523    0x22  Code  Gb  DOwiParse.o [1]
DOwiParse::ValidateCheckSum(unsigned char *, unsigned int)
                         0x800'd7c5    0x40  Code  Gb  DOwiParse.o [1]
DOwiParse::addCommand(unsigned char, eOwiArgType_t, eOwiDataFormat_t, eOwiDataFormat_t, sOwiError_t (*)(void *, sOwiParameter_t *), sOwiError_t (*)(void *, unsigned char *, unsigned int *), unsigned int, unsigned int, bool, unsigned int)
                         0x800'd569    0x76  Code  Gb  DOwiParse.o [1]
DOwiParse::asciiHexToData(unsigned char *, unsigned char *, unsigned int)
                         0x800'd86b    0x7e  Code  Gb  DOwiParse.o [1]
DOwiParse::getCalibrationDataArg(unsigned char *, unsigned char *, unsigned int)
                         0x800'da09    0x30  Code  Gb  DOwiParse.o [1]
DOwiParse::getChecksumEnabled()
                         0x800'd565     0x4  Code  Gb  DOwiParse.o [1]
DOwiParse::getCoefficientsArg(unsigned char *, unsigned char *, unsigned int)
                         0x800'd9d9    0x30  Code  Gb  DOwiParse.o [1]
DOwiParse::getHandleToCommandProperties(unsigned char, sOwiCommand_t **)
                         0x800'da39    0x4a  Code  Gb  DOwiParse.o [1]
DOwiParse::getRawCountsArg(sRawAdcCounts *, unsigned char *, unsigned int)
                         0x800'd8e9    0x82  Code  Gb  DOwiParse.o [1]
DOwiParse::getResponseLength(unsigned char, unsigned int *)
                         0x800'd805    0x66  Code  Gb  DOwiParse.o [1]
DOwiParse::getValueArg(float *, unsigned char *, eOwiDataFormat_t, unsigned int)
                         0x800'd96b    0x6e  Code  Gb  DOwiParse.o [1]
DOwiParse::parse(unsigned char, unsigned char *, unsigned int)
                         0x800'd5df   0x15e  Code  Gb  DOwiParse.o [1]
DOwiParse::slaveParse(unsigned char, unsigned char *, unsigned int *)
                         0x800'd73d    0x4c  Code  Gb  DOwiParse.o [1]
DOwiParse::~DOwiParse()
                         0x800'd545    0x20  Code  Gb  DOwiParse.o [1]
DPV624::DPV624()         0x800'9df9    0x36  Code  Gb  DPV624.o [1]
DSensor::DSensor()       0x800'f075    0x76  Code  Gb  DSensor.o [1]
DSensor::DSensor() [subobject]
                         0x800'f069     0xc  Code  Gb  DSensor.o [1]
DSensor::close()         0x800'f0f7     0x6  Code  Gb  DSensor.o [1]
DSensor::getMeasurement(unsigned int)
                         0x800'f15f    0x2c  Code  Gb  DSensor.o [1]
DSensor::getStatusChanges()
                         0x800'f0fd    0x22  Code  Gb  DSensor.o [1]
DSensor::initialise()    0x800'f0f1     0x6  Code  Gb  DSensor.o [1]
DSensor::measure()       0x800'f11f    0x16  Code  Gb  DSensor.o [1]
DSensor::setMeasurement(float)
[...]
USBD_CDC_DataIn          0x800'a401    0x4c  Code  Lc  usbd_cdc.o [1]
USBD_CDC_DataOut         0x800'a44d    0x2a  Code  Lc  usbd_cdc.o [1]
USBD_CDC_DeInit          0x800'a315    0x44  Code  Lc  usbd_cdc.o [1]
USBD_CDC_DeviceQualifierDesc
                        0x2000'2650     0xc  Data  Lc  usbd_cdc.o [1]
USBD_CDC_EP0_RxReady     0x800'a477    0x26  Code  Lc  usbd_cdc.o [1]
USBD_CDC_GetDeviceQualifierDescriptor
                         0x800'a4b5     0x8  Code  Gb  usbd_cdc.o [1]
USBD_CDC_GetFSCfgDesc    0x800'a49d     0x8  Code  Lc  usbd_cdc.o [1]
USBD_CDC_GetHSCfgDesc    0x800'a4a5     0x8  Code  Lc  usbd_cdc.o [1]
USBD_CDC_GetOtherSpeedCfgDesc
                         0x800'a4ad     0x8  Code  Lc  usbd_cdc.o [1]
USBD_CDC_Init            0x800'a285    0x86  Code  Lc  usbd_cdc.o [1]
USBD_CDC_OtherSpeedCfgDesc
                        0x2000'271c    0x44  Data  Gb  usbd_cdc.o [1]
USBD_CDC_ReceivePacket   0x800'a4f7    0x26  Code  Gb  usbd_cdc.o [1]
USBD_CDC_RegisterInterface
                         0x800'a4cd     0xe  Code  Gb  usbd_cdc.o [1]
USBD_CDC_SetRxBuffer     0x800'a4eb     0xc  Code  Gb  usbd_cdc.o [1]
USBD_CDC_SetTxBuffer     0x800'a4db    0x10  Code  Gb  usbd_cdc.o [1]
USBD_CDC_Setup           0x800'a359    0xa8  Code  Lc  usbd_cdc.o [1]
USBD_ClrClassConfig      0x800'a03f     0xa  Code  Gb  usbd_core.o [1]
USBD_CtlContinueRx       0x800'ae2f     0x4  Code  Gb  usbd_ioreq.o [1]
USBD_CtlContinueSendData
                         0x800'ae0b     0x4  Code  Gb  usbd_ioreq.o [1]
USBD_CtlError            0x800'ad9f    0x16  Code  Gb  usbd_ctlreq.o [1]
USBD_CtlPrepareRx        0x800'ae1b    0x14  Code  Gb  usbd_ioreq.o [1]
USBD_CtlReceiveStatus    0x800'ae4d     0xe  Code  Gb  usbd_ioreq.o [1]
USBD_CtlSendData         0x800'adfb    0x10  Code  Gb  usbd_ioreq.o [1]
USBD_CtlSendStatus       0x800'ae3f     0xe  Code  Gb  usbd_ioreq.o [1]
USBD_FS_BOSDesc         0x2000'27a4     0xc  Data  Gb  usbd_desc.o [1]
USBD_FS_ConfigStrDescriptor
                         0x800'f595     0xc  Code  Gb  usbd_desc.o [1]
USBD_FS_DeviceDesc      0x2000'2790    0x14  Data  Gb  usbd_desc.o [1]
USBD_FS_DeviceDescriptor
                         0x800'f539     0x8  Code  Gb  usbd_desc.o [1]
USBD_FS_InterfaceStrDescriptor
                         0x800'f5a9     0xc  Code  Gb  usbd_desc.o [1]
USBD_FS_LangIDStrDescriptor
                         0x800'f541     0x8  Code  Gb  usbd_desc.o [1]
USBD_FS_ManufacturerStrDescriptor
                         0x800'f555     0xa  Code  Gb  usbd_desc.o [1]
USBD_FS_ProductStrDescriptor
                         0x800'f549     0xc  Code  Gb  usbd_desc.o [1]
USBD_FS_SerialStrDescriptor
                         0x800'f569    0x2c  Code  Gb  usbd_desc.o [1]
USBD_FS_USR_BOSDescriptor
                         0x800'f5b5     0x8  Code  Gb  usbd_desc.o [1]
USBD_GetString           0x800'adb5    0x46  Code  Gb  usbd_ctlreq.o [1]
USBD_Init                0x800'9fe9    0x26  Code  Gb  usbd_core.o [1]
USBD_Interface_fops_FS  0x2000'2760    0x10  Data  Gb  usbd_cdc_if.o [1]
USBD_LL_ClearStallEP     0x800'a875    0x1a  Code  Gb  usbd_conf.o [1]
USBD_LL_CloseEP          0x800'a841    0x1a  Code  Gb  usbd_conf.o [1]
USBD_LL_DataInStage      0x800'a11f    0xae  Code  Gb  usbd_core.o [1]
USBD_LL_DataOutStage     0x800'a09d    0x7a  Code  Gb  usbd_core.o [1]
USBD_LL_DevConnected     0x800'a267     0x4  Code  Gb  usbd_core.o [1]
USBD_LL_DevDisconnected
                         0x800'a26b    0x12  Code  Gb  usbd_core.o [1]
USBD_LL_GetRxDataSize    0x800'a8fb     0x8  Code  Gb  usbd_conf.o [1]
USBD_LL_Init             0x800'a7a9    0x5e  Code  Gb  usbd_conf.o [1]
USBD_LL_IsStallEP        0x800'a88f    0x1e  Code  Gb  usbd_conf.o [1]
USBD_LL_IsoINIncomplete
                         0x800'a25f     0x4  Code  Gb  usbd_core.o [1]
USBD_LL_IsoOUTIncomplete
                         0x800'a263     0x4  Code  Gb  usbd_core.o [1]
USBD_LL_OpenEP           0x800'a821    0x20  Code  Gb  usbd_conf.o [1]
USBD_LL_PrepareReceive   0x800'a8e1    0x1a  Code  Gb  usbd_conf.o [1]
USBD_LL_Reset            0x800'a1cd    0x52  Code  Gb  usbd_core.o [1]
USBD_LL_Resume           0x800'a235    0x12  Code  Gb  usbd_core.o [1]
USBD_LL_SOF              0x800'a247    0x18  Code  Gb  usbd_core.o [1]
USBD_LL_SetSpeed         0x800'a21f     0x6  Code  Gb  usbd_core.o [1]
USBD_LL_SetUSBAddress    0x800'a8ad    0x1a  Code  Gb  usbd_conf.o [1]
USBD_LL_SetupStage       0x800'a049    0x54  Code  Gb  usbd_core.o [1]
USBD_LL_StallEP          0x800'a85b    0x1a  Code  Gb  usbd_conf.o [1]
USBD_LL_Start            0x800'a807    0x1a  Code  Gb  usbd_conf.o [1]
USBD_LL_Suspend          0x800'a225    0x10  Code  Gb  usbd_core.o [1]
USBD_LL_Transmit         0x800'a8c7    0x1a  Code  Gb  usbd_conf.o [1]
USBD_LangIDDesc         0x2000'27b0     0x4  Data  Gb  usbd_desc.o [1]
USBD_ParseSetupRequest   0x800'ad75    0x2a  Code  Gb  usbd_ctlreq.o [1]
USBD_RegisterClass       0x800'a00f    0x10  Code  Gb  usbd_core.o [1]
USBD_SetClassConfig      0x800'a029    0x16  Code  Gb  usbd_core.o [1]
USBD_SetConfig::cfgidx  0x2000'b037     0x1  Data  Lc  usbd_ctlreq.o [1]
USBD_Start               0x800'a01f     0xa  Code  Gb  usbd_core.o [1]
USBD_StdDevReq           0x800'a981   0x272  Code  Gb  usbd_ctlreq.o [1]
USBD_StdEPReq            0x800'ac4d   0x11a  Code  Gb  usbd_ctlreq.o [1]
USBD_StdItfReq           0x800'abf9    0x42  Code  Gb  usbd_ctlreq.o [1]
USBD_StrDesc            0x2000'a368   0x200  Data  Gb  usbd_desc.o [1]
USBD_StringSerial       0x2000'27b4    0x1c  Data  Gb  usbd_desc.o [1]
USBD_static_free         0x800'a97d     0x2  Code  Gb  usbd_conf.o [1]
USBD_static_malloc       0x800'a969     0x4  Code  Gb  usbd_conf.o [1]
USBD_static_malloc::mem
                        0x2000'9f48   0x220  Data  Lc  usbd_conf.o [1]
USB_ActivateEndpoint     0x800'c18f    0x5e  Code  Gb  stm32l4xx_ll_usb.o [1]
USB_ActivateSetup        0x800'c5f3    0x18  Code  Gb  stm32l4xx_ll_usb.o [1]
USB_CoreInit             0x800'be7d    0x62  Code  Gb  stm32l4xx_ll_usb.o [1]
USB_CoreReset            0x800'c63f    0x2a  Code  Lc  stm32l4xx_ll_usb.o [1]
USB_DeactivateEndpoint   0x800'c1fd    0x4c  Code  Gb  stm32l4xx_ll_usb.o [1]
USB_DevConnect           0x800'c563     0xe  Code  Gb  stm32l4xx_ll_usb.o [1]
USB_DevDisconnect        0x800'c571     0xc  Code  Gb  stm32l4xx_ll_usb.o [1]
USB_DevInit              0x800'bfe9   0x14a  Code  Gb  stm32l4xx_ll_usb.o [1]
USB_DisableGlobalInt     0x800'bfb5     0x6  Code  Gb  stm32l4xx_ll_usb.o [1]
USB_EP0StartXfer         0x800'c3e1    0xb6  Code  Gb  stm32l4xx_ll_usb.o [1]
USB_EP0_OutStart         0x800'c60b    0x34  Code  Gb  stm32l4xx_ll_usb.o [1]
USB_EPClearStall         0x800'c515    0x32  Code  Gb  stm32l4xx_ll_usb.o [1]
USB_EPSetStall           0x800'c4e5    0x30  Code  Gb  stm32l4xx_ll_usb.o [1]
USB_EPStartXfer          0x800'c2a1   0x140  Code  Gb  stm32l4xx_ll_usb.o [1]
USB_EnableGlobalInt      0x800'bfad     0x8  Code  Gb  stm32l4xx_ll_usb.o [1]
USB_FlushRxFifo          0x800'c151    0x1a  Code  Gb  stm32l4xx_ll_usb.o [1]
USB_FlushTxFifo          0x800'c133    0x1e  Code  Gb  stm32l4xx_ll_usb.o [1]
USB_GetDevSpeed          0x800'c175    0x1a  Code  Gb  stm32l4xx_ll_usb.o [1]
USB_GetMode              0x800'c5eb     0x8  Code  Gb  stm32l4xx_ll_usb.o [1]
USB_ReadDevAllInEpInterrupt
                         0x800'c5a1     0xe  Code  Gb  stm32l4xx_ll_usb.o [1]
USB_ReadDevAllOutEpInterrupt
                         0x800'c593     0xe  Code  Gb  stm32l4xx_ll_usb.o [1]
USB_ReadDevInEPInterrupt
                         0x800'c5c5    0x26  Code  Gb  stm32l4xx_ll_usb.o [1]
USB_ReadDevOutEPInterrupt
                         0x800'c5af    0x16  Code  Gb  stm32l4xx_ll_usb.o [1]
USB_ReadInterrupts       0x800'c589     0xa  Code  Gb  stm32l4xx_ll_usb.o [1]
USB_ReadPacket           0x800'c4c7    0x1e  Code  Gb  stm32l4xx_ll_usb.o [1]
USB_SetCurrentMode       0x800'bfc1    0x28  Code  Gb  stm32l4xx_ll_usb.o [1]
USB_SetDevAddress        0x800'c547    0x16  Code  Gb  stm32l4xx_ll_usb.o [1]
USB_SetDevSpeed          0x800'c16b     0xa  Code  Gb  stm32l4xx_ll_usb.o [1]
USB_SetTurnaroundTime    0x800'bedf    0xce  Code  Gb  stm32l4xx_ll_usb.o [1]
USB_WritePacket          0x800'c4a5    0x22  Code  Gb  stm32l4xx_ll_usb.o [1]
UartHandle              0x2000'9c8c   0x2bc  Data  Lc  uart.o [1]
Virtual function table for DChannel
                         0x800'fb1c    0x90  Data  Gb  DChannel.o [1]
Virtual function table for DChannelAuxiliary
                         0x800'fbac    0x90  Data  Gb  DChannelAuxiliary.o [1]
Virtual function table for DComms
                         0x801'02c0    0x1c  Data  Gb  DComms.o [1]
Virtual function table for DCommsFsm
                         0x801'0388    0x10  Data  Gb  DCommsFsm.o [1]
Virtual function table for DCommsFsmOwi
                         0x801'0398    0x10  Data  Gb  DCommsFsmOwi.o [1]
Virtual function table for DCommsOwi
                         0x801'02dc    0x1c  Data  Gb  DCommsOwi.o [1]
Virtual function table for DCommsState
                         0x801'026c    0x20  Data  Gb  DCommsState.o [1]
Virtual function table for DCommsStateOwi
                         0x800'fd94    0x64  Data  Gb  DCommsStateOwi.o [1]
Virtual function table for DCommsStateOwiRead
                         0x800'fdf8    0x64  Data  Gb  DCommsStateOwiRead.o [1]
Virtual function table for DCommsStateOwiWrite
                         0x800'fe5c    0x64  Data  Gb  DCommsStateOwiWrite.o [1]
Virtual function table for DDevice
                         0x801'034c    0x18  Data  Gb  DDevice.o [1]
Virtual function table for DDeviceSerial
                         0x801'00e0    0x38  Data  Gb  DDeviceSerial.o [1]
Virtual function table for DDeviceSerialOwiInterface1
                         0x801'0118    0x38  Data  Gb  DDeviceSerialOwiInterface1.o [1]
Virtual function table for DDeviceSerialOwiInterface2
                         0x801'0150    0x38  Data  Gb  DDeviceSerialOwiInterface2.o [1]
Virtual function table for DFunction
                         0x800'ffe0    0x40  Data  Gb  DFunction.o [1]
Virtual function table for DFunctionMeasure
                         0x801'0020    0x40  Data  Gb  DFunctionMeasure.o [1]
Virtual function table for DFunctionMeasureBarometer
                         0x801'0060    0x40  Data  Gb  DFunctionMeasureBarometer.o [1]
Virtual function table for DFunctionMeasurePressureExt
                         0x801'00a0    0x40  Data  Gb  DFunctionMeasurePressureExt.o [1]
Virtual function table for DSensor
                         0x800'f9bc    0xb0  Data  Gb  DSensor.o [1]
Virtual function table for DSensorChipBarometer
                         0x800'fa6c    0xb0  Data  Gb  DSensorChipBarometer.o [1]
Virtual function table for DSensorExternal
                         0x800'f8f0    0xcc  Data  Gb  DSensorExternal.o [1]
Virtual function table for DSensorOwi
                         0x800'f644    0xec  Data  Gb  DSensorOwi.o [1]
Virtual function table for DSensorOwiAmc
                         0x800'f730    0xec  Data  Gb  DSensorOwiAmc.o [1]
Virtual function table for DSlot
                         0x801'02f8    0x1c  Data  Gb  DSlot.o [1]
Virtual function table for DSlotExternal
                         0x801'01e0    0x24  Data  Gb  DSlotExternal.o [1]
Virtual function table for DSlotMeasureBarometer
                         0x801'0314    0x1c  Data  Gb  DSlotMeasureBarometer.o [1]
Virtual function table for DSlotMeasurePressureExt
                         0x801'0204    0x24  Data  Gb  DSlotMeasurePressureExt.o [1]
Virtual function table for DTask
                         0x801'0364    0x14  Data  Gb  DTask.o [1]
[local to Application_cpp]::startupTask(void *)
                         0x800'87e9    0x24  Code  Lc  Application.o [1]
__NVIC_SetPriority       0x800'4ee9    0x1a  Code  Lc  stm32l4xx_hal_cortex.o [1]
__aeabi_assert           0x800'8e2d    0x24  Code  Gb  ABIassert.o [6]
__aeabi_ldiv0            0x800'5f21          Code  Gb  I64DivZer.o [5]
__aeabi_memclr4          0x800'5815          Code  Gb  ABImemclr4.o [5]
__aeabi_memcpy           0x800'1f0d          Code  Gb  ABImemcpy.o [5]
__aeabi_memcpy4          0x800'1f2d          Code  Gb  ABImemcpy.o [5]
__aeabi_memcpy8          0x800'1f2d          Code  Gb  ABImemcpy.o [5]
__aeabi_memset           0x800'5f25          Code  Gb  ABImemset.o [5]
__cmain                  0x801'028d          Code  Gb  cmain.o [5]
__data_GetMemChunk       0x800'1ee1    0x2c  Code  Gb  xgetmemchunk.o [2]
__data_GetMemChunk::start
                        0x2000'b018     0x4  Data  Lc  xgetmemchunk.o [2]
__exit                   0x800'1fb5    0x14  Code  Gb  exit.o [6]
__iar_Memset             0x800'5f25          Code  Gb  ABImemset.o [5]
__iar_Memset4_word       0x800'5fe1          Code  Gb  ABImemset48.o [5]
__iar_Memset8_word       0x800'5fe1          Code  Gb  ABImemset48.o [5]
__iar_Memset_word        0x800'5f2d          Code  Gb  ABImemset.o [5]
__iar_data_init3         0x801'01b9    0x28  Code  Gb  data_init.o [5]
__iar_debug_exceptions   0x800'4223     0x1  Data  Gb  unwind_debug.o [6]
__iar_dlfree             0x800'15db   0x51e  Code  Gb  dlmalloc.o [2]
__iar_dlmalloc           0x800'06ed   0xeee  Code  Gb  dlmalloc.o [2]
__iar_dlrealloc          0x800'1e15    0x7e  Code  Gb  dlmalloc.o [2]
__iar_init_vfp           0x801'0229          Code  Gb  fpinit_M.o [4]
__iar_lz77_init_single3
                         0x800'fc3d    0x78  Code  Gb  lz77_init_single.o [5]
__iar_program_start      0x801'03fd          Code  Gb  cstartup_M.o [5]
__iar_small_uldivmod     0x800'49fd          Code  Gb  I64DivMod_small.o [5]
__iar_zero_init3         0x800'1ea7    0x3a  Code  Gb  zero_init3.o [5]
__low_level_init         0x801'02ab     0x4  Code  Gb  low_level_init.o [2]
__vector_table           0x800'0000          Data  Gb  startup_stm32l4r5xx.o [1]
_call_main               0x801'0299          Code  Gb  cmain.o [5]
_exit                    0x801'02b5          Code  Gb  cexit.o [5]
_gm_                    0x2000'a568   0x1d8  Data  Lc  dlmalloc.o [2]
_main                    0x801'02a7          Code  Gb  cmain.o [5]
abort                    0x800'1ea1     0x6  Code  Gb  abort.o [2]
createAppTask            0x800'87a1    0x46  Code  Gb  Application.o [1]
createMemoryPartition    0x800'8489    0x4c  Code  Gb  memory.o [1]
disableSerialPortTxLine
                         0x800'3a45    0x2e  Code  Gb  uart.o [1]
dispose_chunk            0x800'0245   0x4a6  Code  Lc  dlmalloc.o [2]
enableSerialPortTxLine   0x800'3a0d    0x2c  Code  Gb  uart.o [1]
exit                     0x801'02af     0x4  Code  Gb  exit.o [2]
expectedNumOfBytes      0x2000'0024     0xc  Data  Lc  uart.o [1]
free                     0x800'a62b     0x4  Code  Gb  heaptramp0.o [2]
getAvailableUARTxReceivedByteCount
                         0x800'3c77    0x22  Code  Gb  uart.o [1]
getHandleToUARTxRcvBuffer
                         0x800'418d    0x40  Code  Gb  uart.o [1]
hUsbDeviceFS            0x2000'99c8   0x2c4  Data  Gb  usb_device.o [1]
hcrc                    0x2000'ab84    0x24  Data  Gb  main.o [1]
hlptim1                 0x2000'aba8    0x38  Data  Gb  main.o [1]
hpcd_USB_OTG_FS         0x2000'8fa0   0x408  Data  Gb  usbd_conf.o [1]
htim3                   0x2000'ac20    0x40  Data  Gb  main.o [1]
htim5                   0x2000'abe0    0x40  Data  Gb  main.o [1]
i2cInit                  0x800'84d5    0x90  Code  Gb  i2c.o [1]
i2cMutex                0x2000'a7dc    0x58  Data  Lc  i2c.o [1]
i2cReinitialise          0x800'85c9    0x2a  Code  Lc  i2c.o [1]
i2cRxSem                0x2000'a834    0x48  Data  Lc  i2c.o [1]
i2cTxSem                0x2000'a87c    0x48  Data  Lc  i2c.o [1]
i2c_p_err               0x2000'a7d8     0x4  Data  Lc  i2c.o [1]
inIndex                 0x2000'ae9a     0x2  Data  Gb  usbd_cdc_if.o [1]
inRxCount               0x2000'ae96     0x2  Data  Gb  usbd_cdc_if.o [1]
init_mparams             0x800'01d7    0x2c  Code  Lc  dlmalloc.o [2]
init_top                 0x800'0203    0x34  Code  Lc  dlmalloc.o [2]
main                     0x800'7f21   0x34e  Code  Gb  main.o [1]
memBlocks               0x2000'27d0  0x6000  Data  Gb  memory.o [1]
memPartition            0x2000'af24    0x20  Data  Gb  memory.o [1]
memset                   0x800'555d    0x14  Code  Gb  memset.o [5]
mparams                 0x2000'af44    0x18  Data  Lc  dlmalloc.o [2]
operator delete (void *)
                         0x800'f52f     0xa  Code  Gb  delop_0.o [3]
operator delete (void *, unsigned int)
                         0x800'f35f     0x4  Code  Gb  delop4_0.o [3]
operator new (unsigned int)
                         0x800'9dd5    0x24  Code  Gb  newop_0.o [3]
operator new[] (unsigned int)
                         0x800'bb97     0x4  Code  Gb  newaop_0.o [3]
outIndex                0x2000'ae98     0x2  Data  Gb  usbd_cdc_if.o [1]
outRxCount              0x2000'ae94     0x2  Data  Gb  usbd_cdc_if.o [1]
pUserRxBufferFS         0x2000'aea4     0x4  Data  Gb  usbd_cdc_if.o [1]
pUserTxBufferFS         0x2000'aea0     0x4  Data  Gb  usbd_cdc_if.o [1]
p_err                   0x2000'0018     0xc  Data  Lc  uart.o [1]
psvi                    0x2000'b01c     0x2  Data  Gb  DPressureCompensation.o [1]
quadsolve(point_t *, sQuadratic_t &)
                         0x800'f4c1    0x6e  Code  Gb  DPressureCompensation.o [1]
realloc                  0x800'a62f     0x4  Code  Gb  heaptramp0.o [2]
rxReady                 0x2000'0010     0x8  Data  Lc  uart.o [1]
saveBuf                 0x2000'aea8     0x4  Data  Gb  usbd_cdc_if.o [1]
saveLen                 0x2000'aeac     0x4  Data  Gb  usbd_cdc_if.o [1]
segment_holding          0x800'01bd    0x1a  Code  Lc  dlmalloc.o [2]
sendOverUSART2           0x800'3c99    0x42  Code  Gb  uart.o [1]
sendOverUSART3           0x800'3cdb    0x42  Code  Gb  uart.o [1]
sleep                    0x800'9e35    0x1e  Code  Gb  Utilities.o [1]
spam(sSpamCubic_t *, short, float)
                         0x800'f409    0xb2  Code  Gb  DPressureCompensation.o [1]
startupTaskStk          0x2000'87d0   0x7d0  Data  Lc  Application.o [1]
startupTaskTCB          0x2000'ac60    0xbc  Data  Lc  Application.o [1]
std::_NomemoryNothrow()
                         0x800'a52d     0x4  Code  Gb  nomemory.o [3]
std::__iar_New_hand     0x2000'b014     0x4  Data  Gb  new.o [3]
strcpy                   0x800'ebe1          Code  Gb  strcpy.o [5]
try_realloc_chunk        0x800'1afd   0x318  Code  Lc  dlmalloc.o [2]
uart4RxBuffer           0x2000'2468    0x40  Data  Lc  uart.o [1]
uart5RxBuffer           0x2000'24a8    0x40  Data  Lc  uart.o [1]
uartInit                 0x800'3bdf    0x98  Code  Gb  uart.o [1]
uartRcvSemNames         0x2000'0030    0xfc  Data  Lc  uart.o [1]
uartSemRcv              0x2000'259c    0xb4  Data  Lc  uart.o [1]
uartSemSend             0x2000'24e8    0xb4  Data  Lc  uart.o [1]
uartSendSemNames        0x2000'012c    0xfc  Data  Lc  uart.o [1]
usart1RxBuffer          0x2000'0228   0x100  Data  Lc  uart.o [1]
usart2RxBuffer          0x2000'0328  0x2040  Data  Lc  uart.o [1]
usart3RxBuffer          0x2000'2368   0x100  Data  Lc  uart.o [1]
usbSemRcv               0x2000'aeb0    0x24  Data  Gb  usbd_cdc_if.o [1]
uwTick                  0x2000'0000     0x4  Data  Gb  stm32l4xx_hal.o [1]
uwTickFreq              0x2000'0008     0x4  Data  Gb  stm32l4xx_hal.o [1]
uwTickPrio              0x2000'0004     0x4  Data  Gb  stm32l4xx_hal.o [1]
validateConfigParams     0x800'3a75   0x16a  Code  Gb  uart.o [1]
waitToReceiveOverUsart2
                         0x800'3e29    0x16  Code  Gb  uart.o [1]
waitToReceiveOverUsart3
                         0x800'3e49    0x18  Code  Gb  uart.o [1]


[1] = C:\Users\212596572\Box Sync\Projects\Druck\PV624 NPI\Github\DK0499_POC\EWARM\DK0499\Obj
[2] = dl7M_tlf.a
[3] = dlpp7M_tl_fc.a
[4] = m7M_tls.a
[5] = rt7M_tl.a
[6] = shb_l.a

   63'824 bytes of readonly  code memory
    3'580 bytes of readonly  data memory
  114'744 bytes of readwrite data memory

Errors: none
Warnings: none
